SHUTTLE

***************
ENVIRONMENT STATUS
env.current_time=0
OptimizationStatus: OptimizationStatus.IDLE
Vehicles:
Requests:
***************

current_time=0 | event_time=0 | current_event=<vehicle_event_process.VehicleReady object at 0x0000018B88ECB3D0>
process_event: Vehicle Ready process is implemented

***************
ENVIRONMENT STATUS
env.current_time=0
OptimizationStatus: OptimizationStatus.IDLE
Vehicles:
0: status: VehicleStatus.RELEASE, start_time: 1, assigned_requests: []
  --previous_stops:
  --current_stop:
   --(5,5): <class 'vehicle.Stop'>: {stop_type: None, arrival_time: 1, departure_time: 2, passengers_to_board: [], boarding_passengers: [], boarded_passengers: [], passengers_to_alight: [], alighted_passengers: [], location: (5,5), }
  --next_stops:
Requests:
***************

current_time=0 | event_time=0 | current_event=<vehicle_event_process.VehicleReady object at 0x0000018B88ECB190>
process_event: Vehicle Ready process is implemented

***************
ENVIRONMENT STATUS
env.current_time=0
OptimizationStatus: OptimizationStatus.IDLE
Vehicles:
0: status: VehicleStatus.RELEASE, start_time: 1, assigned_requests: []
  --previous_stops:
  --current_stop:
   --(5,5): <class 'vehicle.Stop'>: {stop_type: None, arrival_time: 1, departure_time: 2, passengers_to_board: [], boarding_passengers: [], boarded_passengers: [], passengers_to_alight: [], alighted_passengers: [], location: (5,5), }
  --next_stops:
2: status: VehicleStatus.RELEASE, start_time: 1, assigned_requests: []
  --previous_stops:
  --current_stop:
   --(5,5): <class 'vehicle.Stop'>: {stop_type: None, arrival_time: 1, departure_time: 2, passengers_to_board: [], boarding_passengers: [], boarded_passengers: [], passengers_to_alight: [], alighted_passengers: [], location: (5,5), }
  --next_stops:
Requests:
***************

current_time=0 | event_time=0 | current_event=<vehicle_event_process.VehicleReady object at 0x0000018B88EDB310>
process_event: Vehicle Ready process is implemented

***************
ENVIRONMENT STATUS
env.current_time=0
OptimizationStatus: OptimizationStatus.IDLE
Vehicles:
0: status: VehicleStatus.RELEASE, start_time: 1, assigned_requests: []
  --previous_stops:
  --current_stop:
   --(5,5): <class 'vehicle.Stop'>: {stop_type: None, arrival_time: 1, departure_time: 2, passengers_to_board: [], boarding_passengers: [], boarded_passengers: [], passengers_to_alight: [], alighted_passengers: [], location: (5,5), }
  --next_stops:
2: status: VehicleStatus.RELEASE, start_time: 1, assigned_requests: []
  --previous_stops:
  --current_stop:
   --(5,5): <class 'vehicle.Stop'>: {stop_type: None, arrival_time: 1, departure_time: 2, passengers_to_board: [], boarding_passengers: [], boarded_passengers: [], passengers_to_alight: [], alighted_passengers: [], location: (5,5), }
  --next_stops:
6: status: VehicleStatus.RELEASE, start_time: 4, assigned_requests: []
  --previous_stops:
  --current_stop:
   --(5,5): <class 'vehicle.Stop'>: {stop_type: None, arrival_time: 4, departure_time: 5, passengers_to_board: [], boarding_passengers: [], boarded_passengers: [], passengers_to_alight: [], alighted_passengers: [], location: (5,5), }
  --next_stops:
Requests:
***************

current_time=0 | event_time=0 | current_event=<vehicle_event_process.VehicleReady object at 0x0000018B88EDB160>
process_event: Vehicle Ready process is implemented

***************
ENVIRONMENT STATUS
env.current_time=0
OptimizationStatus: OptimizationStatus.IDLE
Vehicles:
0: status: VehicleStatus.RELEASE, start_time: 1, assigned_requests: []
  --previous_stops:
  --current_stop:
   --(5,5): <class 'vehicle.Stop'>: {stop_type: None, arrival_time: 1, departure_time: 2, passengers_to_board: [], boarding_passengers: [], boarded_passengers: [], passengers_to_alight: [], alighted_passengers: [], location: (5,5), }
  --next_stops:
2: status: VehicleStatus.RELEASE, start_time: 1, assigned_requests: []
  --previous_stops:
  --current_stop:
   --(5,5): <class 'vehicle.Stop'>: {stop_type: None, arrival_time: 1, departure_time: 2, passengers_to_board: [], boarding_passengers: [], boarded_passengers: [], passengers_to_alight: [], alighted_passengers: [], location: (5,5), }
  --next_stops:
6: status: VehicleStatus.RELEASE, start_time: 4, assigned_requests: []
  --previous_stops:
  --current_stop:
   --(5,5): <class 'vehicle.Stop'>: {stop_type: None, arrival_time: 4, departure_time: 5, passengers_to_board: [], boarding_passengers: [], boarded_passengers: [], passengers_to_alight: [], alighted_passengers: [], location: (5,5), }
  --next_stops:
5: status: VehicleStatus.RELEASE, start_time: 3, assigned_requests: []
  --previous_stops:
  --current_stop:
   --(5,5): <class 'vehicle.Stop'>: {stop_type: None, arrival_time: 3, departure_time: 4, passengers_to_board: [], boarding_passengers: [], boarded_passengers: [], passengers_to_alight: [], alighted_passengers: [], location: (5,5), }
  --next_stops:
Requests:
***************

current_time=0 | event_time=0 | current_event=<optimization_event_process.Optimize object at 0x0000018B88EDBA60>

******************
OPTIMIZE (GreedyOptimization):

current_time=0
non_assigned_requests=[]
non_assigned_vehicles=[0, 2, 6, 5]
request_vehicle_pairs_list:
END OPTIMIZE
*******************
process_event: Optimize process is implemented

***************
ENVIRONMENT STATUS
env.current_time=0
OptimizationStatus: OptimizationStatus.OPTIMIZING
Vehicles:
0: status: VehicleStatus.RELEASE, start_time: 1, assigned_requests: []
  --previous_stops:
  --current_stop:
   --(5,5): <class 'vehicle.Stop'>: {stop_type: None, arrival_time: 1, departure_time: 2, passengers_to_board: [], boarding_passengers: [], boarded_passengers: [], passengers_to_alight: [], alighted_passengers: [], location: (5,5), }
  --next_stops:
2: status: VehicleStatus.RELEASE, start_time: 1, assigned_requests: []
  --previous_stops:
  --current_stop:
   --(5,5): <class 'vehicle.Stop'>: {stop_type: None, arrival_time: 1, departure_time: 2, passengers_to_board: [], boarding_passengers: [], boarded_passengers: [], passengers_to_alight: [], alighted_passengers: [], location: (5,5), }
  --next_stops:
6: status: VehicleStatus.RELEASE, start_time: 4, assigned_requests: []
  --previous_stops:
  --current_stop:
   --(5,5): <class 'vehicle.Stop'>: {stop_type: None, arrival_time: 4, departure_time: 5, passengers_to_board: [], boarding_passengers: [], boarded_passengers: [], passengers_to_alight: [], alighted_passengers: [], location: (5,5), }
  --next_stops:
5: status: VehicleStatus.RELEASE, start_time: 3, assigned_requests: []
  --previous_stops:
  --current_stop:
   --(5,5): <class 'vehicle.Stop'>: {stop_type: None, arrival_time: 3, departure_time: 4, passengers_to_board: [], boarding_passengers: [], boarded_passengers: [], passengers_to_alight: [], alighted_passengers: [], location: (5,5), }
  --next_stops:
Requests:
***************

current_time=0 | event_time=0 | current_event=<optimization_event_process.Optimize object at 0x0000018B88EDBF70>

******************
OPTIMIZE (GreedyOptimization):

current_time=0
non_assigned_requests=[]
non_assigned_vehicles=[0, 2, 6, 5]
request_vehicle_pairs_list:
END OPTIMIZE
*******************
process_event: Optimize process is implemented

***************
ENVIRONMENT STATUS
env.current_time=0
OptimizationStatus: OptimizationStatus.OPTIMIZING
Vehicles:
0: status: VehicleStatus.RELEASE, start_time: 1, assigned_requests: []
  --previous_stops:
  --current_stop:
   --(5,5): <class 'vehicle.Stop'>: {stop_type: None, arrival_time: 1, departure_time: 2, passengers_to_board: [], boarding_passengers: [], boarded_passengers: [], passengers_to_alight: [], alighted_passengers: [], location: (5,5), }
  --next_stops:
2: status: VehicleStatus.RELEASE, start_time: 1, assigned_requests: []
  --previous_stops:
  --current_stop:
   --(5,5): <class 'vehicle.Stop'>: {stop_type: None, arrival_time: 1, departure_time: 2, passengers_to_board: [], boarding_passengers: [], boarded_passengers: [], passengers_to_alight: [], alighted_passengers: [], location: (5,5), }
  --next_stops:
6: status: VehicleStatus.RELEASE, start_time: 4, assigned_requests: []
  --previous_stops:
  --current_stop:
   --(5,5): <class 'vehicle.Stop'>: {stop_type: None, arrival_time: 4, departure_time: 5, passengers_to_board: [], boarding_passengers: [], boarded_passengers: [], passengers_to_alight: [], alighted_passengers: [], location: (5,5), }
  --next_stops:
5: status: VehicleStatus.RELEASE, start_time: 3, assigned_requests: []
  --previous_stops:
  --current_stop:
   --(5,5): <class 'vehicle.Stop'>: {stop_type: None, arrival_time: 3, departure_time: 4, passengers_to_board: [], boarding_passengers: [], boarded_passengers: [], passengers_to_alight: [], alighted_passengers: [], location: (5,5), }
  --next_stops:
Requests:
***************

current_time=0 | event_time=0 | current_event=<optimization_event_process.Optimize object at 0x0000018B88EE05E0>

******************
OPTIMIZE (GreedyOptimization):

current_time=0
non_assigned_requests=[]
non_assigned_vehicles=[0, 2, 6, 5]
request_vehicle_pairs_list:
END OPTIMIZE
*******************
process_event: Optimize process is implemented

***************
ENVIRONMENT STATUS
env.current_time=0
OptimizationStatus: OptimizationStatus.OPTIMIZING
Vehicles:
0: status: VehicleStatus.RELEASE, start_time: 1, assigned_requests: []
  --previous_stops:
  --current_stop:
   --(5,5): <class 'vehicle.Stop'>: {stop_type: None, arrival_time: 1, departure_time: 2, passengers_to_board: [], boarding_passengers: [], boarded_passengers: [], passengers_to_alight: [], alighted_passengers: [], location: (5,5), }
  --next_stops:
2: status: VehicleStatus.RELEASE, start_time: 1, assigned_requests: []
  --previous_stops:
  --current_stop:
   --(5,5): <class 'vehicle.Stop'>: {stop_type: None, arrival_time: 1, departure_time: 2, passengers_to_board: [], boarding_passengers: [], boarded_passengers: [], passengers_to_alight: [], alighted_passengers: [], location: (5,5), }
  --next_stops:
6: status: VehicleStatus.RELEASE, start_time: 4, assigned_requests: []
  --previous_stops:
  --current_stop:
   --(5,5): <class 'vehicle.Stop'>: {stop_type: None, arrival_time: 4, departure_time: 5, passengers_to_board: [], boarding_passengers: [], boarded_passengers: [], passengers_to_alight: [], alighted_passengers: [], location: (5,5), }
  --next_stops:
5: status: VehicleStatus.RELEASE, start_time: 3, assigned_requests: []
  --previous_stops:
  --current_stop:
   --(5,5): <class 'vehicle.Stop'>: {stop_type: None, arrival_time: 3, departure_time: 4, passengers_to_board: [], boarding_passengers: [], boarded_passengers: [], passengers_to_alight: [], alighted_passengers: [], location: (5,5), }
  --next_stops:
Requests:
***************

current_time=0 | event_time=0 | current_event=<optimization_event_process.EnvironmentUpdate object at 0x0000018B88EE0CD0>
process_event: Environment Update process is implemented

***************
ENVIRONMENT STATUS
env.current_time=0
OptimizationStatus: OptimizationStatus.IDLE
Vehicles:
0: status: VehicleStatus.RELEASE, start_time: 1, assigned_requests: []
  --previous_stops:
  --current_stop:
   --(5,5): <class 'vehicle.Stop'>: {stop_type: None, arrival_time: 1, departure_time: 2, passengers_to_board: [], boarding_passengers: [], boarded_passengers: [], passengers_to_alight: [], alighted_passengers: [], location: (5,5), }
  --next_stops:
2: status: VehicleStatus.RELEASE, start_time: 1, assigned_requests: []
  --previous_stops:
  --current_stop:
   --(5,5): <class 'vehicle.Stop'>: {stop_type: None, arrival_time: 1, departure_time: 2, passengers_to_board: [], boarding_passengers: [], boarded_passengers: [], passengers_to_alight: [], alighted_passengers: [], location: (5,5), }
  --next_stops:
6: status: VehicleStatus.RELEASE, start_time: 4, assigned_requests: []
  --previous_stops:
  --current_stop:
   --(5,5): <class 'vehicle.Stop'>: {stop_type: None, arrival_time: 4, departure_time: 5, passengers_to_board: [], boarding_passengers: [], boarded_passengers: [], passengers_to_alight: [], alighted_passengers: [], location: (5,5), }
  --next_stops:
5: status: VehicleStatus.RELEASE, start_time: 3, assigned_requests: []
  --previous_stops:
  --current_stop:
   --(5,5): <class 'vehicle.Stop'>: {stop_type: None, arrival_time: 3, departure_time: 4, passengers_to_board: [], boarding_passengers: [], boarded_passengers: [], passengers_to_alight: [], alighted_passengers: [], location: (5,5), }
  --next_stops:
Requests:
***************

current_time=0 | event_time=0 | current_event=<optimization_event_process.EnvironmentUpdate object at 0x0000018B88EDBA90>
process_event: Environment Update process is implemented

***************
ENVIRONMENT STATUS
env.current_time=0
OptimizationStatus: OptimizationStatus.IDLE
Vehicles:
0: status: VehicleStatus.RELEASE, start_time: 1, assigned_requests: []
  --previous_stops:
  --current_stop:
   --(5,5): <class 'vehicle.Stop'>: {stop_type: None, arrival_time: 1, departure_time: 2, passengers_to_board: [], boarding_passengers: [], boarded_passengers: [], passengers_to_alight: [], alighted_passengers: [], location: (5,5), }
  --next_stops:
2: status: VehicleStatus.RELEASE, start_time: 1, assigned_requests: []
  --previous_stops:
  --current_stop:
   --(5,5): <class 'vehicle.Stop'>: {stop_type: None, arrival_time: 1, departure_time: 2, passengers_to_board: [], boarding_passengers: [], boarded_passengers: [], passengers_to_alight: [], alighted_passengers: [], location: (5,5), }
  --next_stops:
6: status: VehicleStatus.RELEASE, start_time: 4, assigned_requests: []
  --previous_stops:
  --current_stop:
   --(5,5): <class 'vehicle.Stop'>: {stop_type: None, arrival_time: 4, departure_time: 5, passengers_to_board: [], boarding_passengers: [], boarded_passengers: [], passengers_to_alight: [], alighted_passengers: [], location: (5,5), }
  --next_stops:
5: status: VehicleStatus.RELEASE, start_time: 3, assigned_requests: []
  --previous_stops:
  --current_stop:
   --(5,5): <class 'vehicle.Stop'>: {stop_type: None, arrival_time: 3, departure_time: 4, passengers_to_board: [], boarding_passengers: [], boarded_passengers: [], passengers_to_alight: [], alighted_passengers: [], location: (5,5), }
  --next_stops:
Requests:
***************

current_time=0 | event_time=0 | current_event=<optimization_event_process.EnvironmentUpdate object at 0x0000018B88EE0400>
process_event: Environment Update process is implemented

***************
ENVIRONMENT STATUS
env.current_time=0
OptimizationStatus: OptimizationStatus.IDLE
Vehicles:
0: status: VehicleStatus.RELEASE, start_time: 1, assigned_requests: []
  --previous_stops:
  --current_stop:
   --(5,5): <class 'vehicle.Stop'>: {stop_type: None, arrival_time: 1, departure_time: 2, passengers_to_board: [], boarding_passengers: [], boarded_passengers: [], passengers_to_alight: [], alighted_passengers: [], location: (5,5), }
  --next_stops:
2: status: VehicleStatus.RELEASE, start_time: 1, assigned_requests: []
  --previous_stops:
  --current_stop:
   --(5,5): <class 'vehicle.Stop'>: {stop_type: None, arrival_time: 1, departure_time: 2, passengers_to_board: [], boarding_passengers: [], boarded_passengers: [], passengers_to_alight: [], alighted_passengers: [], location: (5,5), }
  --next_stops:
6: status: VehicleStatus.RELEASE, start_time: 4, assigned_requests: []
  --previous_stops:
  --current_stop:
   --(5,5): <class 'vehicle.Stop'>: {stop_type: None, arrival_time: 4, departure_time: 5, passengers_to_board: [], boarding_passengers: [], boarded_passengers: [], passengers_to_alight: [], alighted_passengers: [], location: (5,5), }
  --next_stops:
5: status: VehicleStatus.RELEASE, start_time: 3, assigned_requests: []
  --previous_stops:
  --current_stop:
   --(5,5): <class 'vehicle.Stop'>: {stop_type: None, arrival_time: 3, departure_time: 4, passengers_to_board: [], boarding_passengers: [], boarded_passengers: [], passengers_to_alight: [], alighted_passengers: [], location: (5,5), }
  --next_stops:
Requests:
***************

current_time=0 | event_time=0 | current_event=<vehicle_event_process.VehicleReady object at 0x0000018B88ECB7C0>
process_event: Vehicle Ready process is implemented

***************
ENVIRONMENT STATUS
env.current_time=0
OptimizationStatus: OptimizationStatus.IDLE
Vehicles:
0: status: VehicleStatus.RELEASE, start_time: 1, assigned_requests: []
  --previous_stops:
  --current_stop:
   --(5,5): <class 'vehicle.Stop'>: {stop_type: None, arrival_time: 1, departure_time: 2, passengers_to_board: [], boarding_passengers: [], boarded_passengers: [], passengers_to_alight: [], alighted_passengers: [], location: (5,5), }
  --next_stops:
2: status: VehicleStatus.RELEASE, start_time: 1, assigned_requests: []
  --previous_stops:
  --current_stop:
   --(5,5): <class 'vehicle.Stop'>: {stop_type: None, arrival_time: 1, departure_time: 2, passengers_to_board: [], boarding_passengers: [], boarded_passengers: [], passengers_to_alight: [], alighted_passengers: [], location: (5,5), }
  --next_stops:
6: status: VehicleStatus.RELEASE, start_time: 4, assigned_requests: []
  --previous_stops:
  --current_stop:
   --(5,5): <class 'vehicle.Stop'>: {stop_type: None, arrival_time: 4, departure_time: 5, passengers_to_board: [], boarding_passengers: [], boarded_passengers: [], passengers_to_alight: [], alighted_passengers: [], location: (5,5), }
  --next_stops:
5: status: VehicleStatus.RELEASE, start_time: 3, assigned_requests: []
  --previous_stops:
  --current_stop:
   --(5,5): <class 'vehicle.Stop'>: {stop_type: None, arrival_time: 3, departure_time: 4, passengers_to_board: [], boarding_passengers: [], boarded_passengers: [], passengers_to_alight: [], alighted_passengers: [], location: (5,5), }
  --next_stops:
1: status: VehicleStatus.RELEASE, start_time: 3, assigned_requests: []
  --previous_stops:
  --current_stop:
   --(5,5): <class 'vehicle.Stop'>: {stop_type: None, arrival_time: 3, departure_time: 4, passengers_to_board: [], boarding_passengers: [], boarded_passengers: [], passengers_to_alight: [], alighted_passengers: [], location: (5,5), }
  --next_stops:
Requests:
***************

current_time=0 | event_time=0 | current_event=<vehicle_event_process.VehicleReady object at 0x0000018B88ECB220>
process_event: Vehicle Ready process is implemented

***************
ENVIRONMENT STATUS
env.current_time=0
OptimizationStatus: OptimizationStatus.IDLE
Vehicles:
0: status: VehicleStatus.RELEASE, start_time: 1, assigned_requests: []
  --previous_stops:
  --current_stop:
   --(5,5): <class 'vehicle.Stop'>: {stop_type: None, arrival_time: 1, departure_time: 2, passengers_to_board: [], boarding_passengers: [], boarded_passengers: [], passengers_to_alight: [], alighted_passengers: [], location: (5,5), }
  --next_stops:
2: status: VehicleStatus.RELEASE, start_time: 1, assigned_requests: []
  --previous_stops:
  --current_stop:
   --(5,5): <class 'vehicle.Stop'>: {stop_type: None, arrival_time: 1, departure_time: 2, passengers_to_board: [], boarding_passengers: [], boarded_passengers: [], passengers_to_alight: [], alighted_passengers: [], location: (5,5), }
  --next_stops:
6: status: VehicleStatus.RELEASE, start_time: 4, assigned_requests: []
  --previous_stops:
  --current_stop:
   --(5,5): <class 'vehicle.Stop'>: {stop_type: None, arrival_time: 4, departure_time: 5, passengers_to_board: [], boarding_passengers: [], boarded_passengers: [], passengers_to_alight: [], alighted_passengers: [], location: (5,5), }
  --next_stops:
5: status: VehicleStatus.RELEASE, start_time: 3, assigned_requests: []
  --previous_stops:
  --current_stop:
   --(5,5): <class 'vehicle.Stop'>: {stop_type: None, arrival_time: 3, departure_time: 4, passengers_to_board: [], boarding_passengers: [], boarded_passengers: [], passengers_to_alight: [], alighted_passengers: [], location: (5,5), }
  --next_stops:
1: status: VehicleStatus.RELEASE, start_time: 3, assigned_requests: []
  --previous_stops:
  --current_stop:
   --(5,5): <class 'vehicle.Stop'>: {stop_type: None, arrival_time: 3, departure_time: 4, passengers_to_board: [], boarding_passengers: [], boarded_passengers: [], passengers_to_alight: [], alighted_passengers: [], location: (5,5), }
  --next_stops:
4: status: VehicleStatus.RELEASE, start_time: 2, assigned_requests: []
  --previous_stops:
  --current_stop:
   --(5,5): <class 'vehicle.Stop'>: {stop_type: None, arrival_time: 2, departure_time: 3, passengers_to_board: [], boarding_passengers: [], boarded_passengers: [], passengers_to_alight: [], alighted_passengers: [], location: (5,5), }
  --next_stops:
Requests:
***************

current_time=0 | event_time=0 | current_event=<optimization_event_process.Optimize object at 0x0000018B88EF3B20>

******************
OPTIMIZE (GreedyOptimization):

current_time=0
non_assigned_requests=[]
non_assigned_vehicles=[0, 2, 6, 5, 1, 4]
request_vehicle_pairs_list:
END OPTIMIZE
*******************
process_event: Optimize process is implemented

***************
ENVIRONMENT STATUS
env.current_time=0
OptimizationStatus: OptimizationStatus.OPTIMIZING
Vehicles:
0: status: VehicleStatus.RELEASE, start_time: 1, assigned_requests: []
  --previous_stops:
  --current_stop:
   --(5,5): <class 'vehicle.Stop'>: {stop_type: None, arrival_time: 1, departure_time: 2, passengers_to_board: [], boarding_passengers: [], boarded_passengers: [], passengers_to_alight: [], alighted_passengers: [], location: (5,5), }
  --next_stops:
2: status: VehicleStatus.RELEASE, start_time: 1, assigned_requests: []
  --previous_stops:
  --current_stop:
   --(5,5): <class 'vehicle.Stop'>: {stop_type: None, arrival_time: 1, departure_time: 2, passengers_to_board: [], boarding_passengers: [], boarded_passengers: [], passengers_to_alight: [], alighted_passengers: [], location: (5,5), }
  --next_stops:
6: status: VehicleStatus.RELEASE, start_time: 4, assigned_requests: []
  --previous_stops:
  --current_stop:
   --(5,5): <class 'vehicle.Stop'>: {stop_type: None, arrival_time: 4, departure_time: 5, passengers_to_board: [], boarding_passengers: [], boarded_passengers: [], passengers_to_alight: [], alighted_passengers: [], location: (5,5), }
  --next_stops:
5: status: VehicleStatus.RELEASE, start_time: 3, assigned_requests: []
  --previous_stops:
  --current_stop:
   --(5,5): <class 'vehicle.Stop'>: {stop_type: None, arrival_time: 3, departure_time: 4, passengers_to_board: [], boarding_passengers: [], boarded_passengers: [], passengers_to_alight: [], alighted_passengers: [], location: (5,5), }
  --next_stops:
1: status: VehicleStatus.RELEASE, start_time: 3, assigned_requests: []
  --previous_stops:
  --current_stop:
   --(5,5): <class 'vehicle.Stop'>: {stop_type: None, arrival_time: 3, departure_time: 4, passengers_to_board: [], boarding_passengers: [], boarded_passengers: [], passengers_to_alight: [], alighted_passengers: [], location: (5,5), }
  --next_stops:
4: status: VehicleStatus.RELEASE, start_time: 2, assigned_requests: []
  --previous_stops:
  --current_stop:
   --(5,5): <class 'vehicle.Stop'>: {stop_type: None, arrival_time: 2, departure_time: 3, passengers_to_board: [], boarding_passengers: [], boarded_passengers: [], passengers_to_alight: [], alighted_passengers: [], location: (5,5), }
  --next_stops:
Requests:
***************

current_time=0 | event_time=0 | current_event=<optimization_event_process.Optimize object at 0x0000018B88EF3250>

******************
OPTIMIZE (GreedyOptimization):

current_time=0
non_assigned_requests=[]
non_assigned_vehicles=[0, 2, 6, 5, 1, 4]
request_vehicle_pairs_list:
END OPTIMIZE
*******************
process_event: Optimize process is implemented

***************
ENVIRONMENT STATUS
env.current_time=0
OptimizationStatus: OptimizationStatus.OPTIMIZING
Vehicles:
0: status: VehicleStatus.RELEASE, start_time: 1, assigned_requests: []
  --previous_stops:
  --current_stop:
   --(5,5): <class 'vehicle.Stop'>: {stop_type: None, arrival_time: 1, departure_time: 2, passengers_to_board: [], boarding_passengers: [], boarded_passengers: [], passengers_to_alight: [], alighted_passengers: [], location: (5,5), }
  --next_stops:
2: status: VehicleStatus.RELEASE, start_time: 1, assigned_requests: []
  --previous_stops:
  --current_stop:
   --(5,5): <class 'vehicle.Stop'>: {stop_type: None, arrival_time: 1, departure_time: 2, passengers_to_board: [], boarding_passengers: [], boarded_passengers: [], passengers_to_alight: [], alighted_passengers: [], location: (5,5), }
  --next_stops:
6: status: VehicleStatus.RELEASE, start_time: 4, assigned_requests: []
  --previous_stops:
  --current_stop:
   --(5,5): <class 'vehicle.Stop'>: {stop_type: None, arrival_time: 4, departure_time: 5, passengers_to_board: [], boarding_passengers: [], boarded_passengers: [], passengers_to_alight: [], alighted_passengers: [], location: (5,5), }
  --next_stops:
5: status: VehicleStatus.RELEASE, start_time: 3, assigned_requests: []
  --previous_stops:
  --current_stop:
   --(5,5): <class 'vehicle.Stop'>: {stop_type: None, arrival_time: 3, departure_time: 4, passengers_to_board: [], boarding_passengers: [], boarded_passengers: [], passengers_to_alight: [], alighted_passengers: [], location: (5,5), }
  --next_stops:
1: status: VehicleStatus.RELEASE, start_time: 3, assigned_requests: []
  --previous_stops:
  --current_stop:
   --(5,5): <class 'vehicle.Stop'>: {stop_type: None, arrival_time: 3, departure_time: 4, passengers_to_board: [], boarding_passengers: [], boarded_passengers: [], passengers_to_alight: [], alighted_passengers: [], location: (5,5), }
  --next_stops:
4: status: VehicleStatus.RELEASE, start_time: 2, assigned_requests: []
  --previous_stops:
  --current_stop:
   --(5,5): <class 'vehicle.Stop'>: {stop_type: None, arrival_time: 2, departure_time: 3, passengers_to_board: [], boarding_passengers: [], boarded_passengers: [], passengers_to_alight: [], alighted_passengers: [], location: (5,5), }
  --next_stops:
Requests:
***************

current_time=0 | event_time=0 | current_event=<optimization_event_process.EnvironmentUpdate object at 0x0000018B88ECB1C0>
process_event: Environment Update process is implemented

***************
ENVIRONMENT STATUS
env.current_time=0
OptimizationStatus: OptimizationStatus.IDLE
Vehicles:
0: status: VehicleStatus.RELEASE, start_time: 1, assigned_requests: []
  --previous_stops:
  --current_stop:
   --(5,5): <class 'vehicle.Stop'>: {stop_type: None, arrival_time: 1, departure_time: 2, passengers_to_board: [], boarding_passengers: [], boarded_passengers: [], passengers_to_alight: [], alighted_passengers: [], location: (5,5), }
  --next_stops:
2: status: VehicleStatus.RELEASE, start_time: 1, assigned_requests: []
  --previous_stops:
  --current_stop:
   --(5,5): <class 'vehicle.Stop'>: {stop_type: None, arrival_time: 1, departure_time: 2, passengers_to_board: [], boarding_passengers: [], boarded_passengers: [], passengers_to_alight: [], alighted_passengers: [], location: (5,5), }
  --next_stops:
6: status: VehicleStatus.RELEASE, start_time: 4, assigned_requests: []
  --previous_stops:
  --current_stop:
   --(5,5): <class 'vehicle.Stop'>: {stop_type: None, arrival_time: 4, departure_time: 5, passengers_to_board: [], boarding_passengers: [], boarded_passengers: [], passengers_to_alight: [], alighted_passengers: [], location: (5,5), }
  --next_stops:
5: status: VehicleStatus.RELEASE, start_time: 3, assigned_requests: []
  --previous_stops:
  --current_stop:
   --(5,5): <class 'vehicle.Stop'>: {stop_type: None, arrival_time: 3, departure_time: 4, passengers_to_board: [], boarding_passengers: [], boarded_passengers: [], passengers_to_alight: [], alighted_passengers: [], location: (5,5), }
  --next_stops:
1: status: VehicleStatus.RELEASE, start_time: 3, assigned_requests: []
  --previous_stops:
  --current_stop:
   --(5,5): <class 'vehicle.Stop'>: {stop_type: None, arrival_time: 3, departure_time: 4, passengers_to_board: [], boarding_passengers: [], boarded_passengers: [], passengers_to_alight: [], alighted_passengers: [], location: (5,5), }
  --next_stops:
4: status: VehicleStatus.RELEASE, start_time: 2, assigned_requests: []
  --previous_stops:
  --current_stop:
   --(5,5): <class 'vehicle.Stop'>: {stop_type: None, arrival_time: 2, departure_time: 3, passengers_to_board: [], boarding_passengers: [], boarded_passengers: [], passengers_to_alight: [], alighted_passengers: [], location: (5,5), }
  --next_stops:
Requests:
***************

current_time=0 | event_time=0 | current_event=<optimization_event_process.EnvironmentUpdate object at 0x0000018B88EF3820>
process_event: Environment Update process is implemented

***************
ENVIRONMENT STATUS
env.current_time=0
OptimizationStatus: OptimizationStatus.IDLE
Vehicles:
0: status: VehicleStatus.RELEASE, start_time: 1, assigned_requests: []
  --previous_stops:
  --current_stop:
   --(5,5): <class 'vehicle.Stop'>: {stop_type: None, arrival_time: 1, departure_time: 2, passengers_to_board: [], boarding_passengers: [], boarded_passengers: [], passengers_to_alight: [], alighted_passengers: [], location: (5,5), }
  --next_stops:
2: status: VehicleStatus.RELEASE, start_time: 1, assigned_requests: []
  --previous_stops:
  --current_stop:
   --(5,5): <class 'vehicle.Stop'>: {stop_type: None, arrival_time: 1, departure_time: 2, passengers_to_board: [], boarding_passengers: [], boarded_passengers: [], passengers_to_alight: [], alighted_passengers: [], location: (5,5), }
  --next_stops:
6: status: VehicleStatus.RELEASE, start_time: 4, assigned_requests: []
  --previous_stops:
  --current_stop:
   --(5,5): <class 'vehicle.Stop'>: {stop_type: None, arrival_time: 4, departure_time: 5, passengers_to_board: [], boarding_passengers: [], boarded_passengers: [], passengers_to_alight: [], alighted_passengers: [], location: (5,5), }
  --next_stops:
5: status: VehicleStatus.RELEASE, start_time: 3, assigned_requests: []
  --previous_stops:
  --current_stop:
   --(5,5): <class 'vehicle.Stop'>: {stop_type: None, arrival_time: 3, departure_time: 4, passengers_to_board: [], boarding_passengers: [], boarded_passengers: [], passengers_to_alight: [], alighted_passengers: [], location: (5,5), }
  --next_stops:
1: status: VehicleStatus.RELEASE, start_time: 3, assigned_requests: []
  --previous_stops:
  --current_stop:
   --(5,5): <class 'vehicle.Stop'>: {stop_type: None, arrival_time: 3, departure_time: 4, passengers_to_board: [], boarding_passengers: [], boarded_passengers: [], passengers_to_alight: [], alighted_passengers: [], location: (5,5), }
  --next_stops:
4: status: VehicleStatus.RELEASE, start_time: 2, assigned_requests: []
  --previous_stops:
  --current_stop:
   --(5,5): <class 'vehicle.Stop'>: {stop_type: None, arrival_time: 2, departure_time: 3, passengers_to_board: [], boarding_passengers: [], boarded_passengers: [], passengers_to_alight: [], alighted_passengers: [], location: (5,5), }
  --next_stops:
Requests:
***************

current_time=0 | event_time=0 | current_event=<optimization_event_process.Optimize object at 0x0000018B88EDB6D0>

******************
OPTIMIZE (GreedyOptimization):

current_time=0
non_assigned_requests=[]
non_assigned_vehicles=[0, 2, 6, 5, 1, 4]
request_vehicle_pairs_list:
END OPTIMIZE
*******************
process_event: Optimize process is implemented

***************
ENVIRONMENT STATUS
env.current_time=0
OptimizationStatus: OptimizationStatus.OPTIMIZING
Vehicles:
0: status: VehicleStatus.RELEASE, start_time: 1, assigned_requests: []
  --previous_stops:
  --current_stop:
   --(5,5): <class 'vehicle.Stop'>: {stop_type: None, arrival_time: 1, departure_time: 2, passengers_to_board: [], boarding_passengers: [], boarded_passengers: [], passengers_to_alight: [], alighted_passengers: [], location: (5,5), }
  --next_stops:
2: status: VehicleStatus.RELEASE, start_time: 1, assigned_requests: []
  --previous_stops:
  --current_stop:
   --(5,5): <class 'vehicle.Stop'>: {stop_type: None, arrival_time: 1, departure_time: 2, passengers_to_board: [], boarding_passengers: [], boarded_passengers: [], passengers_to_alight: [], alighted_passengers: [], location: (5,5), }
  --next_stops:
6: status: VehicleStatus.RELEASE, start_time: 4, assigned_requests: []
  --previous_stops:
  --current_stop:
   --(5,5): <class 'vehicle.Stop'>: {stop_type: None, arrival_time: 4, departure_time: 5, passengers_to_board: [], boarding_passengers: [], boarded_passengers: [], passengers_to_alight: [], alighted_passengers: [], location: (5,5), }
  --next_stops:
5: status: VehicleStatus.RELEASE, start_time: 3, assigned_requests: []
  --previous_stops:
  --current_stop:
   --(5,5): <class 'vehicle.Stop'>: {stop_type: None, arrival_time: 3, departure_time: 4, passengers_to_board: [], boarding_passengers: [], boarded_passengers: [], passengers_to_alight: [], alighted_passengers: [], location: (5,5), }
  --next_stops:
1: status: VehicleStatus.RELEASE, start_time: 3, assigned_requests: []
  --previous_stops:
  --current_stop:
   --(5,5): <class 'vehicle.Stop'>: {stop_type: None, arrival_time: 3, departure_time: 4, passengers_to_board: [], boarding_passengers: [], boarded_passengers: [], passengers_to_alight: [], alighted_passengers: [], location: (5,5), }
  --next_stops:
4: status: VehicleStatus.RELEASE, start_time: 2, assigned_requests: []
  --previous_stops:
  --current_stop:
   --(5,5): <class 'vehicle.Stop'>: {stop_type: None, arrival_time: 2, departure_time: 3, passengers_to_board: [], boarding_passengers: [], boarded_passengers: [], passengers_to_alight: [], alighted_passengers: [], location: (5,5), }
  --next_stops:
Requests:
***************

current_time=0 | event_time=0 | current_event=<vehicle_event_process.VehicleReady object at 0x0000018B88ECB040>
process_event: Vehicle Ready process is implemented

***************
ENVIRONMENT STATUS
env.current_time=0
OptimizationStatus: OptimizationStatus.OPTIMIZING
Vehicles:
0: status: VehicleStatus.RELEASE, start_time: 1, assigned_requests: []
  --previous_stops:
  --current_stop:
   --(5,5): <class 'vehicle.Stop'>: {stop_type: None, arrival_time: 1, departure_time: 2, passengers_to_board: [], boarding_passengers: [], boarded_passengers: [], passengers_to_alight: [], alighted_passengers: [], location: (5,5), }
  --next_stops:
2: status: VehicleStatus.RELEASE, start_time: 1, assigned_requests: []
  --previous_stops:
  --current_stop:
   --(5,5): <class 'vehicle.Stop'>: {stop_type: None, arrival_time: 1, departure_time: 2, passengers_to_board: [], boarding_passengers: [], boarded_passengers: [], passengers_to_alight: [], alighted_passengers: [], location: (5,5), }
  --next_stops:
6: status: VehicleStatus.RELEASE, start_time: 4, assigned_requests: []
  --previous_stops:
  --current_stop:
   --(5,5): <class 'vehicle.Stop'>: {stop_type: None, arrival_time: 4, departure_time: 5, passengers_to_board: [], boarding_passengers: [], boarded_passengers: [], passengers_to_alight: [], alighted_passengers: [], location: (5,5), }
  --next_stops:
5: status: VehicleStatus.RELEASE, start_time: 3, assigned_requests: []
  --previous_stops:
  --current_stop:
   --(5,5): <class 'vehicle.Stop'>: {stop_type: None, arrival_time: 3, departure_time: 4, passengers_to_board: [], boarding_passengers: [], boarded_passengers: [], passengers_to_alight: [], alighted_passengers: [], location: (5,5), }
  --next_stops:
1: status: VehicleStatus.RELEASE, start_time: 3, assigned_requests: []
  --previous_stops:
  --current_stop:
   --(5,5): <class 'vehicle.Stop'>: {stop_type: None, arrival_time: 3, departure_time: 4, passengers_to_board: [], boarding_passengers: [], boarded_passengers: [], passengers_to_alight: [], alighted_passengers: [], location: (5,5), }
  --next_stops:
4: status: VehicleStatus.RELEASE, start_time: 2, assigned_requests: []
  --previous_stops:
  --current_stop:
   --(5,5): <class 'vehicle.Stop'>: {stop_type: None, arrival_time: 2, departure_time: 3, passengers_to_board: [], boarding_passengers: [], boarded_passengers: [], passengers_to_alight: [], alighted_passengers: [], location: (5,5), }
  --next_stops:
3: status: VehicleStatus.RELEASE, start_time: 2, assigned_requests: []
  --previous_stops:
  --current_stop:
   --(5,5): <class 'vehicle.Stop'>: {stop_type: None, arrival_time: 2, departure_time: 3, passengers_to_board: [], boarding_passengers: [], boarded_passengers: [], passengers_to_alight: [], alighted_passengers: [], location: (5,5), }
  --next_stops:
Requests:
***************

current_time=0 | event_time=0 | current_event=<optimization_event_process.EnvironmentUpdate object at 0x0000018B88EF3B80>
process_event: Environment Update process is implemented

***************
ENVIRONMENT STATUS
env.current_time=0
OptimizationStatus: OptimizationStatus.IDLE
Vehicles:
0: status: VehicleStatus.RELEASE, start_time: 1, assigned_requests: []
  --previous_stops:
  --current_stop:
   --(5,5): <class 'vehicle.Stop'>: {stop_type: None, arrival_time: 1, departure_time: 2, passengers_to_board: [], boarding_passengers: [], boarded_passengers: [], passengers_to_alight: [], alighted_passengers: [], location: (5,5), }
  --next_stops:
2: status: VehicleStatus.RELEASE, start_time: 1, assigned_requests: []
  --previous_stops:
  --current_stop:
   --(5,5): <class 'vehicle.Stop'>: {stop_type: None, arrival_time: 1, departure_time: 2, passengers_to_board: [], boarding_passengers: [], boarded_passengers: [], passengers_to_alight: [], alighted_passengers: [], location: (5,5), }
  --next_stops:
6: status: VehicleStatus.RELEASE, start_time: 4, assigned_requests: []
  --previous_stops:
  --current_stop:
   --(5,5): <class 'vehicle.Stop'>: {stop_type: None, arrival_time: 4, departure_time: 5, passengers_to_board: [], boarding_passengers: [], boarded_passengers: [], passengers_to_alight: [], alighted_passengers: [], location: (5,5), }
  --next_stops:
5: status: VehicleStatus.RELEASE, start_time: 3, assigned_requests: []
  --previous_stops:
  --current_stop:
   --(5,5): <class 'vehicle.Stop'>: {stop_type: None, arrival_time: 3, departure_time: 4, passengers_to_board: [], boarding_passengers: [], boarded_passengers: [], passengers_to_alight: [], alighted_passengers: [], location: (5,5), }
  --next_stops:
1: status: VehicleStatus.RELEASE, start_time: 3, assigned_requests: []
  --previous_stops:
  --current_stop:
   --(5,5): <class 'vehicle.Stop'>: {stop_type: None, arrival_time: 3, departure_time: 4, passengers_to_board: [], boarding_passengers: [], boarded_passengers: [], passengers_to_alight: [], alighted_passengers: [], location: (5,5), }
  --next_stops:
4: status: VehicleStatus.RELEASE, start_time: 2, assigned_requests: []
  --previous_stops:
  --current_stop:
   --(5,5): <class 'vehicle.Stop'>: {stop_type: None, arrival_time: 2, departure_time: 3, passengers_to_board: [], boarding_passengers: [], boarded_passengers: [], passengers_to_alight: [], alighted_passengers: [], location: (5,5), }
  --next_stops:
3: status: VehicleStatus.RELEASE, start_time: 2, assigned_requests: []
  --previous_stops:
  --current_stop:
   --(5,5): <class 'vehicle.Stop'>: {stop_type: None, arrival_time: 2, departure_time: 3, passengers_to_board: [], boarding_passengers: [], boarded_passengers: [], passengers_to_alight: [], alighted_passengers: [], location: (5,5), }
  --next_stops:
Requests:
***************

current_time=0 | event_time=0 | current_event=<optimization_event_process.Optimize object at 0x0000018B88EE0D30>

******************
OPTIMIZE (GreedyOptimization):

current_time=0
non_assigned_requests=[]
non_assigned_vehicles=[0, 2, 6, 5, 1, 4, 3]
request_vehicle_pairs_list:
END OPTIMIZE
*******************
process_event: Optimize process is implemented

***************
ENVIRONMENT STATUS
env.current_time=0
OptimizationStatus: OptimizationStatus.OPTIMIZING
Vehicles:
0: status: VehicleStatus.RELEASE, start_time: 1, assigned_requests: []
  --previous_stops:
  --current_stop:
   --(5,5): <class 'vehicle.Stop'>: {stop_type: None, arrival_time: 1, departure_time: 2, passengers_to_board: [], boarding_passengers: [], boarded_passengers: [], passengers_to_alight: [], alighted_passengers: [], location: (5,5), }
  --next_stops:
2: status: VehicleStatus.RELEASE, start_time: 1, assigned_requests: []
  --previous_stops:
  --current_stop:
   --(5,5): <class 'vehicle.Stop'>: {stop_type: None, arrival_time: 1, departure_time: 2, passengers_to_board: [], boarding_passengers: [], boarded_passengers: [], passengers_to_alight: [], alighted_passengers: [], location: (5,5), }
  --next_stops:
6: status: VehicleStatus.RELEASE, start_time: 4, assigned_requests: []
  --previous_stops:
  --current_stop:
   --(5,5): <class 'vehicle.Stop'>: {stop_type: None, arrival_time: 4, departure_time: 5, passengers_to_board: [], boarding_passengers: [], boarded_passengers: [], passengers_to_alight: [], alighted_passengers: [], location: (5,5), }
  --next_stops:
5: status: VehicleStatus.RELEASE, start_time: 3, assigned_requests: []
  --previous_stops:
  --current_stop:
   --(5,5): <class 'vehicle.Stop'>: {stop_type: None, arrival_time: 3, departure_time: 4, passengers_to_board: [], boarding_passengers: [], boarded_passengers: [], passengers_to_alight: [], alighted_passengers: [], location: (5,5), }
  --next_stops:
1: status: VehicleStatus.RELEASE, start_time: 3, assigned_requests: []
  --previous_stops:
  --current_stop:
   --(5,5): <class 'vehicle.Stop'>: {stop_type: None, arrival_time: 3, departure_time: 4, passengers_to_board: [], boarding_passengers: [], boarded_passengers: [], passengers_to_alight: [], alighted_passengers: [], location: (5,5), }
  --next_stops:
4: status: VehicleStatus.RELEASE, start_time: 2, assigned_requests: []
  --previous_stops:
  --current_stop:
   --(5,5): <class 'vehicle.Stop'>: {stop_type: None, arrival_time: 2, departure_time: 3, passengers_to_board: [], boarding_passengers: [], boarded_passengers: [], passengers_to_alight: [], alighted_passengers: [], location: (5,5), }
  --next_stops:
3: status: VehicleStatus.RELEASE, start_time: 2, assigned_requests: []
  --previous_stops:
  --current_stop:
   --(5,5): <class 'vehicle.Stop'>: {stop_type: None, arrival_time: 2, departure_time: 3, passengers_to_board: [], boarding_passengers: [], boarded_passengers: [], passengers_to_alight: [], alighted_passengers: [], location: (5,5), }
  --next_stops:
Requests:
***************

current_time=0 | event_time=0 | current_event=<vehicle_event_process.VehicleReady object at 0x0000018B88EDB040>
process_event: Vehicle Ready process is implemented

***************
ENVIRONMENT STATUS
env.current_time=0
OptimizationStatus: OptimizationStatus.OPTIMIZING
Vehicles:
0: status: VehicleStatus.RELEASE, start_time: 1, assigned_requests: []
  --previous_stops:
  --current_stop:
   --(5,5): <class 'vehicle.Stop'>: {stop_type: None, arrival_time: 1, departure_time: 2, passengers_to_board: [], boarding_passengers: [], boarded_passengers: [], passengers_to_alight: [], alighted_passengers: [], location: (5,5), }
  --next_stops:
2: status: VehicleStatus.RELEASE, start_time: 1, assigned_requests: []
  --previous_stops:
  --current_stop:
   --(5,5): <class 'vehicle.Stop'>: {stop_type: None, arrival_time: 1, departure_time: 2, passengers_to_board: [], boarding_passengers: [], boarded_passengers: [], passengers_to_alight: [], alighted_passengers: [], location: (5,5), }
  --next_stops:
6: status: VehicleStatus.RELEASE, start_time: 4, assigned_requests: []
  --previous_stops:
  --current_stop:
   --(5,5): <class 'vehicle.Stop'>: {stop_type: None, arrival_time: 4, departure_time: 5, passengers_to_board: [], boarding_passengers: [], boarded_passengers: [], passengers_to_alight: [], alighted_passengers: [], location: (5,5), }
  --next_stops:
5: status: VehicleStatus.RELEASE, start_time: 3, assigned_requests: []
  --previous_stops:
  --current_stop:
   --(5,5): <class 'vehicle.Stop'>: {stop_type: None, arrival_time: 3, departure_time: 4, passengers_to_board: [], boarding_passengers: [], boarded_passengers: [], passengers_to_alight: [], alighted_passengers: [], location: (5,5), }
  --next_stops:
1: status: VehicleStatus.RELEASE, start_time: 3, assigned_requests: []
  --previous_stops:
  --current_stop:
   --(5,5): <class 'vehicle.Stop'>: {stop_type: None, arrival_time: 3, departure_time: 4, passengers_to_board: [], boarding_passengers: [], boarded_passengers: [], passengers_to_alight: [], alighted_passengers: [], location: (5,5), }
  --next_stops:
4: status: VehicleStatus.RELEASE, start_time: 2, assigned_requests: []
  --previous_stops:
  --current_stop:
   --(5,5): <class 'vehicle.Stop'>: {stop_type: None, arrival_time: 2, departure_time: 3, passengers_to_board: [], boarding_passengers: [], boarded_passengers: [], passengers_to_alight: [], alighted_passengers: [], location: (5,5), }
  --next_stops:
3: status: VehicleStatus.RELEASE, start_time: 2, assigned_requests: []
  --previous_stops:
  --current_stop:
   --(5,5): <class 'vehicle.Stop'>: {stop_type: None, arrival_time: 2, departure_time: 3, passengers_to_board: [], boarding_passengers: [], boarded_passengers: [], passengers_to_alight: [], alighted_passengers: [], location: (5,5), }
  --next_stops:
7: status: VehicleStatus.RELEASE, start_time: 7, assigned_requests: []
  --previous_stops:
  --current_stop:
   --(5,5): <class 'vehicle.Stop'>: {stop_type: None, arrival_time: 7, departure_time: 8, passengers_to_board: [], boarding_passengers: [], boarded_passengers: [], passengers_to_alight: [], alighted_passengers: [], location: (5,5), }
  --next_stops:
Requests:
***************

current_time=0 | event_time=0 | current_event=<optimization_event_process.EnvironmentUpdate object at 0x0000018B88EF3BE0>
process_event: Environment Update process is implemented

***************
ENVIRONMENT STATUS
env.current_time=0
OptimizationStatus: OptimizationStatus.IDLE
Vehicles:
0: status: VehicleStatus.RELEASE, start_time: 1, assigned_requests: []
  --previous_stops:
  --current_stop:
   --(5,5): <class 'vehicle.Stop'>: {stop_type: None, arrival_time: 1, departure_time: 2, passengers_to_board: [], boarding_passengers: [], boarded_passengers: [], passengers_to_alight: [], alighted_passengers: [], location: (5,5), }
  --next_stops:
2: status: VehicleStatus.RELEASE, start_time: 1, assigned_requests: []
  --previous_stops:
  --current_stop:
   --(5,5): <class 'vehicle.Stop'>: {stop_type: None, arrival_time: 1, departure_time: 2, passengers_to_board: [], boarding_passengers: [], boarded_passengers: [], passengers_to_alight: [], alighted_passengers: [], location: (5,5), }
  --next_stops:
6: status: VehicleStatus.RELEASE, start_time: 4, assigned_requests: []
  --previous_stops:
  --current_stop:
   --(5,5): <class 'vehicle.Stop'>: {stop_type: None, arrival_time: 4, departure_time: 5, passengers_to_board: [], boarding_passengers: [], boarded_passengers: [], passengers_to_alight: [], alighted_passengers: [], location: (5,5), }
  --next_stops:
5: status: VehicleStatus.RELEASE, start_time: 3, assigned_requests: []
  --previous_stops:
  --current_stop:
   --(5,5): <class 'vehicle.Stop'>: {stop_type: None, arrival_time: 3, departure_time: 4, passengers_to_board: [], boarding_passengers: [], boarded_passengers: [], passengers_to_alight: [], alighted_passengers: [], location: (5,5), }
  --next_stops:
1: status: VehicleStatus.RELEASE, start_time: 3, assigned_requests: []
  --previous_stops:
  --current_stop:
   --(5,5): <class 'vehicle.Stop'>: {stop_type: None, arrival_time: 3, departure_time: 4, passengers_to_board: [], boarding_passengers: [], boarded_passengers: [], passengers_to_alight: [], alighted_passengers: [], location: (5,5), }
  --next_stops:
4: status: VehicleStatus.RELEASE, start_time: 2, assigned_requests: []
  --previous_stops:
  --current_stop:
   --(5,5): <class 'vehicle.Stop'>: {stop_type: None, arrival_time: 2, departure_time: 3, passengers_to_board: [], boarding_passengers: [], boarded_passengers: [], passengers_to_alight: [], alighted_passengers: [], location: (5,5), }
  --next_stops:
3: status: VehicleStatus.RELEASE, start_time: 2, assigned_requests: []
  --previous_stops:
  --current_stop:
   --(5,5): <class 'vehicle.Stop'>: {stop_type: None, arrival_time: 2, departure_time: 3, passengers_to_board: [], boarding_passengers: [], boarded_passengers: [], passengers_to_alight: [], alighted_passengers: [], location: (5,5), }
  --next_stops:
7: status: VehicleStatus.RELEASE, start_time: 7, assigned_requests: []
  --previous_stops:
  --current_stop:
   --(5,5): <class 'vehicle.Stop'>: {stop_type: None, arrival_time: 7, departure_time: 8, passengers_to_board: [], boarding_passengers: [], boarded_passengers: [], passengers_to_alight: [], alighted_passengers: [], location: (5,5), }
  --next_stops:
Requests:
***************

current_time=0 | event_time=0 | current_event=<optimization_event_process.Optimize object at 0x0000018B88EDB2B0>

******************
OPTIMIZE (GreedyOptimization):

current_time=0
non_assigned_requests=[]
non_assigned_vehicles=[0, 2, 6, 5, 1, 4, 3, 7]
request_vehicle_pairs_list:
END OPTIMIZE
*******************
process_event: Optimize process is implemented

***************
ENVIRONMENT STATUS
env.current_time=0
OptimizationStatus: OptimizationStatus.OPTIMIZING
Vehicles:
0: status: VehicleStatus.RELEASE, start_time: 1, assigned_requests: []
  --previous_stops:
  --current_stop:
   --(5,5): <class 'vehicle.Stop'>: {stop_type: None, arrival_time: 1, departure_time: 2, passengers_to_board: [], boarding_passengers: [], boarded_passengers: [], passengers_to_alight: [], alighted_passengers: [], location: (5,5), }
  --next_stops:
2: status: VehicleStatus.RELEASE, start_time: 1, assigned_requests: []
  --previous_stops:
  --current_stop:
   --(5,5): <class 'vehicle.Stop'>: {stop_type: None, arrival_time: 1, departure_time: 2, passengers_to_board: [], boarding_passengers: [], boarded_passengers: [], passengers_to_alight: [], alighted_passengers: [], location: (5,5), }
  --next_stops:
6: status: VehicleStatus.RELEASE, start_time: 4, assigned_requests: []
  --previous_stops:
  --current_stop:
   --(5,5): <class 'vehicle.Stop'>: {stop_type: None, arrival_time: 4, departure_time: 5, passengers_to_board: [], boarding_passengers: [], boarded_passengers: [], passengers_to_alight: [], alighted_passengers: [], location: (5,5), }
  --next_stops:
5: status: VehicleStatus.RELEASE, start_time: 3, assigned_requests: []
  --previous_stops:
  --current_stop:
   --(5,5): <class 'vehicle.Stop'>: {stop_type: None, arrival_time: 3, departure_time: 4, passengers_to_board: [], boarding_passengers: [], boarded_passengers: [], passengers_to_alight: [], alighted_passengers: [], location: (5,5), }
  --next_stops:
1: status: VehicleStatus.RELEASE, start_time: 3, assigned_requests: []
  --previous_stops:
  --current_stop:
   --(5,5): <class 'vehicle.Stop'>: {stop_type: None, arrival_time: 3, departure_time: 4, passengers_to_board: [], boarding_passengers: [], boarded_passengers: [], passengers_to_alight: [], alighted_passengers: [], location: (5,5), }
  --next_stops:
4: status: VehicleStatus.RELEASE, start_time: 2, assigned_requests: []
  --previous_stops:
  --current_stop:
   --(5,5): <class 'vehicle.Stop'>: {stop_type: None, arrival_time: 2, departure_time: 3, passengers_to_board: [], boarding_passengers: [], boarded_passengers: [], passengers_to_alight: [], alighted_passengers: [], location: (5,5), }
  --next_stops:
3: status: VehicleStatus.RELEASE, start_time: 2, assigned_requests: []
  --previous_stops:
  --current_stop:
   --(5,5): <class 'vehicle.Stop'>: {stop_type: None, arrival_time: 2, departure_time: 3, passengers_to_board: [], boarding_passengers: [], boarded_passengers: [], passengers_to_alight: [], alighted_passengers: [], location: (5,5), }
  --next_stops:
7: status: VehicleStatus.RELEASE, start_time: 7, assigned_requests: []
  --previous_stops:
  --current_stop:
   --(5,5): <class 'vehicle.Stop'>: {stop_type: None, arrival_time: 7, departure_time: 8, passengers_to_board: [], boarding_passengers: [], boarded_passengers: [], passengers_to_alight: [], alighted_passengers: [], location: (5,5), }
  --next_stops:
Requests:
***************

current_time=0 | event_time=0 | current_event=<optimization_event_process.EnvironmentUpdate object at 0x0000018B88EE0160>
process_event: Environment Update process is implemented

***************
ENVIRONMENT STATUS
env.current_time=0
OptimizationStatus: OptimizationStatus.IDLE
Vehicles:
0: status: VehicleStatus.RELEASE, start_time: 1, assigned_requests: []
  --previous_stops:
  --current_stop:
   --(5,5): <class 'vehicle.Stop'>: {stop_type: None, arrival_time: 1, departure_time: 2, passengers_to_board: [], boarding_passengers: [], boarded_passengers: [], passengers_to_alight: [], alighted_passengers: [], location: (5,5), }
  --next_stops:
2: status: VehicleStatus.RELEASE, start_time: 1, assigned_requests: []
  --previous_stops:
  --current_stop:
   --(5,5): <class 'vehicle.Stop'>: {stop_type: None, arrival_time: 1, departure_time: 2, passengers_to_board: [], boarding_passengers: [], boarded_passengers: [], passengers_to_alight: [], alighted_passengers: [], location: (5,5), }
  --next_stops:
6: status: VehicleStatus.RELEASE, start_time: 4, assigned_requests: []
  --previous_stops:
  --current_stop:
   --(5,5): <class 'vehicle.Stop'>: {stop_type: None, arrival_time: 4, departure_time: 5, passengers_to_board: [], boarding_passengers: [], boarded_passengers: [], passengers_to_alight: [], alighted_passengers: [], location: (5,5), }
  --next_stops:
5: status: VehicleStatus.RELEASE, start_time: 3, assigned_requests: []
  --previous_stops:
  --current_stop:
   --(5,5): <class 'vehicle.Stop'>: {stop_type: None, arrival_time: 3, departure_time: 4, passengers_to_board: [], boarding_passengers: [], boarded_passengers: [], passengers_to_alight: [], alighted_passengers: [], location: (5,5), }
  --next_stops:
1: status: VehicleStatus.RELEASE, start_time: 3, assigned_requests: []
  --previous_stops:
  --current_stop:
   --(5,5): <class 'vehicle.Stop'>: {stop_type: None, arrival_time: 3, departure_time: 4, passengers_to_board: [], boarding_passengers: [], boarded_passengers: [], passengers_to_alight: [], alighted_passengers: [], location: (5,5), }
  --next_stops:
4: status: VehicleStatus.RELEASE, start_time: 2, assigned_requests: []
  --previous_stops:
  --current_stop:
   --(5,5): <class 'vehicle.Stop'>: {stop_type: None, arrival_time: 2, departure_time: 3, passengers_to_board: [], boarding_passengers: [], boarded_passengers: [], passengers_to_alight: [], alighted_passengers: [], location: (5,5), }
  --next_stops:
3: status: VehicleStatus.RELEASE, start_time: 2, assigned_requests: []
  --previous_stops:
  --current_stop:
   --(5,5): <class 'vehicle.Stop'>: {stop_type: None, arrival_time: 2, departure_time: 3, passengers_to_board: [], boarding_passengers: [], boarded_passengers: [], passengers_to_alight: [], alighted_passengers: [], location: (5,5), }
  --next_stops:
7: status: VehicleStatus.RELEASE, start_time: 7, assigned_requests: []
  --previous_stops:
  --current_stop:
   --(5,5): <class 'vehicle.Stop'>: {stop_type: None, arrival_time: 7, departure_time: 8, passengers_to_board: [], boarding_passengers: [], boarded_passengers: [], passengers_to_alight: [], alighted_passengers: [], location: (5,5), }
  --next_stops:
Requests:
***************

current_time=1 | event_time=1 | current_event=<python.simulator.passenger_event_process.PassengerRelease object at 0x0000018B88EDB370>
process_event: Passenger Release process is implemented

***************
ENVIRONMENT STATUS
env.current_time=1
OptimizationStatus: OptimizationStatus.IDLE
Vehicles:
0: status: VehicleStatus.RELEASE, start_time: 1, assigned_requests: []
  --previous_stops:
  --current_stop:
   --(5,5): <class 'vehicle.Stop'>: {stop_type: None, arrival_time: 1, departure_time: 2, passengers_to_board: [], boarding_passengers: [], boarded_passengers: [], passengers_to_alight: [], alighted_passengers: [], location: (5,5), }
  --next_stops:
2: status: VehicleStatus.RELEASE, start_time: 1, assigned_requests: []
  --previous_stops:
  --current_stop:
   --(5,5): <class 'vehicle.Stop'>: {stop_type: None, arrival_time: 1, departure_time: 2, passengers_to_board: [], boarding_passengers: [], boarded_passengers: [], passengers_to_alight: [], alighted_passengers: [], location: (5,5), }
  --next_stops:
6: status: VehicleStatus.RELEASE, start_time: 4, assigned_requests: []
  --previous_stops:
  --current_stop:
   --(5,5): <class 'vehicle.Stop'>: {stop_type: None, arrival_time: 4, departure_time: 5, passengers_to_board: [], boarding_passengers: [], boarded_passengers: [], passengers_to_alight: [], alighted_passengers: [], location: (5,5), }
  --next_stops:
5: status: VehicleStatus.RELEASE, start_time: 3, assigned_requests: []
  --previous_stops:
  --current_stop:
   --(5,5): <class 'vehicle.Stop'>: {stop_type: None, arrival_time: 3, departure_time: 4, passengers_to_board: [], boarding_passengers: [], boarded_passengers: [], passengers_to_alight: [], alighted_passengers: [], location: (5,5), }
  --next_stops:
1: status: VehicleStatus.RELEASE, start_time: 3, assigned_requests: []
  --previous_stops:
  --current_stop:
   --(5,5): <class 'vehicle.Stop'>: {stop_type: None, arrival_time: 3, departure_time: 4, passengers_to_board: [], boarding_passengers: [], boarded_passengers: [], passengers_to_alight: [], alighted_passengers: [], location: (5,5), }
  --next_stops:
4: status: VehicleStatus.RELEASE, start_time: 2, assigned_requests: []
  --previous_stops:
  --current_stop:
   --(5,5): <class 'vehicle.Stop'>: {stop_type: None, arrival_time: 2, departure_time: 3, passengers_to_board: [], boarding_passengers: [], boarded_passengers: [], passengers_to_alight: [], alighted_passengers: [], location: (5,5), }
  --next_stops:
3: status: VehicleStatus.RELEASE, start_time: 2, assigned_requests: []
  --previous_stops:
  --current_stop:
   --(5,5): <class 'vehicle.Stop'>: {stop_type: None, arrival_time: 2, departure_time: 3, passengers_to_board: [], boarding_passengers: [], boarded_passengers: [], passengers_to_alight: [], alighted_passengers: [], location: (5,5), }
  --next_stops:
7: status: VehicleStatus.RELEASE, start_time: 7, assigned_requests: []
  --previous_stops:
  --current_stop:
   --(5,5): <class 'vehicle.Stop'>: {stop_type: None, arrival_time: 7, departure_time: 8, passengers_to_board: [], boarding_passengers: [], boarded_passengers: [], passengers_to_alight: [], alighted_passengers: [], location: (5,5), }
  --next_stops:
Requests:
PassengersStatus.RELEASE: status: 1, OD: ((5,5),(4.5,8)), release: 1, ready: 2, due: 20, assigned_vehicle: None
***************

current_time=1 | event_time=1 | current_event=<optimization_event_process.Optimize object at 0x0000018B88EE00D0>

******************
OPTIMIZE (GreedyOptimization):

current_time=1
non_assigned_requests=[1]
non_assigned_vehicles=[0, 2, 6, 5, 1, 4, 3, 7]
potential_non_assigned_vehicles=[0, 2, 4, 3, 5, 1, 6, 7]
req.path=['(5,5)', '(4.5,8)']
<class 'vehicle.Vehicle'>: {route: <class 'vehicle.Route'>: {vehicle: 0, status: VehicleStatus.RELEASE, current_stop: <class 'vehicle.Stop'>: {stop_type: None, arrival_time: 1, departure_time: 2, passengers_to_board: [], boarding_passengers: [], boarded_passengers: [], passengers_to_alight: [], alighted_passengers: [], location: (5,5), }, next_stops: [<class 'python.simulator.vehicle.Stop'>: {stop_type: None, arrival_time: 3, departure_time: 4, passengers_to_board: [], boarding_passengers: [], boarded_passengers: [], passengers_to_alight: [], alighted_passengers: [], location: (4.5,8), }, ], previous_stops: [], onboard_requests: [], assigned_requests: [<request.Request object at 0x0000018B88F0EC70>], alighted_requests: [], load: 0, },
id: 0,
start_time: 1,
start_stop: <class 'vehicle.Stop'>: {stop_type: None, arrival_time: 1, departure_time: 2, passengers_to_board: [], boarding_passengers: [], boarded_passengers: [], passengers_to_alight: [], alighted_passengers: [], location: (5,5), },
capacity: 3,
}
assigned_vehicle=0
assigned_requests=[1]
request_vehicle_pairs_list:
---(req_id=1,veh_id=0)
END OPTIMIZE
*******************
process_event: Optimize process is implemented

***************
ENVIRONMENT STATUS
env.current_time=1
OptimizationStatus: OptimizationStatus.OPTIMIZING
Vehicles:
0: status: VehicleStatus.RELEASE, start_time: 1, assigned_requests: []
  --previous_stops:
  --current_stop:
   --(5,5): <class 'vehicle.Stop'>: {stop_type: None, arrival_time: 1, departure_time: 2, passengers_to_board: [], boarding_passengers: [], boarded_passengers: [], passengers_to_alight: [], alighted_passengers: [], location: (5,5), }
  --next_stops:
2: status: VehicleStatus.RELEASE, start_time: 1, assigned_requests: []
  --previous_stops:
  --current_stop:
   --(5,5): <class 'vehicle.Stop'>: {stop_type: None, arrival_time: 1, departure_time: 2, passengers_to_board: [], boarding_passengers: [], boarded_passengers: [], passengers_to_alight: [], alighted_passengers: [], location: (5,5), }
  --next_stops:
6: status: VehicleStatus.RELEASE, start_time: 4, assigned_requests: []
  --previous_stops:
  --current_stop:
   --(5,5): <class 'vehicle.Stop'>: {stop_type: None, arrival_time: 4, departure_time: 5, passengers_to_board: [], boarding_passengers: [], boarded_passengers: [], passengers_to_alight: [], alighted_passengers: [], location: (5,5), }
  --next_stops:
5: status: VehicleStatus.RELEASE, start_time: 3, assigned_requests: []
  --previous_stops:
  --current_stop:
   --(5,5): <class 'vehicle.Stop'>: {stop_type: None, arrival_time: 3, departure_time: 4, passengers_to_board: [], boarding_passengers: [], boarded_passengers: [], passengers_to_alight: [], alighted_passengers: [], location: (5,5), }
  --next_stops:
1: status: VehicleStatus.RELEASE, start_time: 3, assigned_requests: []
  --previous_stops:
  --current_stop:
   --(5,5): <class 'vehicle.Stop'>: {stop_type: None, arrival_time: 3, departure_time: 4, passengers_to_board: [], boarding_passengers: [], boarded_passengers: [], passengers_to_alight: [], alighted_passengers: [], location: (5,5), }
  --next_stops:
4: status: VehicleStatus.RELEASE, start_time: 2, assigned_requests: []
  --previous_stops:
  --current_stop:
   --(5,5): <class 'vehicle.Stop'>: {stop_type: None, arrival_time: 2, departure_time: 3, passengers_to_board: [], boarding_passengers: [], boarded_passengers: [], passengers_to_alight: [], alighted_passengers: [], location: (5,5), }
  --next_stops:
3: status: VehicleStatus.RELEASE, start_time: 2, assigned_requests: []
  --previous_stops:
  --current_stop:
   --(5,5): <class 'vehicle.Stop'>: {stop_type: None, arrival_time: 2, departure_time: 3, passengers_to_board: [], boarding_passengers: [], boarded_passengers: [], passengers_to_alight: [], alighted_passengers: [], location: (5,5), }
  --next_stops:
7: status: VehicleStatus.RELEASE, start_time: 7, assigned_requests: []
  --previous_stops:
  --current_stop:
   --(5,5): <class 'vehicle.Stop'>: {stop_type: None, arrival_time: 7, departure_time: 8, passengers_to_board: [], boarding_passengers: [], boarded_passengers: [], passengers_to_alight: [], alighted_passengers: [], location: (5,5), }
  --next_stops:
Requests:
PassengersStatus.RELEASE: status: 1, OD: ((5,5),(4.5,8)), release: 1, ready: 2, due: 20, assigned_vehicle: None
***************

current_time=1 | event_time=1 | current_event=<optimization_event_process.EnvironmentUpdate object at 0x0000018B88EDB3A0>
process_event: Environment Update process is implemented

***************
ENVIRONMENT STATUS
env.current_time=1
OptimizationStatus: OptimizationStatus.IDLE
Vehicles:
0: status: VehicleStatus.RELEASE, start_time: 1, assigned_requests: []
  --previous_stops:
  --current_stop:
   --(5,5): <class 'vehicle.Stop'>: {stop_type: None, arrival_time: 1, departure_time: 2, passengers_to_board: [], boarding_passengers: [], boarded_passengers: [], passengers_to_alight: [], alighted_passengers: [], location: (5,5), }
  --next_stops:
2: status: VehicleStatus.RELEASE, start_time: 1, assigned_requests: []
  --previous_stops:
  --current_stop:
   --(5,5): <class 'vehicle.Stop'>: {stop_type: None, arrival_time: 1, departure_time: 2, passengers_to_board: [], boarding_passengers: [], boarded_passengers: [], passengers_to_alight: [], alighted_passengers: [], location: (5,5), }
  --next_stops:
6: status: VehicleStatus.RELEASE, start_time: 4, assigned_requests: []
  --previous_stops:
  --current_stop:
   --(5,5): <class 'vehicle.Stop'>: {stop_type: None, arrival_time: 4, departure_time: 5, passengers_to_board: [], boarding_passengers: [], boarded_passengers: [], passengers_to_alight: [], alighted_passengers: [], location: (5,5), }
  --next_stops:
5: status: VehicleStatus.RELEASE, start_time: 3, assigned_requests: []
  --previous_stops:
  --current_stop:
   --(5,5): <class 'vehicle.Stop'>: {stop_type: None, arrival_time: 3, departure_time: 4, passengers_to_board: [], boarding_passengers: [], boarded_passengers: [], passengers_to_alight: [], alighted_passengers: [], location: (5,5), }
  --next_stops:
1: status: VehicleStatus.RELEASE, start_time: 3, assigned_requests: []
  --previous_stops:
  --current_stop:
   --(5,5): <class 'vehicle.Stop'>: {stop_type: None, arrival_time: 3, departure_time: 4, passengers_to_board: [], boarding_passengers: [], boarded_passengers: [], passengers_to_alight: [], alighted_passengers: [], location: (5,5), }
  --next_stops:
4: status: VehicleStatus.RELEASE, start_time: 2, assigned_requests: []
  --previous_stops:
  --current_stop:
   --(5,5): <class 'vehicle.Stop'>: {stop_type: None, arrival_time: 2, departure_time: 3, passengers_to_board: [], boarding_passengers: [], boarded_passengers: [], passengers_to_alight: [], alighted_passengers: [], location: (5,5), }
  --next_stops:
3: status: VehicleStatus.RELEASE, start_time: 2, assigned_requests: []
  --previous_stops:
  --current_stop:
   --(5,5): <class 'vehicle.Stop'>: {stop_type: None, arrival_time: 2, departure_time: 3, passengers_to_board: [], boarding_passengers: [], boarded_passengers: [], passengers_to_alight: [], alighted_passengers: [], location: (5,5), }
  --next_stops:
7: status: VehicleStatus.RELEASE, start_time: 7, assigned_requests: []
  --previous_stops:
  --current_stop:
   --(5,5): <class 'vehicle.Stop'>: {stop_type: None, arrival_time: 7, departure_time: 8, passengers_to_board: [], boarding_passengers: [], boarded_passengers: [], passengers_to_alight: [], alighted_passengers: [], location: (5,5), }
  --next_stops:
Requests:
PassengersStatus.RELEASE: status: 1, OD: ((5,5),(4.5,8)), release: 1, ready: 2, due: 20, assigned_vehicle: None
***************

current_time=1 | event_time=1 | current_event=<passenger_event_process.PassengerAssignment object at 0x0000018B88F02100>
process_event: Passenger Assignment process is implemented

***************
ENVIRONMENT STATUS
env.current_time=1
OptimizationStatus: OptimizationStatus.IDLE
Vehicles:
0: status: VehicleStatus.RELEASE, start_time: 1, assigned_requests: []
  --previous_stops:
  --current_stop:
   --(5,5): <class 'vehicle.Stop'>: {stop_type: None, arrival_time: 1, departure_time: 2, passengers_to_board: [], boarding_passengers: [], boarded_passengers: [], passengers_to_alight: [], alighted_passengers: [], location: (5,5), }
  --next_stops:
2: status: VehicleStatus.RELEASE, start_time: 1, assigned_requests: []
  --previous_stops:
  --current_stop:
   --(5,5): <class 'vehicle.Stop'>: {stop_type: None, arrival_time: 1, departure_time: 2, passengers_to_board: [], boarding_passengers: [], boarded_passengers: [], passengers_to_alight: [], alighted_passengers: [], location: (5,5), }
  --next_stops:
6: status: VehicleStatus.RELEASE, start_time: 4, assigned_requests: []
  --previous_stops:
  --current_stop:
   --(5,5): <class 'vehicle.Stop'>: {stop_type: None, arrival_time: 4, departure_time: 5, passengers_to_board: [], boarding_passengers: [], boarded_passengers: [], passengers_to_alight: [], alighted_passengers: [], location: (5,5), }
  --next_stops:
5: status: VehicleStatus.RELEASE, start_time: 3, assigned_requests: []
  --previous_stops:
  --current_stop:
   --(5,5): <class 'vehicle.Stop'>: {stop_type: None, arrival_time: 3, departure_time: 4, passengers_to_board: [], boarding_passengers: [], boarded_passengers: [], passengers_to_alight: [], alighted_passengers: [], location: (5,5), }
  --next_stops:
1: status: VehicleStatus.RELEASE, start_time: 3, assigned_requests: []
  --previous_stops:
  --current_stop:
   --(5,5): <class 'vehicle.Stop'>: {stop_type: None, arrival_time: 3, departure_time: 4, passengers_to_board: [], boarding_passengers: [], boarded_passengers: [], passengers_to_alight: [], alighted_passengers: [], location: (5,5), }
  --next_stops:
4: status: VehicleStatus.RELEASE, start_time: 2, assigned_requests: []
  --previous_stops:
  --current_stop:
   --(5,5): <class 'vehicle.Stop'>: {stop_type: None, arrival_time: 2, departure_time: 3, passengers_to_board: [], boarding_passengers: [], boarded_passengers: [], passengers_to_alight: [], alighted_passengers: [], location: (5,5), }
  --next_stops:
3: status: VehicleStatus.RELEASE, start_time: 2, assigned_requests: []
  --previous_stops:
  --current_stop:
   --(5,5): <class 'vehicle.Stop'>: {stop_type: None, arrival_time: 2, departure_time: 3, passengers_to_board: [], boarding_passengers: [], boarded_passengers: [], passengers_to_alight: [], alighted_passengers: [], location: (5,5), }
  --next_stops:
7: status: VehicleStatus.RELEASE, start_time: 7, assigned_requests: []
  --previous_stops:
  --current_stop:
   --(5,5): <class 'vehicle.Stop'>: {stop_type: None, arrival_time: 7, departure_time: 8, passengers_to_board: [], boarding_passengers: [], boarded_passengers: [], passengers_to_alight: [], alighted_passengers: [], location: (5,5), }
  --next_stops:
Requests:
PassengersStatus.ASSIGNED: status: 1, OD: ((5,5),(4.5,8)), release: 1, ready: 2, due: 20, assigned_vehicle: 0
***************

current_time=1 | event_time=1 | current_event=<vehicle_event_process.VehicleNotification object at 0x0000018B88F020D0>
process_event: Notify Vehicle process is implemented

***************
ENVIRONMENT STATUS
env.current_time=1
OptimizationStatus: OptimizationStatus.IDLE
Vehicles:
0: status: VehicleStatus.RELEASE, start_time: 1, assigned_requests: [1]
  --previous_stops:
  --current_stop:
   --(5,5): <class 'vehicle.Stop'>: {stop_type: None, arrival_time: 1, departure_time: 2, passengers_to_board: ['1'], boarding_passengers: [], boarded_passengers: [], passengers_to_alight: [], alighted_passengers: [], location: (5,5), }
  --next_stops:
   --(4.5,8): <class 'python.simulator.vehicle.Stop'>: {stop_type: None, arrival_time: 3, departure_time: 4, passengers_to_board: [], boarding_passengers: [], boarded_passengers: [], passengers_to_alight: ['1'], alighted_passengers: [], location: (4.5,8), }
2: status: VehicleStatus.RELEASE, start_time: 1, assigned_requests: []
  --previous_stops:
  --current_stop:
   --(5,5): <class 'vehicle.Stop'>: {stop_type: None, arrival_time: 1, departure_time: 2, passengers_to_board: [], boarding_passengers: [], boarded_passengers: [], passengers_to_alight: [], alighted_passengers: [], location: (5,5), }
  --next_stops:
6: status: VehicleStatus.RELEASE, start_time: 4, assigned_requests: []
  --previous_stops:
  --current_stop:
   --(5,5): <class 'vehicle.Stop'>: {stop_type: None, arrival_time: 4, departure_time: 5, passengers_to_board: [], boarding_passengers: [], boarded_passengers: [], passengers_to_alight: [], alighted_passengers: [], location: (5,5), }
  --next_stops:
5: status: VehicleStatus.RELEASE, start_time: 3, assigned_requests: []
  --previous_stops:
  --current_stop:
   --(5,5): <class 'vehicle.Stop'>: {stop_type: None, arrival_time: 3, departure_time: 4, passengers_to_board: [], boarding_passengers: [], boarded_passengers: [], passengers_to_alight: [], alighted_passengers: [], location: (5,5), }
  --next_stops:
1: status: VehicleStatus.RELEASE, start_time: 3, assigned_requests: []
  --previous_stops:
  --current_stop:
   --(5,5): <class 'vehicle.Stop'>: {stop_type: None, arrival_time: 3, departure_time: 4, passengers_to_board: [], boarding_passengers: [], boarded_passengers: [], passengers_to_alight: [], alighted_passengers: [], location: (5,5), }
  --next_stops:
4: status: VehicleStatus.RELEASE, start_time: 2, assigned_requests: []
  --previous_stops:
  --current_stop:
   --(5,5): <class 'vehicle.Stop'>: {stop_type: None, arrival_time: 2, departure_time: 3, passengers_to_board: [], boarding_passengers: [], boarded_passengers: [], passengers_to_alight: [], alighted_passengers: [], location: (5,5), }
  --next_stops:
3: status: VehicleStatus.RELEASE, start_time: 2, assigned_requests: []
  --previous_stops:
  --current_stop:
   --(5,5): <class 'vehicle.Stop'>: {stop_type: None, arrival_time: 2, departure_time: 3, passengers_to_board: [], boarding_passengers: [], boarded_passengers: [], passengers_to_alight: [], alighted_passengers: [], location: (5,5), }
  --next_stops:
7: status: VehicleStatus.RELEASE, start_time: 7, assigned_requests: []
  --previous_stops:
  --current_stop:
   --(5,5): <class 'vehicle.Stop'>: {stop_type: None, arrival_time: 7, departure_time: 8, passengers_to_board: [], boarding_passengers: [], boarded_passengers: [], passengers_to_alight: [], alighted_passengers: [], location: (5,5), }
  --next_stops:
Requests:
PassengersStatus.ASSIGNED: status: 1, OD: ((5,5),(4.5,8)), release: 1, ready: 2, due: 20, assigned_vehicle: 0
***************

current_time=2 | event_time=2 | current_event=<passenger_event_process.PassengerReady object at 0x0000018B88F06F10>
process_event: Passenger Ready process is implemented

***************
ENVIRONMENT STATUS
env.current_time=2
OptimizationStatus: OptimizationStatus.IDLE
Vehicles:
0: status: VehicleStatus.RELEASE, start_time: 1, assigned_requests: [1]
  --previous_stops:
  --current_stop:
   --(5,5): <class 'vehicle.Stop'>: {stop_type: None, arrival_time: 1, departure_time: 2, passengers_to_board: ['1'], boarding_passengers: [], boarded_passengers: [], passengers_to_alight: [], alighted_passengers: [], location: (5,5), }
  --next_stops:
   --(4.5,8): <class 'python.simulator.vehicle.Stop'>: {stop_type: None, arrival_time: 3, departure_time: 4, passengers_to_board: [], boarding_passengers: [], boarded_passengers: [], passengers_to_alight: ['1'], alighted_passengers: [], location: (4.5,8), }
2: status: VehicleStatus.RELEASE, start_time: 1, assigned_requests: []
  --previous_stops:
  --current_stop:
   --(5,5): <class 'vehicle.Stop'>: {stop_type: None, arrival_time: 1, departure_time: 2, passengers_to_board: [], boarding_passengers: [], boarded_passengers: [], passengers_to_alight: [], alighted_passengers: [], location: (5,5), }
  --next_stops:
6: status: VehicleStatus.RELEASE, start_time: 4, assigned_requests: []
  --previous_stops:
  --current_stop:
   --(5,5): <class 'vehicle.Stop'>: {stop_type: None, arrival_time: 4, departure_time: 5, passengers_to_board: [], boarding_passengers: [], boarded_passengers: [], passengers_to_alight: [], alighted_passengers: [], location: (5,5), }
  --next_stops:
5: status: VehicleStatus.RELEASE, start_time: 3, assigned_requests: []
  --previous_stops:
  --current_stop:
   --(5,5): <class 'vehicle.Stop'>: {stop_type: None, arrival_time: 3, departure_time: 4, passengers_to_board: [], boarding_passengers: [], boarded_passengers: [], passengers_to_alight: [], alighted_passengers: [], location: (5,5), }
  --next_stops:
1: status: VehicleStatus.RELEASE, start_time: 3, assigned_requests: []
  --previous_stops:
  --current_stop:
   --(5,5): <class 'vehicle.Stop'>: {stop_type: None, arrival_time: 3, departure_time: 4, passengers_to_board: [], boarding_passengers: [], boarded_passengers: [], passengers_to_alight: [], alighted_passengers: [], location: (5,5), }
  --next_stops:
4: status: VehicleStatus.RELEASE, start_time: 2, assigned_requests: []
  --previous_stops:
  --current_stop:
   --(5,5): <class 'vehicle.Stop'>: {stop_type: None, arrival_time: 2, departure_time: 3, passengers_to_board: [], boarding_passengers: [], boarded_passengers: [], passengers_to_alight: [], alighted_passengers: [], location: (5,5), }
  --next_stops:
3: status: VehicleStatus.RELEASE, start_time: 2, assigned_requests: []
  --previous_stops:
  --current_stop:
   --(5,5): <class 'vehicle.Stop'>: {stop_type: None, arrival_time: 2, departure_time: 3, passengers_to_board: [], boarding_passengers: [], boarded_passengers: [], passengers_to_alight: [], alighted_passengers: [], location: (5,5), }
  --next_stops:
7: status: VehicleStatus.RELEASE, start_time: 7, assigned_requests: []
  --previous_stops:
  --current_stop:
   --(5,5): <class 'vehicle.Stop'>: {stop_type: None, arrival_time: 7, departure_time: 8, passengers_to_board: [], boarding_passengers: [], boarded_passengers: [], passengers_to_alight: [], alighted_passengers: [], location: (5,5), }
  --next_stops:
Requests:
PassengersStatus.READY: status: 1, OD: ((5,5),(4.5,8)), release: 1, ready: 2, due: 20, assigned_vehicle: 0
***************

current_time=2 | event_time=2 | current_event=<vehicle_event_process.VehicleBoarding object at 0x0000018B88EDBAC0>
process_event: Vehicle Boarding process is implemented

***************
ENVIRONMENT STATUS
env.current_time=2
OptimizationStatus: OptimizationStatus.IDLE
Vehicles:
0: status: VehicleStatus.RELEASE, start_time: 1, assigned_requests: [1]
  --previous_stops:
  --current_stop:
   --(5,5): <class 'vehicle.Stop'>: {stop_type: None, arrival_time: 1, departure_time: 2, passengers_to_board: ['1'], boarding_passengers: [], boarded_passengers: [], passengers_to_alight: [], alighted_passengers: [], location: (5,5), }
  --next_stops:
   --(4.5,8): <class 'python.simulator.vehicle.Stop'>: {stop_type: None, arrival_time: 3, departure_time: 4, passengers_to_board: [], boarding_passengers: [], boarded_passengers: [], passengers_to_alight: ['1'], alighted_passengers: [], location: (4.5,8), }
2: status: VehicleStatus.COMPLETE, start_time: 1, assigned_requests: []
  --previous_stops:
  --current_stop:
   --(5,5): <class 'vehicle.Stop'>: {stop_type: None, arrival_time: 1, departure_time: 2, passengers_to_board: [], boarding_passengers: [], boarded_passengers: [], passengers_to_alight: [], alighted_passengers: [], location: (5,5), }
  --next_stops:
6: status: VehicleStatus.RELEASE, start_time: 4, assigned_requests: []
  --previous_stops:
  --current_stop:
   --(5,5): <class 'vehicle.Stop'>: {stop_type: None, arrival_time: 4, departure_time: 5, passengers_to_board: [], boarding_passengers: [], boarded_passengers: [], passengers_to_alight: [], alighted_passengers: [], location: (5,5), }
  --next_stops:
5: status: VehicleStatus.RELEASE, start_time: 3, assigned_requests: []
  --previous_stops:
  --current_stop:
   --(5,5): <class 'vehicle.Stop'>: {stop_type: None, arrival_time: 3, departure_time: 4, passengers_to_board: [], boarding_passengers: [], boarded_passengers: [], passengers_to_alight: [], alighted_passengers: [], location: (5,5), }
  --next_stops:
1: status: VehicleStatus.RELEASE, start_time: 3, assigned_requests: []
  --previous_stops:
  --current_stop:
   --(5,5): <class 'vehicle.Stop'>: {stop_type: None, arrival_time: 3, departure_time: 4, passengers_to_board: [], boarding_passengers: [], boarded_passengers: [], passengers_to_alight: [], alighted_passengers: [], location: (5,5), }
  --next_stops:
4: status: VehicleStatus.RELEASE, start_time: 2, assigned_requests: []
  --previous_stops:
  --current_stop:
   --(5,5): <class 'vehicle.Stop'>: {stop_type: None, arrival_time: 2, departure_time: 3, passengers_to_board: [], boarding_passengers: [], boarded_passengers: [], passengers_to_alight: [], alighted_passengers: [], location: (5,5), }
  --next_stops:
3: status: VehicleStatus.RELEASE, start_time: 2, assigned_requests: []
  --previous_stops:
  --current_stop:
   --(5,5): <class 'vehicle.Stop'>: {stop_type: None, arrival_time: 2, departure_time: 3, passengers_to_board: [], boarding_passengers: [], boarded_passengers: [], passengers_to_alight: [], alighted_passengers: [], location: (5,5), }
  --next_stops:
7: status: VehicleStatus.RELEASE, start_time: 7, assigned_requests: []
  --previous_stops:
  --current_stop:
   --(5,5): <class 'vehicle.Stop'>: {stop_type: None, arrival_time: 7, departure_time: 8, passengers_to_board: [], boarding_passengers: [], boarded_passengers: [], passengers_to_alight: [], alighted_passengers: [], location: (5,5), }
  --next_stops:
Requests:
PassengersStatus.READY: status: 1, OD: ((5,5),(4.5,8)), release: 1, ready: 2, due: 20, assigned_vehicle: 0
***************

current_time=2 | event_time=2 | current_event=<vehicle_event_process.VehicleBoarding object at 0x0000018B88EDB700>
process_event: Vehicle Boarding process is implemented

***************
ENVIRONMENT STATUS
env.current_time=2
OptimizationStatus: OptimizationStatus.IDLE
Vehicles:
0: status: VehicleStatus.BOARDING, start_time: 1, assigned_requests: [1]
  --previous_stops:
  --current_stop:
   --(5,5): <class 'vehicle.Stop'>: {stop_type: None, arrival_time: 1, departure_time: 2, passengers_to_board: [], boarding_passengers: ['1'], boarded_passengers: [], passengers_to_alight: [], alighted_passengers: [], location: (5,5), }
  --next_stops:
   --(4.5,8): <class 'python.simulator.vehicle.Stop'>: {stop_type: None, arrival_time: 3, departure_time: 4, passengers_to_board: [], boarding_passengers: [], boarded_passengers: [], passengers_to_alight: ['1'], alighted_passengers: [], location: (4.5,8), }
2: status: VehicleStatus.COMPLETE, start_time: 1, assigned_requests: []
  --previous_stops:
  --current_stop:
   --(5,5): <class 'vehicle.Stop'>: {stop_type: None, arrival_time: 1, departure_time: 2, passengers_to_board: [], boarding_passengers: [], boarded_passengers: [], passengers_to_alight: [], alighted_passengers: [], location: (5,5), }
  --next_stops:
6: status: VehicleStatus.RELEASE, start_time: 4, assigned_requests: []
  --previous_stops:
  --current_stop:
   --(5,5): <class 'vehicle.Stop'>: {stop_type: None, arrival_time: 4, departure_time: 5, passengers_to_board: [], boarding_passengers: [], boarded_passengers: [], passengers_to_alight: [], alighted_passengers: [], location: (5,5), }
  --next_stops:
5: status: VehicleStatus.RELEASE, start_time: 3, assigned_requests: []
  --previous_stops:
  --current_stop:
   --(5,5): <class 'vehicle.Stop'>: {stop_type: None, arrival_time: 3, departure_time: 4, passengers_to_board: [], boarding_passengers: [], boarded_passengers: [], passengers_to_alight: [], alighted_passengers: [], location: (5,5), }
  --next_stops:
1: status: VehicleStatus.RELEASE, start_time: 3, assigned_requests: []
  --previous_stops:
  --current_stop:
   --(5,5): <class 'vehicle.Stop'>: {stop_type: None, arrival_time: 3, departure_time: 4, passengers_to_board: [], boarding_passengers: [], boarded_passengers: [], passengers_to_alight: [], alighted_passengers: [], location: (5,5), }
  --next_stops:
4: status: VehicleStatus.RELEASE, start_time: 2, assigned_requests: []
  --previous_stops:
  --current_stop:
   --(5,5): <class 'vehicle.Stop'>: {stop_type: None, arrival_time: 2, departure_time: 3, passengers_to_board: [], boarding_passengers: [], boarded_passengers: [], passengers_to_alight: [], alighted_passengers: [], location: (5,5), }
  --next_stops:
3: status: VehicleStatus.RELEASE, start_time: 2, assigned_requests: []
  --previous_stops:
  --current_stop:
   --(5,5): <class 'vehicle.Stop'>: {stop_type: None, arrival_time: 2, departure_time: 3, passengers_to_board: [], boarding_passengers: [], boarded_passengers: [], passengers_to_alight: [], alighted_passengers: [], location: (5,5), }
  --next_stops:
7: status: VehicleStatus.RELEASE, start_time: 7, assigned_requests: []
  --previous_stops:
  --current_stop:
   --(5,5): <class 'vehicle.Stop'>: {stop_type: None, arrival_time: 7, departure_time: 8, passengers_to_board: [], boarding_passengers: [], boarded_passengers: [], passengers_to_alight: [], alighted_passengers: [], location: (5,5), }
  --next_stops:
Requests:
PassengersStatus.READY: status: 1, OD: ((5,5),(4.5,8)), release: 1, ready: 2, due: 20, assigned_vehicle: 0
***************

current_time=2 | event_time=2 | current_event=<python.simulator.passenger_event_process.PassengerToBoard object at 0x0000018B88F02100>
process_event: Passenger To Board process is implemented

***************
ENVIRONMENT STATUS
env.current_time=2
OptimizationStatus: OptimizationStatus.IDLE
Vehicles:
0: status: VehicleStatus.BOARDING, start_time: 1, assigned_requests: [1]
  --previous_stops:
  --current_stop:
   --(5,5): <class 'vehicle.Stop'>: {stop_type: None, arrival_time: 1, departure_time: 2, passengers_to_board: [], boarding_passengers: ['1'], boarded_passengers: [], passengers_to_alight: [], alighted_passengers: [], location: (5,5), }
  --next_stops:
   --(4.5,8): <class 'python.simulator.vehicle.Stop'>: {stop_type: None, arrival_time: 3, departure_time: 4, passengers_to_board: [], boarding_passengers: [], boarded_passengers: [], passengers_to_alight: ['1'], alighted_passengers: [], location: (4.5,8), }
2: status: VehicleStatus.COMPLETE, start_time: 1, assigned_requests: []
  --previous_stops:
  --current_stop:
   --(5,5): <class 'vehicle.Stop'>: {stop_type: None, arrival_time: 1, departure_time: 2, passengers_to_board: [], boarding_passengers: [], boarded_passengers: [], passengers_to_alight: [], alighted_passengers: [], location: (5,5), }
  --next_stops:
6: status: VehicleStatus.RELEASE, start_time: 4, assigned_requests: []
  --previous_stops:
  --current_stop:
   --(5,5): <class 'vehicle.Stop'>: {stop_type: None, arrival_time: 4, departure_time: 5, passengers_to_board: [], boarding_passengers: [], boarded_passengers: [], passengers_to_alight: [], alighted_passengers: [], location: (5,5), }
  --next_stops:
5: status: VehicleStatus.RELEASE, start_time: 3, assigned_requests: []
  --previous_stops:
  --current_stop:
   --(5,5): <class 'vehicle.Stop'>: {stop_type: None, arrival_time: 3, departure_time: 4, passengers_to_board: [], boarding_passengers: [], boarded_passengers: [], passengers_to_alight: [], alighted_passengers: [], location: (5,5), }
  --next_stops:
1: status: VehicleStatus.RELEASE, start_time: 3, assigned_requests: []
  --previous_stops:
  --current_stop:
   --(5,5): <class 'vehicle.Stop'>: {stop_type: None, arrival_time: 3, departure_time: 4, passengers_to_board: [], boarding_passengers: [], boarded_passengers: [], passengers_to_alight: [], alighted_passengers: [], location: (5,5), }
  --next_stops:
4: status: VehicleStatus.RELEASE, start_time: 2, assigned_requests: []
  --previous_stops:
  --current_stop:
   --(5,5): <class 'vehicle.Stop'>: {stop_type: None, arrival_time: 2, departure_time: 3, passengers_to_board: [], boarding_passengers: [], boarded_passengers: [], passengers_to_alight: [], alighted_passengers: [], location: (5,5), }
  --next_stops:
3: status: VehicleStatus.RELEASE, start_time: 2, assigned_requests: []
  --previous_stops:
  --current_stop:
   --(5,5): <class 'vehicle.Stop'>: {stop_type: None, arrival_time: 2, departure_time: 3, passengers_to_board: [], boarding_passengers: [], boarded_passengers: [], passengers_to_alight: [], alighted_passengers: [], location: (5,5), }
  --next_stops:
7: status: VehicleStatus.RELEASE, start_time: 7, assigned_requests: []
  --previous_stops:
  --current_stop:
   --(5,5): <class 'vehicle.Stop'>: {stop_type: None, arrival_time: 7, departure_time: 8, passengers_to_board: [], boarding_passengers: [], boarded_passengers: [], passengers_to_alight: [], alighted_passengers: [], location: (5,5), }
  --next_stops:
Requests:
PassengersStatus.ONBOARD: status: 1, OD: ((5,5),(4.5,8)), release: 1, ready: 2, due: 20, assigned_vehicle: 0
***************

current_time=2 | event_time=2 | current_event=<python.simulator.vehicle_event_process.VehicleBoarded object at 0x0000018B88EFDFD0>
process_event: Vehicle Boarded process is implemented

***************
ENVIRONMENT STATUS
env.current_time=2
OptimizationStatus: OptimizationStatus.IDLE
Vehicles:
0: status: VehicleStatus.BOARDING, start_time: 1, assigned_requests: [1]
  --previous_stops:
  --current_stop:
   --(5,5): <class 'vehicle.Stop'>: {stop_type: None, arrival_time: 1, departure_time: 2, passengers_to_board: [], boarding_passengers: [], boarded_passengers: ['1'], passengers_to_alight: [], alighted_passengers: [], location: (5,5), }
  --next_stops:
   --(4.5,8): <class 'python.simulator.vehicle.Stop'>: {stop_type: None, arrival_time: 3, departure_time: 4, passengers_to_board: [], boarding_passengers: [], boarded_passengers: [], passengers_to_alight: ['1'], alighted_passengers: [], location: (4.5,8), }
2: status: VehicleStatus.COMPLETE, start_time: 1, assigned_requests: []
  --previous_stops:
  --current_stop:
   --(5,5): <class 'vehicle.Stop'>: {stop_type: None, arrival_time: 1, departure_time: 2, passengers_to_board: [], boarding_passengers: [], boarded_passengers: [], passengers_to_alight: [], alighted_passengers: [], location: (5,5), }
  --next_stops:
6: status: VehicleStatus.RELEASE, start_time: 4, assigned_requests: []
  --previous_stops:
  --current_stop:
   --(5,5): <class 'vehicle.Stop'>: {stop_type: None, arrival_time: 4, departure_time: 5, passengers_to_board: [], boarding_passengers: [], boarded_passengers: [], passengers_to_alight: [], alighted_passengers: [], location: (5,5), }
  --next_stops:
5: status: VehicleStatus.RELEASE, start_time: 3, assigned_requests: []
  --previous_stops:
  --current_stop:
   --(5,5): <class 'vehicle.Stop'>: {stop_type: None, arrival_time: 3, departure_time: 4, passengers_to_board: [], boarding_passengers: [], boarded_passengers: [], passengers_to_alight: [], alighted_passengers: [], location: (5,5), }
  --next_stops:
1: status: VehicleStatus.RELEASE, start_time: 3, assigned_requests: []
  --previous_stops:
  --current_stop:
   --(5,5): <class 'vehicle.Stop'>: {stop_type: None, arrival_time: 3, departure_time: 4, passengers_to_board: [], boarding_passengers: [], boarded_passengers: [], passengers_to_alight: [], alighted_passengers: [], location: (5,5), }
  --next_stops:
4: status: VehicleStatus.RELEASE, start_time: 2, assigned_requests: []
  --previous_stops:
  --current_stop:
   --(5,5): <class 'vehicle.Stop'>: {stop_type: None, arrival_time: 2, departure_time: 3, passengers_to_board: [], boarding_passengers: [], boarded_passengers: [], passengers_to_alight: [], alighted_passengers: [], location: (5,5), }
  --next_stops:
3: status: VehicleStatus.RELEASE, start_time: 2, assigned_requests: []
  --previous_stops:
  --current_stop:
   --(5,5): <class 'vehicle.Stop'>: {stop_type: None, arrival_time: 2, departure_time: 3, passengers_to_board: [], boarding_passengers: [], boarded_passengers: [], passengers_to_alight: [], alighted_passengers: [], location: (5,5), }
  --next_stops:
7: status: VehicleStatus.RELEASE, start_time: 7, assigned_requests: []
  --previous_stops:
  --current_stop:
   --(5,5): <class 'vehicle.Stop'>: {stop_type: None, arrival_time: 7, departure_time: 8, passengers_to_board: [], boarding_passengers: [], boarded_passengers: [], passengers_to_alight: [], alighted_passengers: [], location: (5,5), }
  --next_stops:
Requests:
PassengersStatus.ONBOARD: status: 1, OD: ((5,5),(4.5,8)), release: 1, ready: 2, due: 20, assigned_vehicle: 0
***************

current_time=2 | event_time=2 | current_event=<python.simulator.vehicle_event_process.VehicleDeparture object at 0x0000018B88EDBE50>
process_event: Vehicle Departure process is implemented

***************
ENVIRONMENT STATUS
env.current_time=2
OptimizationStatus: OptimizationStatus.IDLE
Vehicles:
0: status: VehicleStatus.ENROUTE, start_time: 1, assigned_requests: [1]
  --previous_stops:
   --(5,5): <class 'vehicle.Stop'>: {stop_type: None, arrival_time: 1, departure_time: 2, passengers_to_board: [], boarding_passengers: [], boarded_passengers: ['1'], passengers_to_alight: [], alighted_passengers: [], location: (5,5), }
  --current_stop:
   --None
  --next_stops:
   --(4.5,8): <class 'python.simulator.vehicle.Stop'>: {stop_type: None, arrival_time: 3, departure_time: 4, passengers_to_board: [], boarding_passengers: [], boarded_passengers: [], passengers_to_alight: ['1'], alighted_passengers: [], location: (4.5,8), }
2: status: VehicleStatus.COMPLETE, start_time: 1, assigned_requests: []
  --previous_stops:
  --current_stop:
   --(5,5): <class 'vehicle.Stop'>: {stop_type: None, arrival_time: 1, departure_time: 2, passengers_to_board: [], boarding_passengers: [], boarded_passengers: [], passengers_to_alight: [], alighted_passengers: [], location: (5,5), }
  --next_stops:
6: status: VehicleStatus.RELEASE, start_time: 4, assigned_requests: []
  --previous_stops:
  --current_stop:
   --(5,5): <class 'vehicle.Stop'>: {stop_type: None, arrival_time: 4, departure_time: 5, passengers_to_board: [], boarding_passengers: [], boarded_passengers: [], passengers_to_alight: [], alighted_passengers: [], location: (5,5), }
  --next_stops:
5: status: VehicleStatus.RELEASE, start_time: 3, assigned_requests: []
  --previous_stops:
  --current_stop:
   --(5,5): <class 'vehicle.Stop'>: {stop_type: None, arrival_time: 3, departure_time: 4, passengers_to_board: [], boarding_passengers: [], boarded_passengers: [], passengers_to_alight: [], alighted_passengers: [], location: (5,5), }
  --next_stops:
1: status: VehicleStatus.RELEASE, start_time: 3, assigned_requests: []
  --previous_stops:
  --current_stop:
   --(5,5): <class 'vehicle.Stop'>: {stop_type: None, arrival_time: 3, departure_time: 4, passengers_to_board: [], boarding_passengers: [], boarded_passengers: [], passengers_to_alight: [], alighted_passengers: [], location: (5,5), }
  --next_stops:
4: status: VehicleStatus.RELEASE, start_time: 2, assigned_requests: []
  --previous_stops:
  --current_stop:
   --(5,5): <class 'vehicle.Stop'>: {stop_type: None, arrival_time: 2, departure_time: 3, passengers_to_board: [], boarding_passengers: [], boarded_passengers: [], passengers_to_alight: [], alighted_passengers: [], location: (5,5), }
  --next_stops:
3: status: VehicleStatus.RELEASE, start_time: 2, assigned_requests: []
  --previous_stops:
  --current_stop:
   --(5,5): <class 'vehicle.Stop'>: {stop_type: None, arrival_time: 2, departure_time: 3, passengers_to_board: [], boarding_passengers: [], boarded_passengers: [], passengers_to_alight: [], alighted_passengers: [], location: (5,5), }
  --next_stops:
7: status: VehicleStatus.RELEASE, start_time: 7, assigned_requests: []
  --previous_stops:
  --current_stop:
   --(5,5): <class 'vehicle.Stop'>: {stop_type: None, arrival_time: 7, departure_time: 8, passengers_to_board: [], boarding_passengers: [], boarded_passengers: [], passengers_to_alight: [], alighted_passengers: [], location: (5,5), }
  --next_stops:
Requests:
PassengersStatus.ONBOARD: status: 1, OD: ((5,5),(4.5,8)), release: 1, ready: 2, due: 20, assigned_vehicle: 0
***************

current_time=3 | event_time=3 | current_event=<python.simulator.passenger_event_process.PassengerRelease object at 0x0000018B88EDB460>
process_event: Passenger Release process is implemented

***************
ENVIRONMENT STATUS
env.current_time=3
OptimizationStatus: OptimizationStatus.IDLE
Vehicles:
0: status: VehicleStatus.ENROUTE, start_time: 1, assigned_requests: [1]
  --previous_stops:
   --(5,5): <class 'vehicle.Stop'>: {stop_type: None, arrival_time: 1, departure_time: 2, passengers_to_board: [], boarding_passengers: [], boarded_passengers: ['1'], passengers_to_alight: [], alighted_passengers: [], location: (5,5), }
  --current_stop:
   --None
  --next_stops:
   --(4.5,8): <class 'python.simulator.vehicle.Stop'>: {stop_type: None, arrival_time: 3, departure_time: 4, passengers_to_board: [], boarding_passengers: [], boarded_passengers: [], passengers_to_alight: ['1'], alighted_passengers: [], location: (4.5,8), }
2: status: VehicleStatus.COMPLETE, start_time: 1, assigned_requests: []
  --previous_stops:
  --current_stop:
   --(5,5): <class 'vehicle.Stop'>: {stop_type: None, arrival_time: 1, departure_time: 2, passengers_to_board: [], boarding_passengers: [], boarded_passengers: [], passengers_to_alight: [], alighted_passengers: [], location: (5,5), }
  --next_stops:
6: status: VehicleStatus.RELEASE, start_time: 4, assigned_requests: []
  --previous_stops:
  --current_stop:
   --(5,5): <class 'vehicle.Stop'>: {stop_type: None, arrival_time: 4, departure_time: 5, passengers_to_board: [], boarding_passengers: [], boarded_passengers: [], passengers_to_alight: [], alighted_passengers: [], location: (5,5), }
  --next_stops:
5: status: VehicleStatus.RELEASE, start_time: 3, assigned_requests: []
  --previous_stops:
  --current_stop:
   --(5,5): <class 'vehicle.Stop'>: {stop_type: None, arrival_time: 3, departure_time: 4, passengers_to_board: [], boarding_passengers: [], boarded_passengers: [], passengers_to_alight: [], alighted_passengers: [], location: (5,5), }
  --next_stops:
1: status: VehicleStatus.RELEASE, start_time: 3, assigned_requests: []
  --previous_stops:
  --current_stop:
   --(5,5): <class 'vehicle.Stop'>: {stop_type: None, arrival_time: 3, departure_time: 4, passengers_to_board: [], boarding_passengers: [], boarded_passengers: [], passengers_to_alight: [], alighted_passengers: [], location: (5,5), }
  --next_stops:
4: status: VehicleStatus.RELEASE, start_time: 2, assigned_requests: []
  --previous_stops:
  --current_stop:
   --(5,5): <class 'vehicle.Stop'>: {stop_type: None, arrival_time: 2, departure_time: 3, passengers_to_board: [], boarding_passengers: [], boarded_passengers: [], passengers_to_alight: [], alighted_passengers: [], location: (5,5), }
  --next_stops:
3: status: VehicleStatus.RELEASE, start_time: 2, assigned_requests: []
  --previous_stops:
  --current_stop:
   --(5,5): <class 'vehicle.Stop'>: {stop_type: None, arrival_time: 2, departure_time: 3, passengers_to_board: [], boarding_passengers: [], boarded_passengers: [], passengers_to_alight: [], alighted_passengers: [], location: (5,5), }
  --next_stops:
7: status: VehicleStatus.RELEASE, start_time: 7, assigned_requests: []
  --previous_stops:
  --current_stop:
   --(5,5): <class 'vehicle.Stop'>: {stop_type: None, arrival_time: 7, departure_time: 8, passengers_to_board: [], boarding_passengers: [], boarded_passengers: [], passengers_to_alight: [], alighted_passengers: [], location: (5,5), }
  --next_stops:
Requests:
PassengersStatus.ONBOARD: status: 1, OD: ((5,5),(4.5,8)), release: 1, ready: 2, due: 20, assigned_vehicle: 0
PassengersStatus.RELEASE: status: 3, OD: ((8,10),(9,3)), release: 3, ready: 5, due: 25, assigned_vehicle: None
***************

current_time=3 | event_time=3 | current_event=<vehicle_event_process.VehicleBoarding object at 0x0000018B88EF31C0>
process_event: Vehicle Boarding process is implemented

***************
ENVIRONMENT STATUS
env.current_time=3
OptimizationStatus: OptimizationStatus.IDLE
Vehicles:
0: status: VehicleStatus.ENROUTE, start_time: 1, assigned_requests: [1]
  --previous_stops:
   --(5,5): <class 'vehicle.Stop'>: {stop_type: None, arrival_time: 1, departure_time: 2, passengers_to_board: [], boarding_passengers: [], boarded_passengers: ['1'], passengers_to_alight: [], alighted_passengers: [], location: (5,5), }
  --current_stop:
   --None
  --next_stops:
   --(4.5,8): <class 'python.simulator.vehicle.Stop'>: {stop_type: None, arrival_time: 3, departure_time: 4, passengers_to_board: [], boarding_passengers: [], boarded_passengers: [], passengers_to_alight: ['1'], alighted_passengers: [], location: (4.5,8), }
2: status: VehicleStatus.COMPLETE, start_time: 1, assigned_requests: []
  --previous_stops:
  --current_stop:
   --(5,5): <class 'vehicle.Stop'>: {stop_type: None, arrival_time: 1, departure_time: 2, passengers_to_board: [], boarding_passengers: [], boarded_passengers: [], passengers_to_alight: [], alighted_passengers: [], location: (5,5), }
  --next_stops:
6: status: VehicleStatus.RELEASE, start_time: 4, assigned_requests: []
  --previous_stops:
  --current_stop:
   --(5,5): <class 'vehicle.Stop'>: {stop_type: None, arrival_time: 4, departure_time: 5, passengers_to_board: [], boarding_passengers: [], boarded_passengers: [], passengers_to_alight: [], alighted_passengers: [], location: (5,5), }
  --next_stops:
5: status: VehicleStatus.RELEASE, start_time: 3, assigned_requests: []
  --previous_stops:
  --current_stop:
   --(5,5): <class 'vehicle.Stop'>: {stop_type: None, arrival_time: 3, departure_time: 4, passengers_to_board: [], boarding_passengers: [], boarded_passengers: [], passengers_to_alight: [], alighted_passengers: [], location: (5,5), }
  --next_stops:
1: status: VehicleStatus.RELEASE, start_time: 3, assigned_requests: []
  --previous_stops:
  --current_stop:
   --(5,5): <class 'vehicle.Stop'>: {stop_type: None, arrival_time: 3, departure_time: 4, passengers_to_board: [], boarding_passengers: [], boarded_passengers: [], passengers_to_alight: [], alighted_passengers: [], location: (5,5), }
  --next_stops:
4: status: VehicleStatus.COMPLETE, start_time: 2, assigned_requests: []
  --previous_stops:
  --current_stop:
   --(5,5): <class 'vehicle.Stop'>: {stop_type: None, arrival_time: 2, departure_time: 3, passengers_to_board: [], boarding_passengers: [], boarded_passengers: [], passengers_to_alight: [], alighted_passengers: [], location: (5,5), }
  --next_stops:
3: status: VehicleStatus.RELEASE, start_time: 2, assigned_requests: []
  --previous_stops:
  --current_stop:
   --(5,5): <class 'vehicle.Stop'>: {stop_type: None, arrival_time: 2, departure_time: 3, passengers_to_board: [], boarding_passengers: [], boarded_passengers: [], passengers_to_alight: [], alighted_passengers: [], location: (5,5), }
  --next_stops:
7: status: VehicleStatus.RELEASE, start_time: 7, assigned_requests: []
  --previous_stops:
  --current_stop:
   --(5,5): <class 'vehicle.Stop'>: {stop_type: None, arrival_time: 7, departure_time: 8, passengers_to_board: [], boarding_passengers: [], boarded_passengers: [], passengers_to_alight: [], alighted_passengers: [], location: (5,5), }
  --next_stops:
Requests:
PassengersStatus.ONBOARD: status: 1, OD: ((5,5),(4.5,8)), release: 1, ready: 2, due: 20, assigned_vehicle: 0
PassengersStatus.RELEASE: status: 3, OD: ((8,10),(9,3)), release: 3, ready: 5, due: 25, assigned_vehicle: None
***************

current_time=3 | event_time=3 | current_event=<vehicle_event_process.VehicleBoarding object at 0x0000018B88EE0460>
process_event: Vehicle Boarding process is implemented

***************
ENVIRONMENT STATUS
env.current_time=3
OptimizationStatus: OptimizationStatus.IDLE
Vehicles:
0: status: VehicleStatus.ENROUTE, start_time: 1, assigned_requests: [1]
  --previous_stops:
   --(5,5): <class 'vehicle.Stop'>: {stop_type: None, arrival_time: 1, departure_time: 2, passengers_to_board: [], boarding_passengers: [], boarded_passengers: ['1'], passengers_to_alight: [], alighted_passengers: [], location: (5,5), }
  --current_stop:
   --None
  --next_stops:
   --(4.5,8): <class 'python.simulator.vehicle.Stop'>: {stop_type: None, arrival_time: 3, departure_time: 4, passengers_to_board: [], boarding_passengers: [], boarded_passengers: [], passengers_to_alight: ['1'], alighted_passengers: [], location: (4.5,8), }
2: status: VehicleStatus.COMPLETE, start_time: 1, assigned_requests: []
  --previous_stops:
  --current_stop:
   --(5,5): <class 'vehicle.Stop'>: {stop_type: None, arrival_time: 1, departure_time: 2, passengers_to_board: [], boarding_passengers: [], boarded_passengers: [], passengers_to_alight: [], alighted_passengers: [], location: (5,5), }
  --next_stops:
6: status: VehicleStatus.RELEASE, start_time: 4, assigned_requests: []
  --previous_stops:
  --current_stop:
   --(5,5): <class 'vehicle.Stop'>: {stop_type: None, arrival_time: 4, departure_time: 5, passengers_to_board: [], boarding_passengers: [], boarded_passengers: [], passengers_to_alight: [], alighted_passengers: [], location: (5,5), }
  --next_stops:
5: status: VehicleStatus.RELEASE, start_time: 3, assigned_requests: []
  --previous_stops:
  --current_stop:
   --(5,5): <class 'vehicle.Stop'>: {stop_type: None, arrival_time: 3, departure_time: 4, passengers_to_board: [], boarding_passengers: [], boarded_passengers: [], passengers_to_alight: [], alighted_passengers: [], location: (5,5), }
  --next_stops:
1: status: VehicleStatus.RELEASE, start_time: 3, assigned_requests: []
  --previous_stops:
  --current_stop:
   --(5,5): <class 'vehicle.Stop'>: {stop_type: None, arrival_time: 3, departure_time: 4, passengers_to_board: [], boarding_passengers: [], boarded_passengers: [], passengers_to_alight: [], alighted_passengers: [], location: (5,5), }
  --next_stops:
4: status: VehicleStatus.COMPLETE, start_time: 2, assigned_requests: []
  --previous_stops:
  --current_stop:
   --(5,5): <class 'vehicle.Stop'>: {stop_type: None, arrival_time: 2, departure_time: 3, passengers_to_board: [], boarding_passengers: [], boarded_passengers: [], passengers_to_alight: [], alighted_passengers: [], location: (5,5), }
  --next_stops:
3: status: VehicleStatus.COMPLETE, start_time: 2, assigned_requests: []
  --previous_stops:
  --current_stop:
   --(5,5): <class 'vehicle.Stop'>: {stop_type: None, arrival_time: 2, departure_time: 3, passengers_to_board: [], boarding_passengers: [], boarded_passengers: [], passengers_to_alight: [], alighted_passengers: [], location: (5,5), }
  --next_stops:
7: status: VehicleStatus.RELEASE, start_time: 7, assigned_requests: []
  --previous_stops:
  --current_stop:
   --(5,5): <class 'vehicle.Stop'>: {stop_type: None, arrival_time: 7, departure_time: 8, passengers_to_board: [], boarding_passengers: [], boarded_passengers: [], passengers_to_alight: [], alighted_passengers: [], location: (5,5), }
  --next_stops:
Requests:
PassengersStatus.ONBOARD: status: 1, OD: ((5,5),(4.5,8)), release: 1, ready: 2, due: 20, assigned_vehicle: 0
PassengersStatus.RELEASE: status: 3, OD: ((8,10),(9,3)), release: 3, ready: 5, due: 25, assigned_vehicle: None
***************

current_time=3 | event_time=3 | current_event=<python.simulator.vehicle_event_process.VehicleArrival object at 0x0000018B88F093A0>
process_event: Vehicle Alighting process is implemented

***************
ENVIRONMENT STATUS
env.current_time=3
OptimizationStatus: OptimizationStatus.IDLE
Vehicles:
0: status: VehicleStatus.ALIGHTING, start_time: 1, assigned_requests: [1]
  --previous_stops:
   --(5,5): <class 'vehicle.Stop'>: {stop_type: None, arrival_time: 1, departure_time: 2, passengers_to_board: [], boarding_passengers: [], boarded_passengers: ['1'], passengers_to_alight: [], alighted_passengers: [], location: (5,5), }
  --current_stop:
   --(4.5,8): <class 'python.simulator.vehicle.Stop'>: {stop_type: None, arrival_time: 3, departure_time: 4, passengers_to_board: [], boarding_passengers: [], boarded_passengers: [], passengers_to_alight: [], alighted_passengers: ['1'], location: (4.5,8), }
  --next_stops:
2: status: VehicleStatus.COMPLETE, start_time: 1, assigned_requests: []
  --previous_stops:
  --current_stop:
   --(5,5): <class 'vehicle.Stop'>: {stop_type: None, arrival_time: 1, departure_time: 2, passengers_to_board: [], boarding_passengers: [], boarded_passengers: [], passengers_to_alight: [], alighted_passengers: [], location: (5,5), }
  --next_stops:
6: status: VehicleStatus.RELEASE, start_time: 4, assigned_requests: []
  --previous_stops:
  --current_stop:
   --(5,5): <class 'vehicle.Stop'>: {stop_type: None, arrival_time: 4, departure_time: 5, passengers_to_board: [], boarding_passengers: [], boarded_passengers: [], passengers_to_alight: [], alighted_passengers: [], location: (5,5), }
  --next_stops:
5: status: VehicleStatus.RELEASE, start_time: 3, assigned_requests: []
  --previous_stops:
  --current_stop:
   --(5,5): <class 'vehicle.Stop'>: {stop_type: None, arrival_time: 3, departure_time: 4, passengers_to_board: [], boarding_passengers: [], boarded_passengers: [], passengers_to_alight: [], alighted_passengers: [], location: (5,5), }
  --next_stops:
1: status: VehicleStatus.RELEASE, start_time: 3, assigned_requests: []
  --previous_stops:
  --current_stop:
   --(5,5): <class 'vehicle.Stop'>: {stop_type: None, arrival_time: 3, departure_time: 4, passengers_to_board: [], boarding_passengers: [], boarded_passengers: [], passengers_to_alight: [], alighted_passengers: [], location: (5,5), }
  --next_stops:
4: status: VehicleStatus.COMPLETE, start_time: 2, assigned_requests: []
  --previous_stops:
  --current_stop:
   --(5,5): <class 'vehicle.Stop'>: {stop_type: None, arrival_time: 2, departure_time: 3, passengers_to_board: [], boarding_passengers: [], boarded_passengers: [], passengers_to_alight: [], alighted_passengers: [], location: (5,5), }
  --next_stops:
3: status: VehicleStatus.COMPLETE, start_time: 2, assigned_requests: []
  --previous_stops:
  --current_stop:
   --(5,5): <class 'vehicle.Stop'>: {stop_type: None, arrival_time: 2, departure_time: 3, passengers_to_board: [], boarding_passengers: [], boarded_passengers: [], passengers_to_alight: [], alighted_passengers: [], location: (5,5), }
  --next_stops:
7: status: VehicleStatus.RELEASE, start_time: 7, assigned_requests: []
  --previous_stops:
  --current_stop:
   --(5,5): <class 'vehicle.Stop'>: {stop_type: None, arrival_time: 7, departure_time: 8, passengers_to_board: [], boarding_passengers: [], boarded_passengers: [], passengers_to_alight: [], alighted_passengers: [], location: (5,5), }
  --next_stops:
Requests:
PassengersStatus.ONBOARD: status: 1, OD: ((5,5),(4.5,8)), release: 1, ready: 2, due: 20, assigned_vehicle: 0
PassengersStatus.RELEASE: status: 3, OD: ((8,10),(9,3)), release: 3, ready: 5, due: 25, assigned_vehicle: None
***************

current_time=3 | event_time=3 | current_event=<optimization_event_process.Optimize object at 0x0000018B88EF3610>

******************
OPTIMIZE (GreedyOptimization):

current_time=3
non_assigned_requests=[3]
non_assigned_vehicles=[6, 5, 1, 7]
potential_non_assigned_vehicles=[6, 7]
req.path=['(8,10)', '(9,3)']
<class 'vehicle.Vehicle'>: {route: <class 'vehicle.Route'>: {vehicle: 6, status: VehicleStatus.RELEASE, current_stop: <class 'vehicle.Stop'>: {stop_type: None, arrival_time: 4, departure_time: 5, passengers_to_board: [], boarding_passengers: [], boarded_passengers: [], passengers_to_alight: [], alighted_passengers: [], location: (5,5), }, next_stops: [<class 'python.simulator.vehicle.Stop'>: {stop_type: None, arrival_time: 6, departure_time: 7, passengers_to_board: [], boarding_passengers: [], boarded_passengers: [], passengers_to_alight: [], alighted_passengers: [], location: (9,3), }, ], previous_stops: [], onboard_requests: [], assigned_requests: [<request.Request object at 0x0000018B88EDB400>], alighted_requests: [], load: 0, },
id: 6,
start_time: 4,
start_stop: <class 'vehicle.Stop'>: {stop_type: None, arrival_time: 4, departure_time: 5, passengers_to_board: [], boarding_passengers: [], boarded_passengers: [], passengers_to_alight: [], alighted_passengers: [], location: (5,5), },
capacity: 3,
}
assigned_vehicle=6
assigned_requests=[3]
request_vehicle_pairs_list:
---(req_id=3,veh_id=6)
END OPTIMIZE
*******************
process_event: Optimize process is implemented

***************
ENVIRONMENT STATUS
env.current_time=3
OptimizationStatus: OptimizationStatus.OPTIMIZING
Vehicles:
0: status: VehicleStatus.ALIGHTING, start_time: 1, assigned_requests: [1]
  --previous_stops:
   --(5,5): <class 'vehicle.Stop'>: {stop_type: None, arrival_time: 1, departure_time: 2, passengers_to_board: [], boarding_passengers: [], boarded_passengers: ['1'], passengers_to_alight: [], alighted_passengers: [], location: (5,5), }
  --current_stop:
   --(4.5,8): <class 'python.simulator.vehicle.Stop'>: {stop_type: None, arrival_time: 3, departure_time: 4, passengers_to_board: [], boarding_passengers: [], boarded_passengers: [], passengers_to_alight: [], alighted_passengers: ['1'], location: (4.5,8), }
  --next_stops:
2: status: VehicleStatus.COMPLETE, start_time: 1, assigned_requests: []
  --previous_stops:
  --current_stop:
   --(5,5): <class 'vehicle.Stop'>: {stop_type: None, arrival_time: 1, departure_time: 2, passengers_to_board: [], boarding_passengers: [], boarded_passengers: [], passengers_to_alight: [], alighted_passengers: [], location: (5,5), }
  --next_stops:
6: status: VehicleStatus.RELEASE, start_time: 4, assigned_requests: []
  --previous_stops:
  --current_stop:
   --(5,5): <class 'vehicle.Stop'>: {stop_type: None, arrival_time: 4, departure_time: 5, passengers_to_board: [], boarding_passengers: [], boarded_passengers: [], passengers_to_alight: [], alighted_passengers: [], location: (5,5), }
  --next_stops:
5: status: VehicleStatus.RELEASE, start_time: 3, assigned_requests: []
  --previous_stops:
  --current_stop:
   --(5,5): <class 'vehicle.Stop'>: {stop_type: None, arrival_time: 3, departure_time: 4, passengers_to_board: [], boarding_passengers: [], boarded_passengers: [], passengers_to_alight: [], alighted_passengers: [], location: (5,5), }
  --next_stops:
1: status: VehicleStatus.RELEASE, start_time: 3, assigned_requests: []
  --previous_stops:
  --current_stop:
   --(5,5): <class 'vehicle.Stop'>: {stop_type: None, arrival_time: 3, departure_time: 4, passengers_to_board: [], boarding_passengers: [], boarded_passengers: [], passengers_to_alight: [], alighted_passengers: [], location: (5,5), }
  --next_stops:
4: status: VehicleStatus.COMPLETE, start_time: 2, assigned_requests: []
  --previous_stops:
  --current_stop:
   --(5,5): <class 'vehicle.Stop'>: {stop_type: None, arrival_time: 2, departure_time: 3, passengers_to_board: [], boarding_passengers: [], boarded_passengers: [], passengers_to_alight: [], alighted_passengers: [], location: (5,5), }
  --next_stops:
3: status: VehicleStatus.COMPLETE, start_time: 2, assigned_requests: []
  --previous_stops:
  --current_stop:
   --(5,5): <class 'vehicle.Stop'>: {stop_type: None, arrival_time: 2, departure_time: 3, passengers_to_board: [], boarding_passengers: [], boarded_passengers: [], passengers_to_alight: [], alighted_passengers: [], location: (5,5), }
  --next_stops:
7: status: VehicleStatus.RELEASE, start_time: 7, assigned_requests: []
  --previous_stops:
  --current_stop:
   --(5,5): <class 'vehicle.Stop'>: {stop_type: None, arrival_time: 7, departure_time: 8, passengers_to_board: [], boarding_passengers: [], boarded_passengers: [], passengers_to_alight: [], alighted_passengers: [], location: (5,5), }
  --next_stops:
Requests:
PassengersStatus.ONBOARD: status: 1, OD: ((5,5),(4.5,8)), release: 1, ready: 2, due: 20, assigned_vehicle: 0
PassengersStatus.RELEASE: status: 3, OD: ((8,10),(9,3)), release: 3, ready: 5, due: 25, assigned_vehicle: None
***************

current_time=3 | event_time=3 | current_event=<python.simulator.passenger_event_process.PassengerAlighting object at 0x0000018B88EE4C40>
process_event: Passenger Alighting process is implemented

***************
ENVIRONMENT STATUS
env.current_time=3
OptimizationStatus: OptimizationStatus.OPTIMIZING
Vehicles:
0: status: VehicleStatus.ALIGHTING, start_time: 1, assigned_requests: [1]
  --previous_stops:
   --(5,5): <class 'vehicle.Stop'>: {stop_type: None, arrival_time: 1, departure_time: 2, passengers_to_board: [], boarding_passengers: [], boarded_passengers: ['1'], passengers_to_alight: [], alighted_passengers: [], location: (5,5), }
  --current_stop:
   --(4.5,8): <class 'python.simulator.vehicle.Stop'>: {stop_type: None, arrival_time: 3, departure_time: 4, passengers_to_board: [], boarding_passengers: [], boarded_passengers: [], passengers_to_alight: [], alighted_passengers: ['1'], location: (4.5,8), }
  --next_stops:
2: status: VehicleStatus.COMPLETE, start_time: 1, assigned_requests: []
  --previous_stops:
  --current_stop:
   --(5,5): <class 'vehicle.Stop'>: {stop_type: None, arrival_time: 1, departure_time: 2, passengers_to_board: [], boarding_passengers: [], boarded_passengers: [], passengers_to_alight: [], alighted_passengers: [], location: (5,5), }
  --next_stops:
6: status: VehicleStatus.RELEASE, start_time: 4, assigned_requests: []
  --previous_stops:
  --current_stop:
   --(5,5): <class 'vehicle.Stop'>: {stop_type: None, arrival_time: 4, departure_time: 5, passengers_to_board: [], boarding_passengers: [], boarded_passengers: [], passengers_to_alight: [], alighted_passengers: [], location: (5,5), }
  --next_stops:
5: status: VehicleStatus.RELEASE, start_time: 3, assigned_requests: []
  --previous_stops:
  --current_stop:
   --(5,5): <class 'vehicle.Stop'>: {stop_type: None, arrival_time: 3, departure_time: 4, passengers_to_board: [], boarding_passengers: [], boarded_passengers: [], passengers_to_alight: [], alighted_passengers: [], location: (5,5), }
  --next_stops:
1: status: VehicleStatus.RELEASE, start_time: 3, assigned_requests: []
  --previous_stops:
  --current_stop:
   --(5,5): <class 'vehicle.Stop'>: {stop_type: None, arrival_time: 3, departure_time: 4, passengers_to_board: [], boarding_passengers: [], boarded_passengers: [], passengers_to_alight: [], alighted_passengers: [], location: (5,5), }
  --next_stops:
4: status: VehicleStatus.COMPLETE, start_time: 2, assigned_requests: []
  --previous_stops:
  --current_stop:
   --(5,5): <class 'vehicle.Stop'>: {stop_type: None, arrival_time: 2, departure_time: 3, passengers_to_board: [], boarding_passengers: [], boarded_passengers: [], passengers_to_alight: [], alighted_passengers: [], location: (5,5), }
  --next_stops:
3: status: VehicleStatus.COMPLETE, start_time: 2, assigned_requests: []
  --previous_stops:
  --current_stop:
   --(5,5): <class 'vehicle.Stop'>: {stop_type: None, arrival_time: 2, departure_time: 3, passengers_to_board: [], boarding_passengers: [], boarded_passengers: [], passengers_to_alight: [], alighted_passengers: [], location: (5,5), }
  --next_stops:
7: status: VehicleStatus.RELEASE, start_time: 7, assigned_requests: []
  --previous_stops:
  --current_stop:
   --(5,5): <class 'vehicle.Stop'>: {stop_type: None, arrival_time: 7, departure_time: 8, passengers_to_board: [], boarding_passengers: [], boarded_passengers: [], passengers_to_alight: [], alighted_passengers: [], location: (5,5), }
  --next_stops:
Requests:
PassengersStatus.COMPLETE: status: 1, OD: ((5,5),(4.5,8)), release: 1, ready: 2, due: 20, assigned_vehicle: 0
PassengersStatus.RELEASE: status: 3, OD: ((8,10),(9,3)), release: 3, ready: 5, due: 25, assigned_vehicle: None
***************

current_time=3 | event_time=3 | current_event=<optimization_event_process.EnvironmentUpdate object at 0x0000018B88ECB160>
process_event: Environment Update process is implemented

***************
ENVIRONMENT STATUS
env.current_time=3
OptimizationStatus: OptimizationStatus.IDLE
Vehicles:
0: status: VehicleStatus.ALIGHTING, start_time: 1, assigned_requests: [1]
  --previous_stops:
   --(5,5): <class 'vehicle.Stop'>: {stop_type: None, arrival_time: 1, departure_time: 2, passengers_to_board: [], boarding_passengers: [], boarded_passengers: ['1'], passengers_to_alight: [], alighted_passengers: [], location: (5,5), }
  --current_stop:
   --(4.5,8): <class 'python.simulator.vehicle.Stop'>: {stop_type: None, arrival_time: 3, departure_time: 4, passengers_to_board: [], boarding_passengers: [], boarded_passengers: [], passengers_to_alight: [], alighted_passengers: ['1'], location: (4.5,8), }
  --next_stops:
2: status: VehicleStatus.COMPLETE, start_time: 1, assigned_requests: []
  --previous_stops:
  --current_stop:
   --(5,5): <class 'vehicle.Stop'>: {stop_type: None, arrival_time: 1, departure_time: 2, passengers_to_board: [], boarding_passengers: [], boarded_passengers: [], passengers_to_alight: [], alighted_passengers: [], location: (5,5), }
  --next_stops:
6: status: VehicleStatus.RELEASE, start_time: 4, assigned_requests: []
  --previous_stops:
  --current_stop:
   --(5,5): <class 'vehicle.Stop'>: {stop_type: None, arrival_time: 4, departure_time: 5, passengers_to_board: [], boarding_passengers: [], boarded_passengers: [], passengers_to_alight: [], alighted_passengers: [], location: (5,5), }
  --next_stops:
5: status: VehicleStatus.RELEASE, start_time: 3, assigned_requests: []
  --previous_stops:
  --current_stop:
   --(5,5): <class 'vehicle.Stop'>: {stop_type: None, arrival_time: 3, departure_time: 4, passengers_to_board: [], boarding_passengers: [], boarded_passengers: [], passengers_to_alight: [], alighted_passengers: [], location: (5,5), }
  --next_stops:
1: status: VehicleStatus.RELEASE, start_time: 3, assigned_requests: []
  --previous_stops:
  --current_stop:
   --(5,5): <class 'vehicle.Stop'>: {stop_type: None, arrival_time: 3, departure_time: 4, passengers_to_board: [], boarding_passengers: [], boarded_passengers: [], passengers_to_alight: [], alighted_passengers: [], location: (5,5), }
  --next_stops:
4: status: VehicleStatus.COMPLETE, start_time: 2, assigned_requests: []
  --previous_stops:
  --current_stop:
   --(5,5): <class 'vehicle.Stop'>: {stop_type: None, arrival_time: 2, departure_time: 3, passengers_to_board: [], boarding_passengers: [], boarded_passengers: [], passengers_to_alight: [], alighted_passengers: [], location: (5,5), }
  --next_stops:
3: status: VehicleStatus.COMPLETE, start_time: 2, assigned_requests: []
  --previous_stops:
  --current_stop:
   --(5,5): <class 'vehicle.Stop'>: {stop_type: None, arrival_time: 2, departure_time: 3, passengers_to_board: [], boarding_passengers: [], boarded_passengers: [], passengers_to_alight: [], alighted_passengers: [], location: (5,5), }
  --next_stops:
7: status: VehicleStatus.RELEASE, start_time: 7, assigned_requests: []
  --previous_stops:
  --current_stop:
   --(5,5): <class 'vehicle.Stop'>: {stop_type: None, arrival_time: 7, departure_time: 8, passengers_to_board: [], boarding_passengers: [], boarded_passengers: [], passengers_to_alight: [], alighted_passengers: [], location: (5,5), }
  --next_stops:
Requests:
PassengersStatus.COMPLETE: status: 1, OD: ((5,5),(4.5,8)), release: 1, ready: 2, due: 20, assigned_vehicle: 0
PassengersStatus.RELEASE: status: 3, OD: ((8,10),(9,3)), release: 3, ready: 5, due: 25, assigned_vehicle: None
***************

current_time=3 | event_time=3 | current_event=<passenger_event_process.PassengerAssignment object at 0x0000018B88EFB310>
process_event: Passenger Assignment process is implemented

***************
ENVIRONMENT STATUS
env.current_time=3
OptimizationStatus: OptimizationStatus.IDLE
Vehicles:
0: status: VehicleStatus.ALIGHTING, start_time: 1, assigned_requests: [1]
  --previous_stops:
   --(5,5): <class 'vehicle.Stop'>: {stop_type: None, arrival_time: 1, departure_time: 2, passengers_to_board: [], boarding_passengers: [], boarded_passengers: ['1'], passengers_to_alight: [], alighted_passengers: [], location: (5,5), }
  --current_stop:
   --(4.5,8): <class 'python.simulator.vehicle.Stop'>: {stop_type: None, arrival_time: 3, departure_time: 4, passengers_to_board: [], boarding_passengers: [], boarded_passengers: [], passengers_to_alight: [], alighted_passengers: ['1'], location: (4.5,8), }
  --next_stops:
2: status: VehicleStatus.COMPLETE, start_time: 1, assigned_requests: []
  --previous_stops:
  --current_stop:
   --(5,5): <class 'vehicle.Stop'>: {stop_type: None, arrival_time: 1, departure_time: 2, passengers_to_board: [], boarding_passengers: [], boarded_passengers: [], passengers_to_alight: [], alighted_passengers: [], location: (5,5), }
  --next_stops:
6: status: VehicleStatus.RELEASE, start_time: 4, assigned_requests: []
  --previous_stops:
  --current_stop:
   --(5,5): <class 'vehicle.Stop'>: {stop_type: None, arrival_time: 4, departure_time: 5, passengers_to_board: [], boarding_passengers: [], boarded_passengers: [], passengers_to_alight: [], alighted_passengers: [], location: (5,5), }
  --next_stops:
5: status: VehicleStatus.RELEASE, start_time: 3, assigned_requests: []
  --previous_stops:
  --current_stop:
   --(5,5): <class 'vehicle.Stop'>: {stop_type: None, arrival_time: 3, departure_time: 4, passengers_to_board: [], boarding_passengers: [], boarded_passengers: [], passengers_to_alight: [], alighted_passengers: [], location: (5,5), }
  --next_stops:
1: status: VehicleStatus.RELEASE, start_time: 3, assigned_requests: []
  --previous_stops:
  --current_stop:
   --(5,5): <class 'vehicle.Stop'>: {stop_type: None, arrival_time: 3, departure_time: 4, passengers_to_board: [], boarding_passengers: [], boarded_passengers: [], passengers_to_alight: [], alighted_passengers: [], location: (5,5), }
  --next_stops:
4: status: VehicleStatus.COMPLETE, start_time: 2, assigned_requests: []
  --previous_stops:
  --current_stop:
   --(5,5): <class 'vehicle.Stop'>: {stop_type: None, arrival_time: 2, departure_time: 3, passengers_to_board: [], boarding_passengers: [], boarded_passengers: [], passengers_to_alight: [], alighted_passengers: [], location: (5,5), }
  --next_stops:
3: status: VehicleStatus.COMPLETE, start_time: 2, assigned_requests: []
  --previous_stops:
  --current_stop:
   --(5,5): <class 'vehicle.Stop'>: {stop_type: None, arrival_time: 2, departure_time: 3, passengers_to_board: [], boarding_passengers: [], boarded_passengers: [], passengers_to_alight: [], alighted_passengers: [], location: (5,5), }
  --next_stops:
7: status: VehicleStatus.RELEASE, start_time: 7, assigned_requests: []
  --previous_stops:
  --current_stop:
   --(5,5): <class 'vehicle.Stop'>: {stop_type: None, arrival_time: 7, departure_time: 8, passengers_to_board: [], boarding_passengers: [], boarded_passengers: [], passengers_to_alight: [], alighted_passengers: [], location: (5,5), }
  --next_stops:
Requests:
PassengersStatus.COMPLETE: status: 1, OD: ((5,5),(4.5,8)), release: 1, ready: 2, due: 20, assigned_vehicle: 0
PassengersStatus.ASSIGNED: status: 3, OD: ((8,10),(9,3)), release: 3, ready: 5, due: 25, assigned_vehicle: 6
***************

current_time=3 | event_time=3 | current_event=<vehicle_event_process.VehicleNotification object at 0x0000018B88EFB7C0>
process_event: Notify Vehicle process is implemented

***************
ENVIRONMENT STATUS
env.current_time=3
OptimizationStatus: OptimizationStatus.IDLE
Vehicles:
0: status: VehicleStatus.ALIGHTING, start_time: 1, assigned_requests: [1]
  --previous_stops:
   --(5,5): <class 'vehicle.Stop'>: {stop_type: None, arrival_time: 1, departure_time: 2, passengers_to_board: [], boarding_passengers: [], boarded_passengers: ['1'], passengers_to_alight: [], alighted_passengers: [], location: (5,5), }
  --current_stop:
   --(4.5,8): <class 'python.simulator.vehicle.Stop'>: {stop_type: None, arrival_time: 3, departure_time: 4, passengers_to_board: [], boarding_passengers: [], boarded_passengers: [], passengers_to_alight: [], alighted_passengers: ['1'], location: (4.5,8), }
  --next_stops:
2: status: VehicleStatus.COMPLETE, start_time: 1, assigned_requests: []
  --previous_stops:
  --current_stop:
   --(5,5): <class 'vehicle.Stop'>: {stop_type: None, arrival_time: 1, departure_time: 2, passengers_to_board: [], boarding_passengers: [], boarded_passengers: [], passengers_to_alight: [], alighted_passengers: [], location: (5,5), }
  --next_stops:
6: status: VehicleStatus.RELEASE, start_time: 4, assigned_requests: [3]
  --previous_stops:
  --current_stop:
   --(5,5): <class 'vehicle.Stop'>: {stop_type: None, arrival_time: 4, departure_time: 5, passengers_to_board: ['3'], boarding_passengers: [], boarded_passengers: [], passengers_to_alight: [], alighted_passengers: [], location: (5,5), }
  --next_stops:
   --(9,3): <class 'python.simulator.vehicle.Stop'>: {stop_type: None, arrival_time: 6, departure_time: 7, passengers_to_board: [], boarding_passengers: [], boarded_passengers: [], passengers_to_alight: ['3'], alighted_passengers: [], location: (9,3), }
5: status: VehicleStatus.RELEASE, start_time: 3, assigned_requests: []
  --previous_stops:
  --current_stop:
   --(5,5): <class 'vehicle.Stop'>: {stop_type: None, arrival_time: 3, departure_time: 4, passengers_to_board: [], boarding_passengers: [], boarded_passengers: [], passengers_to_alight: [], alighted_passengers: [], location: (5,5), }
  --next_stops:
1: status: VehicleStatus.RELEASE, start_time: 3, assigned_requests: []
  --previous_stops:
  --current_stop:
   --(5,5): <class 'vehicle.Stop'>: {stop_type: None, arrival_time: 3, departure_time: 4, passengers_to_board: [], boarding_passengers: [], boarded_passengers: [], passengers_to_alight: [], alighted_passengers: [], location: (5,5), }
  --next_stops:
4: status: VehicleStatus.COMPLETE, start_time: 2, assigned_requests: []
  --previous_stops:
  --current_stop:
   --(5,5): <class 'vehicle.Stop'>: {stop_type: None, arrival_time: 2, departure_time: 3, passengers_to_board: [], boarding_passengers: [], boarded_passengers: [], passengers_to_alight: [], alighted_passengers: [], location: (5,5), }
  --next_stops:
3: status: VehicleStatus.COMPLETE, start_time: 2, assigned_requests: []
  --previous_stops:
  --current_stop:
   --(5,5): <class 'vehicle.Stop'>: {stop_type: None, arrival_time: 2, departure_time: 3, passengers_to_board: [], boarding_passengers: [], boarded_passengers: [], passengers_to_alight: [], alighted_passengers: [], location: (5,5), }
  --next_stops:
7: status: VehicleStatus.RELEASE, start_time: 7, assigned_requests: []
  --previous_stops:
  --current_stop:
   --(5,5): <class 'vehicle.Stop'>: {stop_type: None, arrival_time: 7, departure_time: 8, passengers_to_board: [], boarding_passengers: [], boarded_passengers: [], passengers_to_alight: [], alighted_passengers: [], location: (5,5), }
  --next_stops:
Requests:
PassengersStatus.COMPLETE: status: 1, OD: ((5,5),(4.5,8)), release: 1, ready: 2, due: 20, assigned_vehicle: 0
PassengersStatus.ASSIGNED: status: 3, OD: ((8,10),(9,3)), release: 3, ready: 5, due: 25, assigned_vehicle: 6
***************

current_time=4 | event_time=4 | current_event=<vehicle_event_process.VehicleBoarding object at 0x0000018B88EE0640>
process_event: Vehicle Boarding process is implemented

***************
ENVIRONMENT STATUS
env.current_time=4
OptimizationStatus: OptimizationStatus.IDLE
Vehicles:
0: status: VehicleStatus.ALIGHTING, start_time: 1, assigned_requests: [1]
  --previous_stops:
   --(5,5): <class 'vehicle.Stop'>: {stop_type: None, arrival_time: 1, departure_time: 2, passengers_to_board: [], boarding_passengers: [], boarded_passengers: ['1'], passengers_to_alight: [], alighted_passengers: [], location: (5,5), }
  --current_stop:
   --(4.5,8): <class 'python.simulator.vehicle.Stop'>: {stop_type: None, arrival_time: 3, departure_time: 4, passengers_to_board: [], boarding_passengers: [], boarded_passengers: [], passengers_to_alight: [], alighted_passengers: ['1'], location: (4.5,8), }
  --next_stops:
2: status: VehicleStatus.COMPLETE, start_time: 1, assigned_requests: []
  --previous_stops:
  --current_stop:
   --(5,5): <class 'vehicle.Stop'>: {stop_type: None, arrival_time: 1, departure_time: 2, passengers_to_board: [], boarding_passengers: [], boarded_passengers: [], passengers_to_alight: [], alighted_passengers: [], location: (5,5), }
  --next_stops:
6: status: VehicleStatus.RELEASE, start_time: 4, assigned_requests: [3]
  --previous_stops:
  --current_stop:
   --(5,5): <class 'vehicle.Stop'>: {stop_type: None, arrival_time: 4, departure_time: 5, passengers_to_board: ['3'], boarding_passengers: [], boarded_passengers: [], passengers_to_alight: [], alighted_passengers: [], location: (5,5), }
  --next_stops:
   --(9,3): <class 'python.simulator.vehicle.Stop'>: {stop_type: None, arrival_time: 6, departure_time: 7, passengers_to_board: [], boarding_passengers: [], boarded_passengers: [], passengers_to_alight: ['3'], alighted_passengers: [], location: (9,3), }
5: status: VehicleStatus.COMPLETE, start_time: 3, assigned_requests: []
  --previous_stops:
  --current_stop:
   --(5,5): <class 'vehicle.Stop'>: {stop_type: None, arrival_time: 3, departure_time: 4, passengers_to_board: [], boarding_passengers: [], boarded_passengers: [], passengers_to_alight: [], alighted_passengers: [], location: (5,5), }
  --next_stops:
1: status: VehicleStatus.RELEASE, start_time: 3, assigned_requests: []
  --previous_stops:
  --current_stop:
   --(5,5): <class 'vehicle.Stop'>: {stop_type: None, arrival_time: 3, departure_time: 4, passengers_to_board: [], boarding_passengers: [], boarded_passengers: [], passengers_to_alight: [], alighted_passengers: [], location: (5,5), }
  --next_stops:
4: status: VehicleStatus.COMPLETE, start_time: 2, assigned_requests: []
  --previous_stops:
  --current_stop:
   --(5,5): <class 'vehicle.Stop'>: {stop_type: None, arrival_time: 2, departure_time: 3, passengers_to_board: [], boarding_passengers: [], boarded_passengers: [], passengers_to_alight: [], alighted_passengers: [], location: (5,5), }
  --next_stops:
3: status: VehicleStatus.COMPLETE, start_time: 2, assigned_requests: []
  --previous_stops:
  --current_stop:
   --(5,5): <class 'vehicle.Stop'>: {stop_type: None, arrival_time: 2, departure_time: 3, passengers_to_board: [], boarding_passengers: [], boarded_passengers: [], passengers_to_alight: [], alighted_passengers: [], location: (5,5), }
  --next_stops:
7: status: VehicleStatus.RELEASE, start_time: 7, assigned_requests: []
  --previous_stops:
  --current_stop:
   --(5,5): <class 'vehicle.Stop'>: {stop_type: None, arrival_time: 7, departure_time: 8, passengers_to_board: [], boarding_passengers: [], boarded_passengers: [], passengers_to_alight: [], alighted_passengers: [], location: (5,5), }
  --next_stops:
Requests:
PassengersStatus.COMPLETE: status: 1, OD: ((5,5),(4.5,8)), release: 1, ready: 2, due: 20, assigned_vehicle: 0
PassengersStatus.ASSIGNED: status: 3, OD: ((8,10),(9,3)), release: 3, ready: 5, due: 25, assigned_vehicle: 6
***************

current_time=4 | event_time=4 | current_event=<vehicle_event_process.VehicleBoarding object at 0x0000018B88EF38E0>
process_event: Vehicle Boarding process is implemented

***************
ENVIRONMENT STATUS
env.current_time=4
OptimizationStatus: OptimizationStatus.IDLE
Vehicles:
0: status: VehicleStatus.ALIGHTING, start_time: 1, assigned_requests: [1]
  --previous_stops:
   --(5,5): <class 'vehicle.Stop'>: {stop_type: None, arrival_time: 1, departure_time: 2, passengers_to_board: [], boarding_passengers: [], boarded_passengers: ['1'], passengers_to_alight: [], alighted_passengers: [], location: (5,5), }
  --current_stop:
   --(4.5,8): <class 'python.simulator.vehicle.Stop'>: {stop_type: None, arrival_time: 3, departure_time: 4, passengers_to_board: [], boarding_passengers: [], boarded_passengers: [], passengers_to_alight: [], alighted_passengers: ['1'], location: (4.5,8), }
  --next_stops:
2: status: VehicleStatus.COMPLETE, start_time: 1, assigned_requests: []
  --previous_stops:
  --current_stop:
   --(5,5): <class 'vehicle.Stop'>: {stop_type: None, arrival_time: 1, departure_time: 2, passengers_to_board: [], boarding_passengers: [], boarded_passengers: [], passengers_to_alight: [], alighted_passengers: [], location: (5,5), }
  --next_stops:
6: status: VehicleStatus.RELEASE, start_time: 4, assigned_requests: [3]
  --previous_stops:
  --current_stop:
   --(5,5): <class 'vehicle.Stop'>: {stop_type: None, arrival_time: 4, departure_time: 5, passengers_to_board: ['3'], boarding_passengers: [], boarded_passengers: [], passengers_to_alight: [], alighted_passengers: [], location: (5,5), }
  --next_stops:
   --(9,3): <class 'python.simulator.vehicle.Stop'>: {stop_type: None, arrival_time: 6, departure_time: 7, passengers_to_board: [], boarding_passengers: [], boarded_passengers: [], passengers_to_alight: ['3'], alighted_passengers: [], location: (9,3), }
5: status: VehicleStatus.COMPLETE, start_time: 3, assigned_requests: []
  --previous_stops:
  --current_stop:
   --(5,5): <class 'vehicle.Stop'>: {stop_type: None, arrival_time: 3, departure_time: 4, passengers_to_board: [], boarding_passengers: [], boarded_passengers: [], passengers_to_alight: [], alighted_passengers: [], location: (5,5), }
  --next_stops:
1: status: VehicleStatus.COMPLETE, start_time: 3, assigned_requests: []
  --previous_stops:
  --current_stop:
   --(5,5): <class 'vehicle.Stop'>: {stop_type: None, arrival_time: 3, departure_time: 4, passengers_to_board: [], boarding_passengers: [], boarded_passengers: [], passengers_to_alight: [], alighted_passengers: [], location: (5,5), }
  --next_stops:
4: status: VehicleStatus.COMPLETE, start_time: 2, assigned_requests: []
  --previous_stops:
  --current_stop:
   --(5,5): <class 'vehicle.Stop'>: {stop_type: None, arrival_time: 2, departure_time: 3, passengers_to_board: [], boarding_passengers: [], boarded_passengers: [], passengers_to_alight: [], alighted_passengers: [], location: (5,5), }
  --next_stops:
3: status: VehicleStatus.COMPLETE, start_time: 2, assigned_requests: []
  --previous_stops:
  --current_stop:
   --(5,5): <class 'vehicle.Stop'>: {stop_type: None, arrival_time: 2, departure_time: 3, passengers_to_board: [], boarding_passengers: [], boarded_passengers: [], passengers_to_alight: [], alighted_passengers: [], location: (5,5), }
  --next_stops:
7: status: VehicleStatus.RELEASE, start_time: 7, assigned_requests: []
  --previous_stops:
  --current_stop:
   --(5,5): <class 'vehicle.Stop'>: {stop_type: None, arrival_time: 7, departure_time: 8, passengers_to_board: [], boarding_passengers: [], boarded_passengers: [], passengers_to_alight: [], alighted_passengers: [], location: (5,5), }
  --next_stops:
Requests:
PassengersStatus.COMPLETE: status: 1, OD: ((5,5),(4.5,8)), release: 1, ready: 2, due: 20, assigned_vehicle: 0
PassengersStatus.ASSIGNED: status: 3, OD: ((8,10),(9,3)), release: 3, ready: 5, due: 25, assigned_vehicle: 6
***************

current_time=4 | event_time=4 | current_event=<python.simulator.vehicle_event_process.VehicleBoarding object at 0x0000018B88EE4790>
process_event: Vehicle Boarding process is implemented

***************
ENVIRONMENT STATUS
env.current_time=4
OptimizationStatus: OptimizationStatus.IDLE
Vehicles:
0: status: VehicleStatus.COMPLETE, start_time: 1, assigned_requests: [1]
  --previous_stops:
   --(5,5): <class 'vehicle.Stop'>: {stop_type: None, arrival_time: 1, departure_time: 2, passengers_to_board: [], boarding_passengers: [], boarded_passengers: ['1'], passengers_to_alight: [], alighted_passengers: [], location: (5,5), }
  --current_stop:
   --(4.5,8): <class 'python.simulator.vehicle.Stop'>: {stop_type: None, arrival_time: 3, departure_time: 4, passengers_to_board: [], boarding_passengers: [], boarded_passengers: [], passengers_to_alight: [], alighted_passengers: ['1'], location: (4.5,8), }
  --next_stops:
2: status: VehicleStatus.COMPLETE, start_time: 1, assigned_requests: []
  --previous_stops:
  --current_stop:
   --(5,5): <class 'vehicle.Stop'>: {stop_type: None, arrival_time: 1, departure_time: 2, passengers_to_board: [], boarding_passengers: [], boarded_passengers: [], passengers_to_alight: [], alighted_passengers: [], location: (5,5), }
  --next_stops:
6: status: VehicleStatus.RELEASE, start_time: 4, assigned_requests: [3]
  --previous_stops:
  --current_stop:
   --(5,5): <class 'vehicle.Stop'>: {stop_type: None, arrival_time: 4, departure_time: 5, passengers_to_board: ['3'], boarding_passengers: [], boarded_passengers: [], passengers_to_alight: [], alighted_passengers: [], location: (5,5), }
  --next_stops:
   --(9,3): <class 'python.simulator.vehicle.Stop'>: {stop_type: None, arrival_time: 6, departure_time: 7, passengers_to_board: [], boarding_passengers: [], boarded_passengers: [], passengers_to_alight: ['3'], alighted_passengers: [], location: (9,3), }
5: status: VehicleStatus.COMPLETE, start_time: 3, assigned_requests: []
  --previous_stops:
  --current_stop:
   --(5,5): <class 'vehicle.Stop'>: {stop_type: None, arrival_time: 3, departure_time: 4, passengers_to_board: [], boarding_passengers: [], boarded_passengers: [], passengers_to_alight: [], alighted_passengers: [], location: (5,5), }
  --next_stops:
1: status: VehicleStatus.COMPLETE, start_time: 3, assigned_requests: []
  --previous_stops:
  --current_stop:
   --(5,5): <class 'vehicle.Stop'>: {stop_type: None, arrival_time: 3, departure_time: 4, passengers_to_board: [], boarding_passengers: [], boarded_passengers: [], passengers_to_alight: [], alighted_passengers: [], location: (5,5), }
  --next_stops:
4: status: VehicleStatus.COMPLETE, start_time: 2, assigned_requests: []
  --previous_stops:
  --current_stop:
   --(5,5): <class 'vehicle.Stop'>: {stop_type: None, arrival_time: 2, departure_time: 3, passengers_to_board: [], boarding_passengers: [], boarded_passengers: [], passengers_to_alight: [], alighted_passengers: [], location: (5,5), }
  --next_stops:
3: status: VehicleStatus.COMPLETE, start_time: 2, assigned_requests: []
  --previous_stops:
  --current_stop:
   --(5,5): <class 'vehicle.Stop'>: {stop_type: None, arrival_time: 2, departure_time: 3, passengers_to_board: [], boarding_passengers: [], boarded_passengers: [], passengers_to_alight: [], alighted_passengers: [], location: (5,5), }
  --next_stops:
7: status: VehicleStatus.RELEASE, start_time: 7, assigned_requests: []
  --previous_stops:
  --current_stop:
   --(5,5): <class 'vehicle.Stop'>: {stop_type: None, arrival_time: 7, departure_time: 8, passengers_to_board: [], boarding_passengers: [], boarded_passengers: [], passengers_to_alight: [], alighted_passengers: [], location: (5,5), }
  --next_stops:
Requests:
PassengersStatus.COMPLETE: status: 1, OD: ((5,5),(4.5,8)), release: 1, ready: 2, due: 20, assigned_vehicle: 0
PassengersStatus.ASSIGNED: status: 3, OD: ((8,10),(9,3)), release: 3, ready: 5, due: 25, assigned_vehicle: 6
***************

current_time=5 | event_time=5 | current_event=<vehicle_event_process.VehicleBoarding object at 0x0000018B88EDBFD0>
process_event: Vehicle Boarding process is implemented

***************
ENVIRONMENT STATUS
env.current_time=5
OptimizationStatus: OptimizationStatus.IDLE
Vehicles:
0: status: VehicleStatus.COMPLETE, start_time: 1, assigned_requests: [1]
  --previous_stops:
   --(5,5): <class 'vehicle.Stop'>: {stop_type: None, arrival_time: 1, departure_time: 2, passengers_to_board: [], boarding_passengers: [], boarded_passengers: ['1'], passengers_to_alight: [], alighted_passengers: [], location: (5,5), }
  --current_stop:
   --(4.5,8): <class 'python.simulator.vehicle.Stop'>: {stop_type: None, arrival_time: 3, departure_time: 4, passengers_to_board: [], boarding_passengers: [], boarded_passengers: [], passengers_to_alight: [], alighted_passengers: ['1'], location: (4.5,8), }
  --next_stops:
2: status: VehicleStatus.COMPLETE, start_time: 1, assigned_requests: []
  --previous_stops:
  --current_stop:
   --(5,5): <class 'vehicle.Stop'>: {stop_type: None, arrival_time: 1, departure_time: 2, passengers_to_board: [], boarding_passengers: [], boarded_passengers: [], passengers_to_alight: [], alighted_passengers: [], location: (5,5), }
  --next_stops:
6: status: VehicleStatus.BOARDING, start_time: 4, assigned_requests: [3]
  --previous_stops:
  --current_stop:
   --(5,5): <class 'vehicle.Stop'>: {stop_type: None, arrival_time: 4, departure_time: 5, passengers_to_board: [], boarding_passengers: ['3'], boarded_passengers: [], passengers_to_alight: [], alighted_passengers: [], location: (5,5), }
  --next_stops:
   --(9,3): <class 'python.simulator.vehicle.Stop'>: {stop_type: None, arrival_time: 6, departure_time: 7, passengers_to_board: [], boarding_passengers: [], boarded_passengers: [], passengers_to_alight: ['3'], alighted_passengers: [], location: (9,3), }
5: status: VehicleStatus.COMPLETE, start_time: 3, assigned_requests: []
  --previous_stops:
  --current_stop:
   --(5,5): <class 'vehicle.Stop'>: {stop_type: None, arrival_time: 3, departure_time: 4, passengers_to_board: [], boarding_passengers: [], boarded_passengers: [], passengers_to_alight: [], alighted_passengers: [], location: (5,5), }
  --next_stops:
1: status: VehicleStatus.COMPLETE, start_time: 3, assigned_requests: []
  --previous_stops:
  --current_stop:
   --(5,5): <class 'vehicle.Stop'>: {stop_type: None, arrival_time: 3, departure_time: 4, passengers_to_board: [], boarding_passengers: [], boarded_passengers: [], passengers_to_alight: [], alighted_passengers: [], location: (5,5), }
  --next_stops:
4: status: VehicleStatus.COMPLETE, start_time: 2, assigned_requests: []
  --previous_stops:
  --current_stop:
   --(5,5): <class 'vehicle.Stop'>: {stop_type: None, arrival_time: 2, departure_time: 3, passengers_to_board: [], boarding_passengers: [], boarded_passengers: [], passengers_to_alight: [], alighted_passengers: [], location: (5,5), }
  --next_stops:
3: status: VehicleStatus.COMPLETE, start_time: 2, assigned_requests: []
  --previous_stops:
  --current_stop:
   --(5,5): <class 'vehicle.Stop'>: {stop_type: None, arrival_time: 2, departure_time: 3, passengers_to_board: [], boarding_passengers: [], boarded_passengers: [], passengers_to_alight: [], alighted_passengers: [], location: (5,5), }
  --next_stops:
7: status: VehicleStatus.RELEASE, start_time: 7, assigned_requests: []
  --previous_stops:
  --current_stop:
   --(5,5): <class 'vehicle.Stop'>: {stop_type: None, arrival_time: 7, departure_time: 8, passengers_to_board: [], boarding_passengers: [], boarded_passengers: [], passengers_to_alight: [], alighted_passengers: [], location: (5,5), }
  --next_stops:
Requests:
PassengersStatus.COMPLETE: status: 1, OD: ((5,5),(4.5,8)), release: 1, ready: 2, due: 20, assigned_vehicle: 0
PassengersStatus.ASSIGNED: status: 3, OD: ((8,10),(9,3)), release: 3, ready: 5, due: 25, assigned_vehicle: 6
***************

current_time=5 | event_time=5 | current_event=<python.simulator.passenger_event_process.PassengerRelease object at 0x0000018B88EDB3D0>
process_event: Passenger Release process is implemented

***************
ENVIRONMENT STATUS
env.current_time=5
OptimizationStatus: OptimizationStatus.IDLE
Vehicles:
0: status: VehicleStatus.COMPLETE, start_time: 1, assigned_requests: [1]
  --previous_stops:
   --(5,5): <class 'vehicle.Stop'>: {stop_type: None, arrival_time: 1, departure_time: 2, passengers_to_board: [], boarding_passengers: [], boarded_passengers: ['1'], passengers_to_alight: [], alighted_passengers: [], location: (5,5), }
  --current_stop:
   --(4.5,8): <class 'python.simulator.vehicle.Stop'>: {stop_type: None, arrival_time: 3, departure_time: 4, passengers_to_board: [], boarding_passengers: [], boarded_passengers: [], passengers_to_alight: [], alighted_passengers: ['1'], location: (4.5,8), }
  --next_stops:
2: status: VehicleStatus.COMPLETE, start_time: 1, assigned_requests: []
  --previous_stops:
  --current_stop:
   --(5,5): <class 'vehicle.Stop'>: {stop_type: None, arrival_time: 1, departure_time: 2, passengers_to_board: [], boarding_passengers: [], boarded_passengers: [], passengers_to_alight: [], alighted_passengers: [], location: (5,5), }
  --next_stops:
6: status: VehicleStatus.BOARDING, start_time: 4, assigned_requests: [3]
  --previous_stops:
  --current_stop:
   --(5,5): <class 'vehicle.Stop'>: {stop_type: None, arrival_time: 4, departure_time: 5, passengers_to_board: [], boarding_passengers: ['3'], boarded_passengers: [], passengers_to_alight: [], alighted_passengers: [], location: (5,5), }
  --next_stops:
   --(9,3): <class 'python.simulator.vehicle.Stop'>: {stop_type: None, arrival_time: 6, departure_time: 7, passengers_to_board: [], boarding_passengers: [], boarded_passengers: [], passengers_to_alight: ['3'], alighted_passengers: [], location: (9,3), }
5: status: VehicleStatus.COMPLETE, start_time: 3, assigned_requests: []
  --previous_stops:
  --current_stop:
   --(5,5): <class 'vehicle.Stop'>: {stop_type: None, arrival_time: 3, departure_time: 4, passengers_to_board: [], boarding_passengers: [], boarded_passengers: [], passengers_to_alight: [], alighted_passengers: [], location: (5,5), }
  --next_stops:
1: status: VehicleStatus.COMPLETE, start_time: 3, assigned_requests: []
  --previous_stops:
  --current_stop:
   --(5,5): <class 'vehicle.Stop'>: {stop_type: None, arrival_time: 3, departure_time: 4, passengers_to_board: [], boarding_passengers: [], boarded_passengers: [], passengers_to_alight: [], alighted_passengers: [], location: (5,5), }
  --next_stops:
4: status: VehicleStatus.COMPLETE, start_time: 2, assigned_requests: []
  --previous_stops:
  --current_stop:
   --(5,5): <class 'vehicle.Stop'>: {stop_type: None, arrival_time: 2, departure_time: 3, passengers_to_board: [], boarding_passengers: [], boarded_passengers: [], passengers_to_alight: [], alighted_passengers: [], location: (5,5), }
  --next_stops:
3: status: VehicleStatus.COMPLETE, start_time: 2, assigned_requests: []
  --previous_stops:
  --current_stop:
   --(5,5): <class 'vehicle.Stop'>: {stop_type: None, arrival_time: 2, departure_time: 3, passengers_to_board: [], boarding_passengers: [], boarded_passengers: [], passengers_to_alight: [], alighted_passengers: [], location: (5,5), }
  --next_stops:
7: status: VehicleStatus.RELEASE, start_time: 7, assigned_requests: []
  --previous_stops:
  --current_stop:
   --(5,5): <class 'vehicle.Stop'>: {stop_type: None, arrival_time: 7, departure_time: 8, passengers_to_board: [], boarding_passengers: [], boarded_passengers: [], passengers_to_alight: [], alighted_passengers: [], location: (5,5), }
  --next_stops:
Requests:
PassengersStatus.COMPLETE: status: 1, OD: ((5,5),(4.5,8)), release: 1, ready: 2, due: 20, assigned_vehicle: 0
PassengersStatus.ASSIGNED: status: 3, OD: ((8,10),(9,3)), release: 3, ready: 5, due: 25, assigned_vehicle: 6
PassengersStatus.RELEASE: status: 2, OD: ((7,2),(7,5)), release: 5, ready: 3, due: 30, assigned_vehicle: None
***************

current_time=5 | event_time=5 | current_event=<passenger_event_process.PassengerReady object at 0x0000018B88EE0340>
process_event: Passenger Ready process is implemented

***************
ENVIRONMENT STATUS
env.current_time=5
OptimizationStatus: OptimizationStatus.IDLE
Vehicles:
0: status: VehicleStatus.COMPLETE, start_time: 1, assigned_requests: [1]
  --previous_stops:
   --(5,5): <class 'vehicle.Stop'>: {stop_type: None, arrival_time: 1, departure_time: 2, passengers_to_board: [], boarding_passengers: [], boarded_passengers: ['1'], passengers_to_alight: [], alighted_passengers: [], location: (5,5), }
  --current_stop:
   --(4.5,8): <class 'python.simulator.vehicle.Stop'>: {stop_type: None, arrival_time: 3, departure_time: 4, passengers_to_board: [], boarding_passengers: [], boarded_passengers: [], passengers_to_alight: [], alighted_passengers: ['1'], location: (4.5,8), }
  --next_stops:
2: status: VehicleStatus.COMPLETE, start_time: 1, assigned_requests: []
  --previous_stops:
  --current_stop:
   --(5,5): <class 'vehicle.Stop'>: {stop_type: None, arrival_time: 1, departure_time: 2, passengers_to_board: [], boarding_passengers: [], boarded_passengers: [], passengers_to_alight: [], alighted_passengers: [], location: (5,5), }
  --next_stops:
6: status: VehicleStatus.BOARDING, start_time: 4, assigned_requests: [3]
  --previous_stops:
  --current_stop:
   --(5,5): <class 'vehicle.Stop'>: {stop_type: None, arrival_time: 4, departure_time: 5, passengers_to_board: [], boarding_passengers: ['3'], boarded_passengers: [], passengers_to_alight: [], alighted_passengers: [], location: (5,5), }
  --next_stops:
   --(9,3): <class 'python.simulator.vehicle.Stop'>: {stop_type: None, arrival_time: 6, departure_time: 7, passengers_to_board: [], boarding_passengers: [], boarded_passengers: [], passengers_to_alight: ['3'], alighted_passengers: [], location: (9,3), }
5: status: VehicleStatus.COMPLETE, start_time: 3, assigned_requests: []
  --previous_stops:
  --current_stop:
   --(5,5): <class 'vehicle.Stop'>: {stop_type: None, arrival_time: 3, departure_time: 4, passengers_to_board: [], boarding_passengers: [], boarded_passengers: [], passengers_to_alight: [], alighted_passengers: [], location: (5,5), }
  --next_stops:
1: status: VehicleStatus.COMPLETE, start_time: 3, assigned_requests: []
  --previous_stops:
  --current_stop:
   --(5,5): <class 'vehicle.Stop'>: {stop_type: None, arrival_time: 3, departure_time: 4, passengers_to_board: [], boarding_passengers: [], boarded_passengers: [], passengers_to_alight: [], alighted_passengers: [], location: (5,5), }
  --next_stops:
4: status: VehicleStatus.COMPLETE, start_time: 2, assigned_requests: []
  --previous_stops:
  --current_stop:
   --(5,5): <class 'vehicle.Stop'>: {stop_type: None, arrival_time: 2, departure_time: 3, passengers_to_board: [], boarding_passengers: [], boarded_passengers: [], passengers_to_alight: [], alighted_passengers: [], location: (5,5), }
  --next_stops:
3: status: VehicleStatus.COMPLETE, start_time: 2, assigned_requests: []
  --previous_stops:
  --current_stop:
   --(5,5): <class 'vehicle.Stop'>: {stop_type: None, arrival_time: 2, departure_time: 3, passengers_to_board: [], boarding_passengers: [], boarded_passengers: [], passengers_to_alight: [], alighted_passengers: [], location: (5,5), }
  --next_stops:
7: status: VehicleStatus.RELEASE, start_time: 7, assigned_requests: []
  --previous_stops:
  --current_stop:
   --(5,5): <class 'vehicle.Stop'>: {stop_type: None, arrival_time: 7, departure_time: 8, passengers_to_board: [], boarding_passengers: [], boarded_passengers: [], passengers_to_alight: [], alighted_passengers: [], location: (5,5), }
  --next_stops:
Requests:
PassengersStatus.COMPLETE: status: 1, OD: ((5,5),(4.5,8)), release: 1, ready: 2, due: 20, assigned_vehicle: 0
PassengersStatus.READY: status: 3, OD: ((8,10),(9,3)), release: 3, ready: 5, due: 25, assigned_vehicle: 6
PassengersStatus.RELEASE: status: 2, OD: ((7,2),(7,5)), release: 5, ready: 3, due: 30, assigned_vehicle: None
***************

current_time=5 | event_time=5 | current_event=<python.simulator.passenger_event_process.PassengerToBoard object at 0x0000018B88ECB040>
process_event: Passenger To Board process is implemented

***************
ENVIRONMENT STATUS
env.current_time=5
OptimizationStatus: OptimizationStatus.IDLE
Vehicles:
0: status: VehicleStatus.COMPLETE, start_time: 1, assigned_requests: [1]
  --previous_stops:
   --(5,5): <class 'vehicle.Stop'>: {stop_type: None, arrival_time: 1, departure_time: 2, passengers_to_board: [], boarding_passengers: [], boarded_passengers: ['1'], passengers_to_alight: [], alighted_passengers: [], location: (5,5), }
  --current_stop:
   --(4.5,8): <class 'python.simulator.vehicle.Stop'>: {stop_type: None, arrival_time: 3, departure_time: 4, passengers_to_board: [], boarding_passengers: [], boarded_passengers: [], passengers_to_alight: [], alighted_passengers: ['1'], location: (4.5,8), }
  --next_stops:
2: status: VehicleStatus.COMPLETE, start_time: 1, assigned_requests: []
  --previous_stops:
  --current_stop:
   --(5,5): <class 'vehicle.Stop'>: {stop_type: None, arrival_time: 1, departure_time: 2, passengers_to_board: [], boarding_passengers: [], boarded_passengers: [], passengers_to_alight: [], alighted_passengers: [], location: (5,5), }
  --next_stops:
6: status: VehicleStatus.BOARDING, start_time: 4, assigned_requests: [3]
  --previous_stops:
  --current_stop:
   --(5,5): <class 'vehicle.Stop'>: {stop_type: None, arrival_time: 4, departure_time: 5, passengers_to_board: [], boarding_passengers: ['3'], boarded_passengers: [], passengers_to_alight: [], alighted_passengers: [], location: (5,5), }
  --next_stops:
   --(9,3): <class 'python.simulator.vehicle.Stop'>: {stop_type: None, arrival_time: 6, departure_time: 7, passengers_to_board: [], boarding_passengers: [], boarded_passengers: [], passengers_to_alight: ['3'], alighted_passengers: [], location: (9,3), }
5: status: VehicleStatus.COMPLETE, start_time: 3, assigned_requests: []
  --previous_stops:
  --current_stop:
   --(5,5): <class 'vehicle.Stop'>: {stop_type: None, arrival_time: 3, departure_time: 4, passengers_to_board: [], boarding_passengers: [], boarded_passengers: [], passengers_to_alight: [], alighted_passengers: [], location: (5,5), }
  --next_stops:
1: status: VehicleStatus.COMPLETE, start_time: 3, assigned_requests: []
  --previous_stops:
  --current_stop:
   --(5,5): <class 'vehicle.Stop'>: {stop_type: None, arrival_time: 3, departure_time: 4, passengers_to_board: [], boarding_passengers: [], boarded_passengers: [], passengers_to_alight: [], alighted_passengers: [], location: (5,5), }
  --next_stops:
4: status: VehicleStatus.COMPLETE, start_time: 2, assigned_requests: []
  --previous_stops:
  --current_stop:
   --(5,5): <class 'vehicle.Stop'>: {stop_type: None, arrival_time: 2, departure_time: 3, passengers_to_board: [], boarding_passengers: [], boarded_passengers: [], passengers_to_alight: [], alighted_passengers: [], location: (5,5), }
  --next_stops:
3: status: VehicleStatus.COMPLETE, start_time: 2, assigned_requests: []
  --previous_stops:
  --current_stop:
   --(5,5): <class 'vehicle.Stop'>: {stop_type: None, arrival_time: 2, departure_time: 3, passengers_to_board: [], boarding_passengers: [], boarded_passengers: [], passengers_to_alight: [], alighted_passengers: [], location: (5,5), }
  --next_stops:
7: status: VehicleStatus.RELEASE, start_time: 7, assigned_requests: []
  --previous_stops:
  --current_stop:
   --(5,5): <class 'vehicle.Stop'>: {stop_type: None, arrival_time: 7, departure_time: 8, passengers_to_board: [], boarding_passengers: [], boarded_passengers: [], passengers_to_alight: [], alighted_passengers: [], location: (5,5), }
  --next_stops:
Requests:
PassengersStatus.COMPLETE: status: 1, OD: ((5,5),(4.5,8)), release: 1, ready: 2, due: 20, assigned_vehicle: 0
PassengersStatus.ONBOARD: status: 3, OD: ((8,10),(9,3)), release: 3, ready: 5, due: 25, assigned_vehicle: 6
PassengersStatus.RELEASE: status: 2, OD: ((7,2),(7,5)), release: 5, ready: 3, due: 30, assigned_vehicle: None
***************

current_time=5 | event_time=5 | current_event=<optimization_event_process.Optimize object at 0x0000018B88EFBEE0>

******************
OPTIMIZE (GreedyOptimization):

current_time=5
non_assigned_requests=[2]
non_assigned_vehicles=[7]
potential_non_assigned_vehicles=[7]
req.path=['(7,2)', '(7,5)']
<class 'vehicle.Vehicle'>: {route: <class 'vehicle.Route'>: {vehicle: 7, status: VehicleStatus.RELEASE, current_stop: <class 'vehicle.Stop'>: {stop_type: None, arrival_time: 7, departure_time: 8, passengers_to_board: [], boarding_passengers: [], boarded_passengers: [], passengers_to_alight: [], alighted_passengers: [], location: (5,5), }, next_stops: [<class 'python.simulator.vehicle.Stop'>: {stop_type: None, arrival_time: 8, departure_time: 9, passengers_to_board: [], boarding_passengers: [], boarded_passengers: [], passengers_to_alight: [], alighted_passengers: [], location: (7,5), }, ], previous_stops: [], onboard_requests: [], assigned_requests: [<request.Request object at 0x0000018B88F0EE80>], alighted_requests: [], load: 0, },
id: 7,
start_time: 7,
start_stop: <class 'vehicle.Stop'>: {stop_type: None, arrival_time: 7, departure_time: 8, passengers_to_board: [], boarding_passengers: [], boarded_passengers: [], passengers_to_alight: [], alighted_passengers: [], location: (5,5), },
capacity: 3,
}
assigned_vehicle=7
assigned_requests=[2]
request_vehicle_pairs_list:
---(req_id=2,veh_id=7)
END OPTIMIZE
*******************
process_event: Optimize process is implemented

***************
ENVIRONMENT STATUS
env.current_time=5
OptimizationStatus: OptimizationStatus.OPTIMIZING
Vehicles:
0: status: VehicleStatus.COMPLETE, start_time: 1, assigned_requests: [1]
  --previous_stops:
   --(5,5): <class 'vehicle.Stop'>: {stop_type: None, arrival_time: 1, departure_time: 2, passengers_to_board: [], boarding_passengers: [], boarded_passengers: ['1'], passengers_to_alight: [], alighted_passengers: [], location: (5,5), }
  --current_stop:
   --(4.5,8): <class 'python.simulator.vehicle.Stop'>: {stop_type: None, arrival_time: 3, departure_time: 4, passengers_to_board: [], boarding_passengers: [], boarded_passengers: [], passengers_to_alight: [], alighted_passengers: ['1'], location: (4.5,8), }
  --next_stops:
2: status: VehicleStatus.COMPLETE, start_time: 1, assigned_requests: []
  --previous_stops:
  --current_stop:
   --(5,5): <class 'vehicle.Stop'>: {stop_type: None, arrival_time: 1, departure_time: 2, passengers_to_board: [], boarding_passengers: [], boarded_passengers: [], passengers_to_alight: [], alighted_passengers: [], location: (5,5), }
  --next_stops:
6: status: VehicleStatus.BOARDING, start_time: 4, assigned_requests: [3]
  --previous_stops:
  --current_stop:
   --(5,5): <class 'vehicle.Stop'>: {stop_type: None, arrival_time: 4, departure_time: 5, passengers_to_board: [], boarding_passengers: ['3'], boarded_passengers: [], passengers_to_alight: [], alighted_passengers: [], location: (5,5), }
  --next_stops:
   --(9,3): <class 'python.simulator.vehicle.Stop'>: {stop_type: None, arrival_time: 6, departure_time: 7, passengers_to_board: [], boarding_passengers: [], boarded_passengers: [], passengers_to_alight: ['3'], alighted_passengers: [], location: (9,3), }
5: status: VehicleStatus.COMPLETE, start_time: 3, assigned_requests: []
  --previous_stops:
  --current_stop:
   --(5,5): <class 'vehicle.Stop'>: {stop_type: None, arrival_time: 3, departure_time: 4, passengers_to_board: [], boarding_passengers: [], boarded_passengers: [], passengers_to_alight: [], alighted_passengers: [], location: (5,5), }
  --next_stops:
1: status: VehicleStatus.COMPLETE, start_time: 3, assigned_requests: []
  --previous_stops:
  --current_stop:
   --(5,5): <class 'vehicle.Stop'>: {stop_type: None, arrival_time: 3, departure_time: 4, passengers_to_board: [], boarding_passengers: [], boarded_passengers: [], passengers_to_alight: [], alighted_passengers: [], location: (5,5), }
  --next_stops:
4: status: VehicleStatus.COMPLETE, start_time: 2, assigned_requests: []
  --previous_stops:
  --current_stop:
   --(5,5): <class 'vehicle.Stop'>: {stop_type: None, arrival_time: 2, departure_time: 3, passengers_to_board: [], boarding_passengers: [], boarded_passengers: [], passengers_to_alight: [], alighted_passengers: [], location: (5,5), }
  --next_stops:
3: status: VehicleStatus.COMPLETE, start_time: 2, assigned_requests: []
  --previous_stops:
  --current_stop:
   --(5,5): <class 'vehicle.Stop'>: {stop_type: None, arrival_time: 2, departure_time: 3, passengers_to_board: [], boarding_passengers: [], boarded_passengers: [], passengers_to_alight: [], alighted_passengers: [], location: (5,5), }
  --next_stops:
7: status: VehicleStatus.RELEASE, start_time: 7, assigned_requests: []
  --previous_stops:
  --current_stop:
   --(5,5): <class 'vehicle.Stop'>: {stop_type: None, arrival_time: 7, departure_time: 8, passengers_to_board: [], boarding_passengers: [], boarded_passengers: [], passengers_to_alight: [], alighted_passengers: [], location: (5,5), }
  --next_stops:
Requests:
PassengersStatus.COMPLETE: status: 1, OD: ((5,5),(4.5,8)), release: 1, ready: 2, due: 20, assigned_vehicle: 0
PassengersStatus.ONBOARD: status: 3, OD: ((8,10),(9,3)), release: 3, ready: 5, due: 25, assigned_vehicle: 6
PassengersStatus.RELEASE: status: 2, OD: ((7,2),(7,5)), release: 5, ready: 3, due: 30, assigned_vehicle: None
***************

current_time=5 | event_time=5 | current_event=<python.simulator.vehicle_event_process.VehicleBoarded object at 0x0000018B88EFBB20>
process_event: Vehicle Boarded process is implemented

***************
ENVIRONMENT STATUS
env.current_time=5
OptimizationStatus: OptimizationStatus.OPTIMIZING
Vehicles:
0: status: VehicleStatus.COMPLETE, start_time: 1, assigned_requests: [1]
  --previous_stops:
   --(5,5): <class 'vehicle.Stop'>: {stop_type: None, arrival_time: 1, departure_time: 2, passengers_to_board: [], boarding_passengers: [], boarded_passengers: ['1'], passengers_to_alight: [], alighted_passengers: [], location: (5,5), }
  --current_stop:
   --(4.5,8): <class 'python.simulator.vehicle.Stop'>: {stop_type: None, arrival_time: 3, departure_time: 4, passengers_to_board: [], boarding_passengers: [], boarded_passengers: [], passengers_to_alight: [], alighted_passengers: ['1'], location: (4.5,8), }
  --next_stops:
2: status: VehicleStatus.COMPLETE, start_time: 1, assigned_requests: []
  --previous_stops:
  --current_stop:
   --(5,5): <class 'vehicle.Stop'>: {stop_type: None, arrival_time: 1, departure_time: 2, passengers_to_board: [], boarding_passengers: [], boarded_passengers: [], passengers_to_alight: [], alighted_passengers: [], location: (5,5), }
  --next_stops:
6: status: VehicleStatus.BOARDING, start_time: 4, assigned_requests: [3]
  --previous_stops:
  --current_stop:
   --(5,5): <class 'vehicle.Stop'>: {stop_type: None, arrival_time: 4, departure_time: 5, passengers_to_board: [], boarding_passengers: [], boarded_passengers: ['3'], passengers_to_alight: [], alighted_passengers: [], location: (5,5), }
  --next_stops:
   --(9,3): <class 'python.simulator.vehicle.Stop'>: {stop_type: None, arrival_time: 6, departure_time: 7, passengers_to_board: [], boarding_passengers: [], boarded_passengers: [], passengers_to_alight: ['3'], alighted_passengers: [], location: (9,3), }
5: status: VehicleStatus.COMPLETE, start_time: 3, assigned_requests: []
  --previous_stops:
  --current_stop:
   --(5,5): <class 'vehicle.Stop'>: {stop_type: None, arrival_time: 3, departure_time: 4, passengers_to_board: [], boarding_passengers: [], boarded_passengers: [], passengers_to_alight: [], alighted_passengers: [], location: (5,5), }
  --next_stops:
1: status: VehicleStatus.COMPLETE, start_time: 3, assigned_requests: []
  --previous_stops:
  --current_stop:
   --(5,5): <class 'vehicle.Stop'>: {stop_type: None, arrival_time: 3, departure_time: 4, passengers_to_board: [], boarding_passengers: [], boarded_passengers: [], passengers_to_alight: [], alighted_passengers: [], location: (5,5), }
  --next_stops:
4: status: VehicleStatus.COMPLETE, start_time: 2, assigned_requests: []
  --previous_stops:
  --current_stop:
   --(5,5): <class 'vehicle.Stop'>: {stop_type: None, arrival_time: 2, departure_time: 3, passengers_to_board: [], boarding_passengers: [], boarded_passengers: [], passengers_to_alight: [], alighted_passengers: [], location: (5,5), }
  --next_stops:
3: status: VehicleStatus.COMPLETE, start_time: 2, assigned_requests: []
  --previous_stops:
  --current_stop:
   --(5,5): <class 'vehicle.Stop'>: {stop_type: None, arrival_time: 2, departure_time: 3, passengers_to_board: [], boarding_passengers: [], boarded_passengers: [], passengers_to_alight: [], alighted_passengers: [], location: (5,5), }
  --next_stops:
7: status: VehicleStatus.RELEASE, start_time: 7, assigned_requests: []
  --previous_stops:
  --current_stop:
   --(5,5): <class 'vehicle.Stop'>: {stop_type: None, arrival_time: 7, departure_time: 8, passengers_to_board: [], boarding_passengers: [], boarded_passengers: [], passengers_to_alight: [], alighted_passengers: [], location: (5,5), }
  --next_stops:
Requests:
PassengersStatus.COMPLETE: status: 1, OD: ((5,5),(4.5,8)), release: 1, ready: 2, due: 20, assigned_vehicle: 0
PassengersStatus.ONBOARD: status: 3, OD: ((8,10),(9,3)), release: 3, ready: 5, due: 25, assigned_vehicle: 6
PassengersStatus.RELEASE: status: 2, OD: ((7,2),(7,5)), release: 5, ready: 3, due: 30, assigned_vehicle: None
***************

current_time=5 | event_time=5 | current_event=<optimization_event_process.EnvironmentUpdate object at 0x0000018B88ECBAC0>
process_event: Environment Update process is implemented

***************
ENVIRONMENT STATUS
env.current_time=5
OptimizationStatus: OptimizationStatus.IDLE
Vehicles:
0: status: VehicleStatus.COMPLETE, start_time: 1, assigned_requests: [1]
  --previous_stops:
   --(5,5): <class 'vehicle.Stop'>: {stop_type: None, arrival_time: 1, departure_time: 2, passengers_to_board: [], boarding_passengers: [], boarded_passengers: ['1'], passengers_to_alight: [], alighted_passengers: [], location: (5,5), }
  --current_stop:
   --(4.5,8): <class 'python.simulator.vehicle.Stop'>: {stop_type: None, arrival_time: 3, departure_time: 4, passengers_to_board: [], boarding_passengers: [], boarded_passengers: [], passengers_to_alight: [], alighted_passengers: ['1'], location: (4.5,8), }
  --next_stops:
2: status: VehicleStatus.COMPLETE, start_time: 1, assigned_requests: []
  --previous_stops:
  --current_stop:
   --(5,5): <class 'vehicle.Stop'>: {stop_type: None, arrival_time: 1, departure_time: 2, passengers_to_board: [], boarding_passengers: [], boarded_passengers: [], passengers_to_alight: [], alighted_passengers: [], location: (5,5), }
  --next_stops:
6: status: VehicleStatus.BOARDING, start_time: 4, assigned_requests: [3]
  --previous_stops:
  --current_stop:
   --(5,5): <class 'vehicle.Stop'>: {stop_type: None, arrival_time: 4, departure_time: 5, passengers_to_board: [], boarding_passengers: [], boarded_passengers: ['3'], passengers_to_alight: [], alighted_passengers: [], location: (5,5), }
  --next_stops:
   --(9,3): <class 'python.simulator.vehicle.Stop'>: {stop_type: None, arrival_time: 6, departure_time: 7, passengers_to_board: [], boarding_passengers: [], boarded_passengers: [], passengers_to_alight: ['3'], alighted_passengers: [], location: (9,3), }
5: status: VehicleStatus.COMPLETE, start_time: 3, assigned_requests: []
  --previous_stops:
  --current_stop:
   --(5,5): <class 'vehicle.Stop'>: {stop_type: None, arrival_time: 3, departure_time: 4, passengers_to_board: [], boarding_passengers: [], boarded_passengers: [], passengers_to_alight: [], alighted_passengers: [], location: (5,5), }
  --next_stops:
1: status: VehicleStatus.COMPLETE, start_time: 3, assigned_requests: []
  --previous_stops:
  --current_stop:
   --(5,5): <class 'vehicle.Stop'>: {stop_type: None, arrival_time: 3, departure_time: 4, passengers_to_board: [], boarding_passengers: [], boarded_passengers: [], passengers_to_alight: [], alighted_passengers: [], location: (5,5), }
  --next_stops:
4: status: VehicleStatus.COMPLETE, start_time: 2, assigned_requests: []
  --previous_stops:
  --current_stop:
   --(5,5): <class 'vehicle.Stop'>: {stop_type: None, arrival_time: 2, departure_time: 3, passengers_to_board: [], boarding_passengers: [], boarded_passengers: [], passengers_to_alight: [], alighted_passengers: [], location: (5,5), }
  --next_stops:
3: status: VehicleStatus.COMPLETE, start_time: 2, assigned_requests: []
  --previous_stops:
  --current_stop:
   --(5,5): <class 'vehicle.Stop'>: {stop_type: None, arrival_time: 2, departure_time: 3, passengers_to_board: [], boarding_passengers: [], boarded_passengers: [], passengers_to_alight: [], alighted_passengers: [], location: (5,5), }
  --next_stops:
7: status: VehicleStatus.RELEASE, start_time: 7, assigned_requests: []
  --previous_stops:
  --current_stop:
   --(5,5): <class 'vehicle.Stop'>: {stop_type: None, arrival_time: 7, departure_time: 8, passengers_to_board: [], boarding_passengers: [], boarded_passengers: [], passengers_to_alight: [], alighted_passengers: [], location: (5,5), }
  --next_stops:
Requests:
PassengersStatus.COMPLETE: status: 1, OD: ((5,5),(4.5,8)), release: 1, ready: 2, due: 20, assigned_vehicle: 0
PassengersStatus.ONBOARD: status: 3, OD: ((8,10),(9,3)), release: 3, ready: 5, due: 25, assigned_vehicle: 6
PassengersStatus.RELEASE: status: 2, OD: ((7,2),(7,5)), release: 5, ready: 3, due: 30, assigned_vehicle: None
***************

current_time=5 | event_time=5 | current_event=<python.simulator.vehicle_event_process.VehicleDeparture object at 0x0000018B88EFBF40>
process_event: Vehicle Departure process is implemented

***************
ENVIRONMENT STATUS
env.current_time=5
OptimizationStatus: OptimizationStatus.IDLE
Vehicles:
0: status: VehicleStatus.COMPLETE, start_time: 1, assigned_requests: [1]
  --previous_stops:
   --(5,5): <class 'vehicle.Stop'>: {stop_type: None, arrival_time: 1, departure_time: 2, passengers_to_board: [], boarding_passengers: [], boarded_passengers: ['1'], passengers_to_alight: [], alighted_passengers: [], location: (5,5), }
  --current_stop:
   --(4.5,8): <class 'python.simulator.vehicle.Stop'>: {stop_type: None, arrival_time: 3, departure_time: 4, passengers_to_board: [], boarding_passengers: [], boarded_passengers: [], passengers_to_alight: [], alighted_passengers: ['1'], location: (4.5,8), }
  --next_stops:
2: status: VehicleStatus.COMPLETE, start_time: 1, assigned_requests: []
  --previous_stops:
  --current_stop:
   --(5,5): <class 'vehicle.Stop'>: {stop_type: None, arrival_time: 1, departure_time: 2, passengers_to_board: [], boarding_passengers: [], boarded_passengers: [], passengers_to_alight: [], alighted_passengers: [], location: (5,5), }
  --next_stops:
6: status: VehicleStatus.ENROUTE, start_time: 4, assigned_requests: [3]
  --previous_stops:
   --(5,5): <class 'vehicle.Stop'>: {stop_type: None, arrival_time: 4, departure_time: 5, passengers_to_board: [], boarding_passengers: [], boarded_passengers: ['3'], passengers_to_alight: [], alighted_passengers: [], location: (5,5), }
  --current_stop:
   --None
  --next_stops:
   --(9,3): <class 'python.simulator.vehicle.Stop'>: {stop_type: None, arrival_time: 6, departure_time: 7, passengers_to_board: [], boarding_passengers: [], boarded_passengers: [], passengers_to_alight: ['3'], alighted_passengers: [], location: (9,3), }
5: status: VehicleStatus.COMPLETE, start_time: 3, assigned_requests: []
  --previous_stops:
  --current_stop:
   --(5,5): <class 'vehicle.Stop'>: {stop_type: None, arrival_time: 3, departure_time: 4, passengers_to_board: [], boarding_passengers: [], boarded_passengers: [], passengers_to_alight: [], alighted_passengers: [], location: (5,5), }
  --next_stops:
1: status: VehicleStatus.COMPLETE, start_time: 3, assigned_requests: []
  --previous_stops:
  --current_stop:
   --(5,5): <class 'vehicle.Stop'>: {stop_type: None, arrival_time: 3, departure_time: 4, passengers_to_board: [], boarding_passengers: [], boarded_passengers: [], passengers_to_alight: [], alighted_passengers: [], location: (5,5), }
  --next_stops:
4: status: VehicleStatus.COMPLETE, start_time: 2, assigned_requests: []
  --previous_stops:
  --current_stop:
   --(5,5): <class 'vehicle.Stop'>: {stop_type: None, arrival_time: 2, departure_time: 3, passengers_to_board: [], boarding_passengers: [], boarded_passengers: [], passengers_to_alight: [], alighted_passengers: [], location: (5,5), }
  --next_stops:
3: status: VehicleStatus.COMPLETE, start_time: 2, assigned_requests: []
  --previous_stops:
  --current_stop:
   --(5,5): <class 'vehicle.Stop'>: {stop_type: None, arrival_time: 2, departure_time: 3, passengers_to_board: [], boarding_passengers: [], boarded_passengers: [], passengers_to_alight: [], alighted_passengers: [], location: (5,5), }
  --next_stops:
7: status: VehicleStatus.RELEASE, start_time: 7, assigned_requests: []
  --previous_stops:
  --current_stop:
   --(5,5): <class 'vehicle.Stop'>: {stop_type: None, arrival_time: 7, departure_time: 8, passengers_to_board: [], boarding_passengers: [], boarded_passengers: [], passengers_to_alight: [], alighted_passengers: [], location: (5,5), }
  --next_stops:
Requests:
PassengersStatus.COMPLETE: status: 1, OD: ((5,5),(4.5,8)), release: 1, ready: 2, due: 20, assigned_vehicle: 0
PassengersStatus.ONBOARD: status: 3, OD: ((8,10),(9,3)), release: 3, ready: 5, due: 25, assigned_vehicle: 6
PassengersStatus.RELEASE: status: 2, OD: ((7,2),(7,5)), release: 5, ready: 3, due: 30, assigned_vehicle: None
***************

current_time=5 | event_time=5 | current_event=<passenger_event_process.PassengerAssignment object at 0x0000018B88F1B370>
process_event: Passenger Assignment process is implemented

***************
ENVIRONMENT STATUS
env.current_time=5
OptimizationStatus: OptimizationStatus.IDLE
Vehicles:
0: status: VehicleStatus.COMPLETE, start_time: 1, assigned_requests: [1]
  --previous_stops:
   --(5,5): <class 'vehicle.Stop'>: {stop_type: None, arrival_time: 1, departure_time: 2, passengers_to_board: [], boarding_passengers: [], boarded_passengers: ['1'], passengers_to_alight: [], alighted_passengers: [], location: (5,5), }
  --current_stop:
   --(4.5,8): <class 'python.simulator.vehicle.Stop'>: {stop_type: None, arrival_time: 3, departure_time: 4, passengers_to_board: [], boarding_passengers: [], boarded_passengers: [], passengers_to_alight: [], alighted_passengers: ['1'], location: (4.5,8), }
  --next_stops:
2: status: VehicleStatus.COMPLETE, start_time: 1, assigned_requests: []
  --previous_stops:
  --current_stop:
   --(5,5): <class 'vehicle.Stop'>: {stop_type: None, arrival_time: 1, departure_time: 2, passengers_to_board: [], boarding_passengers: [], boarded_passengers: [], passengers_to_alight: [], alighted_passengers: [], location: (5,5), }
  --next_stops:
6: status: VehicleStatus.ENROUTE, start_time: 4, assigned_requests: [3]
  --previous_stops:
   --(5,5): <class 'vehicle.Stop'>: {stop_type: None, arrival_time: 4, departure_time: 5, passengers_to_board: [], boarding_passengers: [], boarded_passengers: ['3'], passengers_to_alight: [], alighted_passengers: [], location: (5,5), }
  --current_stop:
   --None
  --next_stops:
   --(9,3): <class 'python.simulator.vehicle.Stop'>: {stop_type: None, arrival_time: 6, departure_time: 7, passengers_to_board: [], boarding_passengers: [], boarded_passengers: [], passengers_to_alight: ['3'], alighted_passengers: [], location: (9,3), }
5: status: VehicleStatus.COMPLETE, start_time: 3, assigned_requests: []
  --previous_stops:
  --current_stop:
   --(5,5): <class 'vehicle.Stop'>: {stop_type: None, arrival_time: 3, departure_time: 4, passengers_to_board: [], boarding_passengers: [], boarded_passengers: [], passengers_to_alight: [], alighted_passengers: [], location: (5,5), }
  --next_stops:
1: status: VehicleStatus.COMPLETE, start_time: 3, assigned_requests: []
  --previous_stops:
  --current_stop:
   --(5,5): <class 'vehicle.Stop'>: {stop_type: None, arrival_time: 3, departure_time: 4, passengers_to_board: [], boarding_passengers: [], boarded_passengers: [], passengers_to_alight: [], alighted_passengers: [], location: (5,5), }
  --next_stops:
4: status: VehicleStatus.COMPLETE, start_time: 2, assigned_requests: []
  --previous_stops:
  --current_stop:
   --(5,5): <class 'vehicle.Stop'>: {stop_type: None, arrival_time: 2, departure_time: 3, passengers_to_board: [], boarding_passengers: [], boarded_passengers: [], passengers_to_alight: [], alighted_passengers: [], location: (5,5), }
  --next_stops:
3: status: VehicleStatus.COMPLETE, start_time: 2, assigned_requests: []
  --previous_stops:
  --current_stop:
   --(5,5): <class 'vehicle.Stop'>: {stop_type: None, arrival_time: 2, departure_time: 3, passengers_to_board: [], boarding_passengers: [], boarded_passengers: [], passengers_to_alight: [], alighted_passengers: [], location: (5,5), }
  --next_stops:
7: status: VehicleStatus.RELEASE, start_time: 7, assigned_requests: []
  --previous_stops:
  --current_stop:
   --(5,5): <class 'vehicle.Stop'>: {stop_type: None, arrival_time: 7, departure_time: 8, passengers_to_board: [], boarding_passengers: [], boarded_passengers: [], passengers_to_alight: [], alighted_passengers: [], location: (5,5), }
  --next_stops:
Requests:
PassengersStatus.COMPLETE: status: 1, OD: ((5,5),(4.5,8)), release: 1, ready: 2, due: 20, assigned_vehicle: 0
PassengersStatus.ONBOARD: status: 3, OD: ((8,10),(9,3)), release: 3, ready: 5, due: 25, assigned_vehicle: 6
PassengersStatus.ASSIGNED: status: 2, OD: ((7,2),(7,5)), release: 5, ready: 3, due: 30, assigned_vehicle: 7
***************

current_time=5 | event_time=5 | current_event=<vehicle_event_process.VehicleNotification object at 0x0000018B88F1B430>
process_event: Notify Vehicle process is implemented

***************
ENVIRONMENT STATUS
env.current_time=5
OptimizationStatus: OptimizationStatus.IDLE
Vehicles:
0: status: VehicleStatus.COMPLETE, start_time: 1, assigned_requests: [1]
  --previous_stops:
   --(5,5): <class 'vehicle.Stop'>: {stop_type: None, arrival_time: 1, departure_time: 2, passengers_to_board: [], boarding_passengers: [], boarded_passengers: ['1'], passengers_to_alight: [], alighted_passengers: [], location: (5,5), }
  --current_stop:
   --(4.5,8): <class 'python.simulator.vehicle.Stop'>: {stop_type: None, arrival_time: 3, departure_time: 4, passengers_to_board: [], boarding_passengers: [], boarded_passengers: [], passengers_to_alight: [], alighted_passengers: ['1'], location: (4.5,8), }
  --next_stops:
2: status: VehicleStatus.COMPLETE, start_time: 1, assigned_requests: []
  --previous_stops:
  --current_stop:
   --(5,5): <class 'vehicle.Stop'>: {stop_type: None, arrival_time: 1, departure_time: 2, passengers_to_board: [], boarding_passengers: [], boarded_passengers: [], passengers_to_alight: [], alighted_passengers: [], location: (5,5), }
  --next_stops:
6: status: VehicleStatus.ENROUTE, start_time: 4, assigned_requests: [3]
  --previous_stops:
   --(5,5): <class 'vehicle.Stop'>: {stop_type: None, arrival_time: 4, departure_time: 5, passengers_to_board: [], boarding_passengers: [], boarded_passengers: ['3'], passengers_to_alight: [], alighted_passengers: [], location: (5,5), }
  --current_stop:
   --None
  --next_stops:
   --(9,3): <class 'python.simulator.vehicle.Stop'>: {stop_type: None, arrival_time: 6, departure_time: 7, passengers_to_board: [], boarding_passengers: [], boarded_passengers: [], passengers_to_alight: ['3'], alighted_passengers: [], location: (9,3), }
5: status: VehicleStatus.COMPLETE, start_time: 3, assigned_requests: []
  --previous_stops:
  --current_stop:
   --(5,5): <class 'vehicle.Stop'>: {stop_type: None, arrival_time: 3, departure_time: 4, passengers_to_board: [], boarding_passengers: [], boarded_passengers: [], passengers_to_alight: [], alighted_passengers: [], location: (5,5), }
  --next_stops:
1: status: VehicleStatus.COMPLETE, start_time: 3, assigned_requests: []
  --previous_stops:
  --current_stop:
   --(5,5): <class 'vehicle.Stop'>: {stop_type: None, arrival_time: 3, departure_time: 4, passengers_to_board: [], boarding_passengers: [], boarded_passengers: [], passengers_to_alight: [], alighted_passengers: [], location: (5,5), }
  --next_stops:
4: status: VehicleStatus.COMPLETE, start_time: 2, assigned_requests: []
  --previous_stops:
  --current_stop:
   --(5,5): <class 'vehicle.Stop'>: {stop_type: None, arrival_time: 2, departure_time: 3, passengers_to_board: [], boarding_passengers: [], boarded_passengers: [], passengers_to_alight: [], alighted_passengers: [], location: (5,5), }
  --next_stops:
3: status: VehicleStatus.COMPLETE, start_time: 2, assigned_requests: []
  --previous_stops:
  --current_stop:
   --(5,5): <class 'vehicle.Stop'>: {stop_type: None, arrival_time: 2, departure_time: 3, passengers_to_board: [], boarding_passengers: [], boarded_passengers: [], passengers_to_alight: [], alighted_passengers: [], location: (5,5), }
  --next_stops:
7: status: VehicleStatus.RELEASE, start_time: 7, assigned_requests: [2]
  --previous_stops:
  --current_stop:
   --(5,5): <class 'vehicle.Stop'>: {stop_type: None, arrival_time: 7, departure_time: 8, passengers_to_board: ['2'], boarding_passengers: [], boarded_passengers: [], passengers_to_alight: [], alighted_passengers: [], location: (5,5), }
  --next_stops:
   --(7,5): <class 'python.simulator.vehicle.Stop'>: {stop_type: None, arrival_time: 8, departure_time: 9, passengers_to_board: [], boarding_passengers: [], boarded_passengers: [], passengers_to_alight: ['2'], alighted_passengers: [], location: (7,5), }
Requests:
PassengersStatus.COMPLETE: status: 1, OD: ((5,5),(4.5,8)), release: 1, ready: 2, due: 20, assigned_vehicle: 0
PassengersStatus.ONBOARD: status: 3, OD: ((8,10),(9,3)), release: 3, ready: 5, due: 25, assigned_vehicle: 6
PassengersStatus.ASSIGNED: status: 2, OD: ((7,2),(7,5)), release: 5, ready: 3, due: 30, assigned_vehicle: 7
***************

current_time=5 | event_time=5 | current_event=<passenger_event_process.PassengerReady object at 0x0000018B88F1BE80>
process_event: Passenger Ready process is implemented

***************
ENVIRONMENT STATUS
env.current_time=5
OptimizationStatus: OptimizationStatus.IDLE
Vehicles:
0: status: VehicleStatus.COMPLETE, start_time: 1, assigned_requests: [1]
  --previous_stops:
   --(5,5): <class 'vehicle.Stop'>: {stop_type: None, arrival_time: 1, departure_time: 2, passengers_to_board: [], boarding_passengers: [], boarded_passengers: ['1'], passengers_to_alight: [], alighted_passengers: [], location: (5,5), }
  --current_stop:
   --(4.5,8): <class 'python.simulator.vehicle.Stop'>: {stop_type: None, arrival_time: 3, departure_time: 4, passengers_to_board: [], boarding_passengers: [], boarded_passengers: [], passengers_to_alight: [], alighted_passengers: ['1'], location: (4.5,8), }
  --next_stops:
2: status: VehicleStatus.COMPLETE, start_time: 1, assigned_requests: []
  --previous_stops:
  --current_stop:
   --(5,5): <class 'vehicle.Stop'>: {stop_type: None, arrival_time: 1, departure_time: 2, passengers_to_board: [], boarding_passengers: [], boarded_passengers: [], passengers_to_alight: [], alighted_passengers: [], location: (5,5), }
  --next_stops:
6: status: VehicleStatus.ENROUTE, start_time: 4, assigned_requests: [3]
  --previous_stops:
   --(5,5): <class 'vehicle.Stop'>: {stop_type: None, arrival_time: 4, departure_time: 5, passengers_to_board: [], boarding_passengers: [], boarded_passengers: ['3'], passengers_to_alight: [], alighted_passengers: [], location: (5,5), }
  --current_stop:
   --None
  --next_stops:
   --(9,3): <class 'python.simulator.vehicle.Stop'>: {stop_type: None, arrival_time: 6, departure_time: 7, passengers_to_board: [], boarding_passengers: [], boarded_passengers: [], passengers_to_alight: ['3'], alighted_passengers: [], location: (9,3), }
5: status: VehicleStatus.COMPLETE, start_time: 3, assigned_requests: []
  --previous_stops:
  --current_stop:
   --(5,5): <class 'vehicle.Stop'>: {stop_type: None, arrival_time: 3, departure_time: 4, passengers_to_board: [], boarding_passengers: [], boarded_passengers: [], passengers_to_alight: [], alighted_passengers: [], location: (5,5), }
  --next_stops:
1: status: VehicleStatus.COMPLETE, start_time: 3, assigned_requests: []
  --previous_stops:
  --current_stop:
   --(5,5): <class 'vehicle.Stop'>: {stop_type: None, arrival_time: 3, departure_time: 4, passengers_to_board: [], boarding_passengers: [], boarded_passengers: [], passengers_to_alight: [], alighted_passengers: [], location: (5,5), }
  --next_stops:
4: status: VehicleStatus.COMPLETE, start_time: 2, assigned_requests: []
  --previous_stops:
  --current_stop:
   --(5,5): <class 'vehicle.Stop'>: {stop_type: None, arrival_time: 2, departure_time: 3, passengers_to_board: [], boarding_passengers: [], boarded_passengers: [], passengers_to_alight: [], alighted_passengers: [], location: (5,5), }
  --next_stops:
3: status: VehicleStatus.COMPLETE, start_time: 2, assigned_requests: []
  --previous_stops:
  --current_stop:
   --(5,5): <class 'vehicle.Stop'>: {stop_type: None, arrival_time: 2, departure_time: 3, passengers_to_board: [], boarding_passengers: [], boarded_passengers: [], passengers_to_alight: [], alighted_passengers: [], location: (5,5), }
  --next_stops:
7: status: VehicleStatus.RELEASE, start_time: 7, assigned_requests: [2]
  --previous_stops:
  --current_stop:
   --(5,5): <class 'vehicle.Stop'>: {stop_type: None, arrival_time: 7, departure_time: 8, passengers_to_board: ['2'], boarding_passengers: [], boarded_passengers: [], passengers_to_alight: [], alighted_passengers: [], location: (5,5), }
  --next_stops:
   --(7,5): <class 'python.simulator.vehicle.Stop'>: {stop_type: None, arrival_time: 8, departure_time: 9, passengers_to_board: [], boarding_passengers: [], boarded_passengers: [], passengers_to_alight: ['2'], alighted_passengers: [], location: (7,5), }
Requests:
PassengersStatus.COMPLETE: status: 1, OD: ((5,5),(4.5,8)), release: 1, ready: 2, due: 20, assigned_vehicle: 0
PassengersStatus.ONBOARD: status: 3, OD: ((8,10),(9,3)), release: 3, ready: 5, due: 25, assigned_vehicle: 6
PassengersStatus.READY: status: 2, OD: ((7,2),(7,5)), release: 5, ready: 3, due: 30, assigned_vehicle: 7
***************

current_time=6 | event_time=6 | current_event=<python.simulator.vehicle_event_process.VehicleArrival object at 0x0000018B88ECBCA0>
process_event: Vehicle Alighting process is implemented

***************
ENVIRONMENT STATUS
env.current_time=6
OptimizationStatus: OptimizationStatus.IDLE
Vehicles:
0: status: VehicleStatus.COMPLETE, start_time: 1, assigned_requests: [1]
  --previous_stops:
   --(5,5): <class 'vehicle.Stop'>: {stop_type: None, arrival_time: 1, departure_time: 2, passengers_to_board: [], boarding_passengers: [], boarded_passengers: ['1'], passengers_to_alight: [], alighted_passengers: [], location: (5,5), }
  --current_stop:
   --(4.5,8): <class 'python.simulator.vehicle.Stop'>: {stop_type: None, arrival_time: 3, departure_time: 4, passengers_to_board: [], boarding_passengers: [], boarded_passengers: [], passengers_to_alight: [], alighted_passengers: ['1'], location: (4.5,8), }
  --next_stops:
2: status: VehicleStatus.COMPLETE, start_time: 1, assigned_requests: []
  --previous_stops:
  --current_stop:
   --(5,5): <class 'vehicle.Stop'>: {stop_type: None, arrival_time: 1, departure_time: 2, passengers_to_board: [], boarding_passengers: [], boarded_passengers: [], passengers_to_alight: [], alighted_passengers: [], location: (5,5), }
  --next_stops:
6: status: VehicleStatus.ALIGHTING, start_time: 4, assigned_requests: [3]
  --previous_stops:
   --(5,5): <class 'vehicle.Stop'>: {stop_type: None, arrival_time: 4, departure_time: 5, passengers_to_board: [], boarding_passengers: [], boarded_passengers: ['3'], passengers_to_alight: [], alighted_passengers: [], location: (5,5), }
  --current_stop:
   --(9,3): <class 'python.simulator.vehicle.Stop'>: {stop_type: None, arrival_time: 6, departure_time: 7, passengers_to_board: [], boarding_passengers: [], boarded_passengers: [], passengers_to_alight: [], alighted_passengers: ['3'], location: (9,3), }
  --next_stops:
5: status: VehicleStatus.COMPLETE, start_time: 3, assigned_requests: []
  --previous_stops:
  --current_stop:
   --(5,5): <class 'vehicle.Stop'>: {stop_type: None, arrival_time: 3, departure_time: 4, passengers_to_board: [], boarding_passengers: [], boarded_passengers: [], passengers_to_alight: [], alighted_passengers: [], location: (5,5), }
  --next_stops:
1: status: VehicleStatus.COMPLETE, start_time: 3, assigned_requests: []
  --previous_stops:
  --current_stop:
   --(5,5): <class 'vehicle.Stop'>: {stop_type: None, arrival_time: 3, departure_time: 4, passengers_to_board: [], boarding_passengers: [], boarded_passengers: [], passengers_to_alight: [], alighted_passengers: [], location: (5,5), }
  --next_stops:
4: status: VehicleStatus.COMPLETE, start_time: 2, assigned_requests: []
  --previous_stops:
  --current_stop:
   --(5,5): <class 'vehicle.Stop'>: {stop_type: None, arrival_time: 2, departure_time: 3, passengers_to_board: [], boarding_passengers: [], boarded_passengers: [], passengers_to_alight: [], alighted_passengers: [], location: (5,5), }
  --next_stops:
3: status: VehicleStatus.COMPLETE, start_time: 2, assigned_requests: []
  --previous_stops:
  --current_stop:
   --(5,5): <class 'vehicle.Stop'>: {stop_type: None, arrival_time: 2, departure_time: 3, passengers_to_board: [], boarding_passengers: [], boarded_passengers: [], passengers_to_alight: [], alighted_passengers: [], location: (5,5), }
  --next_stops:
7: status: VehicleStatus.RELEASE, start_time: 7, assigned_requests: [2]
  --previous_stops:
  --current_stop:
   --(5,5): <class 'vehicle.Stop'>: {stop_type: None, arrival_time: 7, departure_time: 8, passengers_to_board: ['2'], boarding_passengers: [], boarded_passengers: [], passengers_to_alight: [], alighted_passengers: [], location: (5,5), }
  --next_stops:
   --(7,5): <class 'python.simulator.vehicle.Stop'>: {stop_type: None, arrival_time: 8, departure_time: 9, passengers_to_board: [], boarding_passengers: [], boarded_passengers: [], passengers_to_alight: ['2'], alighted_passengers: [], location: (7,5), }
Requests:
PassengersStatus.COMPLETE: status: 1, OD: ((5,5),(4.5,8)), release: 1, ready: 2, due: 20, assigned_vehicle: 0
PassengersStatus.ONBOARD: status: 3, OD: ((8,10),(9,3)), release: 3, ready: 5, due: 25, assigned_vehicle: 6
PassengersStatus.READY: status: 2, OD: ((7,2),(7,5)), release: 5, ready: 3, due: 30, assigned_vehicle: 7
***************

current_time=6 | event_time=6 | current_event=<python.simulator.passenger_event_process.PassengerAlighting object at 0x0000018B88EFDF40>
process_event: Passenger Alighting process is implemented

***************
ENVIRONMENT STATUS
env.current_time=6
OptimizationStatus: OptimizationStatus.IDLE
Vehicles:
0: status: VehicleStatus.COMPLETE, start_time: 1, assigned_requests: [1]
  --previous_stops:
   --(5,5): <class 'vehicle.Stop'>: {stop_type: None, arrival_time: 1, departure_time: 2, passengers_to_board: [], boarding_passengers: [], boarded_passengers: ['1'], passengers_to_alight: [], alighted_passengers: [], location: (5,5), }
  --current_stop:
   --(4.5,8): <class 'python.simulator.vehicle.Stop'>: {stop_type: None, arrival_time: 3, departure_time: 4, passengers_to_board: [], boarding_passengers: [], boarded_passengers: [], passengers_to_alight: [], alighted_passengers: ['1'], location: (4.5,8), }
  --next_stops:
2: status: VehicleStatus.COMPLETE, start_time: 1, assigned_requests: []
  --previous_stops:
  --current_stop:
   --(5,5): <class 'vehicle.Stop'>: {stop_type: None, arrival_time: 1, departure_time: 2, passengers_to_board: [], boarding_passengers: [], boarded_passengers: [], passengers_to_alight: [], alighted_passengers: [], location: (5,5), }
  --next_stops:
6: status: VehicleStatus.ALIGHTING, start_time: 4, assigned_requests: [3]
  --previous_stops:
   --(5,5): <class 'vehicle.Stop'>: {stop_type: None, arrival_time: 4, departure_time: 5, passengers_to_board: [], boarding_passengers: [], boarded_passengers: ['3'], passengers_to_alight: [], alighted_passengers: [], location: (5,5), }
  --current_stop:
   --(9,3): <class 'python.simulator.vehicle.Stop'>: {stop_type: None, arrival_time: 6, departure_time: 7, passengers_to_board: [], boarding_passengers: [], boarded_passengers: [], passengers_to_alight: [], alighted_passengers: ['3'], location: (9,3), }
  --next_stops:
5: status: VehicleStatus.COMPLETE, start_time: 3, assigned_requests: []
  --previous_stops:
  --current_stop:
   --(5,5): <class 'vehicle.Stop'>: {stop_type: None, arrival_time: 3, departure_time: 4, passengers_to_board: [], boarding_passengers: [], boarded_passengers: [], passengers_to_alight: [], alighted_passengers: [], location: (5,5), }
  --next_stops:
1: status: VehicleStatus.COMPLETE, start_time: 3, assigned_requests: []
  --previous_stops:
  --current_stop:
   --(5,5): <class 'vehicle.Stop'>: {stop_type: None, arrival_time: 3, departure_time: 4, passengers_to_board: [], boarding_passengers: [], boarded_passengers: [], passengers_to_alight: [], alighted_passengers: [], location: (5,5), }
  --next_stops:
4: status: VehicleStatus.COMPLETE, start_time: 2, assigned_requests: []
  --previous_stops:
  --current_stop:
   --(5,5): <class 'vehicle.Stop'>: {stop_type: None, arrival_time: 2, departure_time: 3, passengers_to_board: [], boarding_passengers: [], boarded_passengers: [], passengers_to_alight: [], alighted_passengers: [], location: (5,5), }
  --next_stops:
3: status: VehicleStatus.COMPLETE, start_time: 2, assigned_requests: []
  --previous_stops:
  --current_stop:
   --(5,5): <class 'vehicle.Stop'>: {stop_type: None, arrival_time: 2, departure_time: 3, passengers_to_board: [], boarding_passengers: [], boarded_passengers: [], passengers_to_alight: [], alighted_passengers: [], location: (5,5), }
  --next_stops:
7: status: VehicleStatus.RELEASE, start_time: 7, assigned_requests: [2]
  --previous_stops:
  --current_stop:
   --(5,5): <class 'vehicle.Stop'>: {stop_type: None, arrival_time: 7, departure_time: 8, passengers_to_board: ['2'], boarding_passengers: [], boarded_passengers: [], passengers_to_alight: [], alighted_passengers: [], location: (5,5), }
  --next_stops:
   --(7,5): <class 'python.simulator.vehicle.Stop'>: {stop_type: None, arrival_time: 8, departure_time: 9, passengers_to_board: [], boarding_passengers: [], boarded_passengers: [], passengers_to_alight: ['2'], alighted_passengers: [], location: (7,5), }
Requests:
PassengersStatus.COMPLETE: status: 1, OD: ((5,5),(4.5,8)), release: 1, ready: 2, due: 20, assigned_vehicle: 0
PassengersStatus.COMPLETE: status: 3, OD: ((8,10),(9,3)), release: 3, ready: 5, due: 25, assigned_vehicle: 6
PassengersStatus.READY: status: 2, OD: ((7,2),(7,5)), release: 5, ready: 3, due: 30, assigned_vehicle: 7
***************

current_time=7 | event_time=7 | current_event=<python.simulator.vehicle_event_process.VehicleBoarding object at 0x0000018B88EFDFD0>
process_event: Vehicle Boarding process is implemented

***************
ENVIRONMENT STATUS
env.current_time=7
OptimizationStatus: OptimizationStatus.IDLE
Vehicles:
0: status: VehicleStatus.COMPLETE, start_time: 1, assigned_requests: [1]
  --previous_stops:
   --(5,5): <class 'vehicle.Stop'>: {stop_type: None, arrival_time: 1, departure_time: 2, passengers_to_board: [], boarding_passengers: [], boarded_passengers: ['1'], passengers_to_alight: [], alighted_passengers: [], location: (5,5), }
  --current_stop:
   --(4.5,8): <class 'python.simulator.vehicle.Stop'>: {stop_type: None, arrival_time: 3, departure_time: 4, passengers_to_board: [], boarding_passengers: [], boarded_passengers: [], passengers_to_alight: [], alighted_passengers: ['1'], location: (4.5,8), }
  --next_stops:
2: status: VehicleStatus.COMPLETE, start_time: 1, assigned_requests: []
  --previous_stops:
  --current_stop:
   --(5,5): <class 'vehicle.Stop'>: {stop_type: None, arrival_time: 1, departure_time: 2, passengers_to_board: [], boarding_passengers: [], boarded_passengers: [], passengers_to_alight: [], alighted_passengers: [], location: (5,5), }
  --next_stops:
6: status: VehicleStatus.COMPLETE, start_time: 4, assigned_requests: [3]
  --previous_stops:
   --(5,5): <class 'vehicle.Stop'>: {stop_type: None, arrival_time: 4, departure_time: 5, passengers_to_board: [], boarding_passengers: [], boarded_passengers: ['3'], passengers_to_alight: [], alighted_passengers: [], location: (5,5), }
  --current_stop:
   --(9,3): <class 'python.simulator.vehicle.Stop'>: {stop_type: None, arrival_time: 6, departure_time: 7, passengers_to_board: [], boarding_passengers: [], boarded_passengers: [], passengers_to_alight: [], alighted_passengers: ['3'], location: (9,3), }
  --next_stops:
5: status: VehicleStatus.COMPLETE, start_time: 3, assigned_requests: []
  --previous_stops:
  --current_stop:
   --(5,5): <class 'vehicle.Stop'>: {stop_type: None, arrival_time: 3, departure_time: 4, passengers_to_board: [], boarding_passengers: [], boarded_passengers: [], passengers_to_alight: [], alighted_passengers: [], location: (5,5), }
  --next_stops:
1: status: VehicleStatus.COMPLETE, start_time: 3, assigned_requests: []
  --previous_stops:
  --current_stop:
   --(5,5): <class 'vehicle.Stop'>: {stop_type: None, arrival_time: 3, departure_time: 4, passengers_to_board: [], boarding_passengers: [], boarded_passengers: [], passengers_to_alight: [], alighted_passengers: [], location: (5,5), }
  --next_stops:
4: status: VehicleStatus.COMPLETE, start_time: 2, assigned_requests: []
  --previous_stops:
  --current_stop:
   --(5,5): <class 'vehicle.Stop'>: {stop_type: None, arrival_time: 2, departure_time: 3, passengers_to_board: [], boarding_passengers: [], boarded_passengers: [], passengers_to_alight: [], alighted_passengers: [], location: (5,5), }
  --next_stops:
3: status: VehicleStatus.COMPLETE, start_time: 2, assigned_requests: []
  --previous_stops:
  --current_stop:
   --(5,5): <class 'vehicle.Stop'>: {stop_type: None, arrival_time: 2, departure_time: 3, passengers_to_board: [], boarding_passengers: [], boarded_passengers: [], passengers_to_alight: [], alighted_passengers: [], location: (5,5), }
  --next_stops:
7: status: VehicleStatus.RELEASE, start_time: 7, assigned_requests: [2]
  --previous_stops:
  --current_stop:
   --(5,5): <class 'vehicle.Stop'>: {stop_type: None, arrival_time: 7, departure_time: 8, passengers_to_board: ['2'], boarding_passengers: [], boarded_passengers: [], passengers_to_alight: [], alighted_passengers: [], location: (5,5), }
  --next_stops:
   --(7,5): <class 'python.simulator.vehicle.Stop'>: {stop_type: None, arrival_time: 8, departure_time: 9, passengers_to_board: [], boarding_passengers: [], boarded_passengers: [], passengers_to_alight: ['2'], alighted_passengers: [], location: (7,5), }
Requests:
PassengersStatus.COMPLETE: status: 1, OD: ((5,5),(4.5,8)), release: 1, ready: 2, due: 20, assigned_vehicle: 0
PassengersStatus.COMPLETE: status: 3, OD: ((8,10),(9,3)), release: 3, ready: 5, due: 25, assigned_vehicle: 6
PassengersStatus.READY: status: 2, OD: ((7,2),(7,5)), release: 5, ready: 3, due: 30, assigned_vehicle: 7
***************

current_time=8 | event_time=8 | current_event=<vehicle_event_process.VehicleBoarding object at 0x0000018B88EE4430>
process_event: Vehicle Boarding process is implemented

***************
ENVIRONMENT STATUS
env.current_time=8
OptimizationStatus: OptimizationStatus.IDLE
Vehicles:
0: status: VehicleStatus.COMPLETE, start_time: 1, assigned_requests: [1]
  --previous_stops:
   --(5,5): <class 'vehicle.Stop'>: {stop_type: None, arrival_time: 1, departure_time: 2, passengers_to_board: [], boarding_passengers: [], boarded_passengers: ['1'], passengers_to_alight: [], alighted_passengers: [], location: (5,5), }
  --current_stop:
   --(4.5,8): <class 'python.simulator.vehicle.Stop'>: {stop_type: None, arrival_time: 3, departure_time: 4, passengers_to_board: [], boarding_passengers: [], boarded_passengers: [], passengers_to_alight: [], alighted_passengers: ['1'], location: (4.5,8), }
  --next_stops:
2: status: VehicleStatus.COMPLETE, start_time: 1, assigned_requests: []
  --previous_stops:
  --current_stop:
   --(5,5): <class 'vehicle.Stop'>: {stop_type: None, arrival_time: 1, departure_time: 2, passengers_to_board: [], boarding_passengers: [], boarded_passengers: [], passengers_to_alight: [], alighted_passengers: [], location: (5,5), }
  --next_stops:
6: status: VehicleStatus.COMPLETE, start_time: 4, assigned_requests: [3]
  --previous_stops:
   --(5,5): <class 'vehicle.Stop'>: {stop_type: None, arrival_time: 4, departure_time: 5, passengers_to_board: [], boarding_passengers: [], boarded_passengers: ['3'], passengers_to_alight: [], alighted_passengers: [], location: (5,5), }
  --current_stop:
   --(9,3): <class 'python.simulator.vehicle.Stop'>: {stop_type: None, arrival_time: 6, departure_time: 7, passengers_to_board: [], boarding_passengers: [], boarded_passengers: [], passengers_to_alight: [], alighted_passengers: ['3'], location: (9,3), }
  --next_stops:
5: status: VehicleStatus.COMPLETE, start_time: 3, assigned_requests: []
  --previous_stops:
  --current_stop:
   --(5,5): <class 'vehicle.Stop'>: {stop_type: None, arrival_time: 3, departure_time: 4, passengers_to_board: [], boarding_passengers: [], boarded_passengers: [], passengers_to_alight: [], alighted_passengers: [], location: (5,5), }
  --next_stops:
1: status: VehicleStatus.COMPLETE, start_time: 3, assigned_requests: []
  --previous_stops:
  --current_stop:
   --(5,5): <class 'vehicle.Stop'>: {stop_type: None, arrival_time: 3, departure_time: 4, passengers_to_board: [], boarding_passengers: [], boarded_passengers: [], passengers_to_alight: [], alighted_passengers: [], location: (5,5), }
  --next_stops:
4: status: VehicleStatus.COMPLETE, start_time: 2, assigned_requests: []
  --previous_stops:
  --current_stop:
   --(5,5): <class 'vehicle.Stop'>: {stop_type: None, arrival_time: 2, departure_time: 3, passengers_to_board: [], boarding_passengers: [], boarded_passengers: [], passengers_to_alight: [], alighted_passengers: [], location: (5,5), }
  --next_stops:
3: status: VehicleStatus.COMPLETE, start_time: 2, assigned_requests: []
  --previous_stops:
  --current_stop:
   --(5,5): <class 'vehicle.Stop'>: {stop_type: None, arrival_time: 2, departure_time: 3, passengers_to_board: [], boarding_passengers: [], boarded_passengers: [], passengers_to_alight: [], alighted_passengers: [], location: (5,5), }
  --next_stops:
7: status: VehicleStatus.BOARDING, start_time: 7, assigned_requests: [2]
  --previous_stops:
  --current_stop:
   --(5,5): <class 'vehicle.Stop'>: {stop_type: None, arrival_time: 7, departure_time: 8, passengers_to_board: [], boarding_passengers: ['2'], boarded_passengers: [], passengers_to_alight: [], alighted_passengers: [], location: (5,5), }
  --next_stops:
   --(7,5): <class 'python.simulator.vehicle.Stop'>: {stop_type: None, arrival_time: 8, departure_time: 9, passengers_to_board: [], boarding_passengers: [], boarded_passengers: [], passengers_to_alight: ['2'], alighted_passengers: [], location: (7,5), }
Requests:
PassengersStatus.COMPLETE: status: 1, OD: ((5,5),(4.5,8)), release: 1, ready: 2, due: 20, assigned_vehicle: 0
PassengersStatus.COMPLETE: status: 3, OD: ((8,10),(9,3)), release: 3, ready: 5, due: 25, assigned_vehicle: 6
PassengersStatus.READY: status: 2, OD: ((7,2),(7,5)), release: 5, ready: 3, due: 30, assigned_vehicle: 7
***************

current_time=8 | event_time=8 | current_event=<python.simulator.passenger_event_process.PassengerToBoard object at 0x0000018B88F1B760>
process_event: Passenger To Board process is implemented

***************
ENVIRONMENT STATUS
env.current_time=8
OptimizationStatus: OptimizationStatus.IDLE
Vehicles:
0: status: VehicleStatus.COMPLETE, start_time: 1, assigned_requests: [1]
  --previous_stops:
   --(5,5): <class 'vehicle.Stop'>: {stop_type: None, arrival_time: 1, departure_time: 2, passengers_to_board: [], boarding_passengers: [], boarded_passengers: ['1'], passengers_to_alight: [], alighted_passengers: [], location: (5,5), }
  --current_stop:
   --(4.5,8): <class 'python.simulator.vehicle.Stop'>: {stop_type: None, arrival_time: 3, departure_time: 4, passengers_to_board: [], boarding_passengers: [], boarded_passengers: [], passengers_to_alight: [], alighted_passengers: ['1'], location: (4.5,8), }
  --next_stops:
2: status: VehicleStatus.COMPLETE, start_time: 1, assigned_requests: []
  --previous_stops:
  --current_stop:
   --(5,5): <class 'vehicle.Stop'>: {stop_type: None, arrival_time: 1, departure_time: 2, passengers_to_board: [], boarding_passengers: [], boarded_passengers: [], passengers_to_alight: [], alighted_passengers: [], location: (5,5), }
  --next_stops:
6: status: VehicleStatus.COMPLETE, start_time: 4, assigned_requests: [3]
  --previous_stops:
   --(5,5): <class 'vehicle.Stop'>: {stop_type: None, arrival_time: 4, departure_time: 5, passengers_to_board: [], boarding_passengers: [], boarded_passengers: ['3'], passengers_to_alight: [], alighted_passengers: [], location: (5,5), }
  --current_stop:
   --(9,3): <class 'python.simulator.vehicle.Stop'>: {stop_type: None, arrival_time: 6, departure_time: 7, passengers_to_board: [], boarding_passengers: [], boarded_passengers: [], passengers_to_alight: [], alighted_passengers: ['3'], location: (9,3), }
  --next_stops:
5: status: VehicleStatus.COMPLETE, start_time: 3, assigned_requests: []
  --previous_stops:
  --current_stop:
   --(5,5): <class 'vehicle.Stop'>: {stop_type: None, arrival_time: 3, departure_time: 4, passengers_to_board: [], boarding_passengers: [], boarded_passengers: [], passengers_to_alight: [], alighted_passengers: [], location: (5,5), }
  --next_stops:
1: status: VehicleStatus.COMPLETE, start_time: 3, assigned_requests: []
  --previous_stops:
  --current_stop:
   --(5,5): <class 'vehicle.Stop'>: {stop_type: None, arrival_time: 3, departure_time: 4, passengers_to_board: [], boarding_passengers: [], boarded_passengers: [], passengers_to_alight: [], alighted_passengers: [], location: (5,5), }
  --next_stops:
4: status: VehicleStatus.COMPLETE, start_time: 2, assigned_requests: []
  --previous_stops:
  --current_stop:
   --(5,5): <class 'vehicle.Stop'>: {stop_type: None, arrival_time: 2, departure_time: 3, passengers_to_board: [], boarding_passengers: [], boarded_passengers: [], passengers_to_alight: [], alighted_passengers: [], location: (5,5), }
  --next_stops:
3: status: VehicleStatus.COMPLETE, start_time: 2, assigned_requests: []
  --previous_stops:
  --current_stop:
   --(5,5): <class 'vehicle.Stop'>: {stop_type: None, arrival_time: 2, departure_time: 3, passengers_to_board: [], boarding_passengers: [], boarded_passengers: [], passengers_to_alight: [], alighted_passengers: [], location: (5,5), }
  --next_stops:
7: status: VehicleStatus.BOARDING, start_time: 7, assigned_requests: [2]
  --previous_stops:
  --current_stop:
   --(5,5): <class 'vehicle.Stop'>: {stop_type: None, arrival_time: 7, departure_time: 8, passengers_to_board: [], boarding_passengers: ['2'], boarded_passengers: [], passengers_to_alight: [], alighted_passengers: [], location: (5,5), }
  --next_stops:
   --(7,5): <class 'python.simulator.vehicle.Stop'>: {stop_type: None, arrival_time: 8, departure_time: 9, passengers_to_board: [], boarding_passengers: [], boarded_passengers: [], passengers_to_alight: ['2'], alighted_passengers: [], location: (7,5), }
Requests:
PassengersStatus.COMPLETE: status: 1, OD: ((5,5),(4.5,8)), release: 1, ready: 2, due: 20, assigned_vehicle: 0
PassengersStatus.COMPLETE: status: 3, OD: ((8,10),(9,3)), release: 3, ready: 5, due: 25, assigned_vehicle: 6
PassengersStatus.ONBOARD: status: 2, OD: ((7,2),(7,5)), release: 5, ready: 3, due: 30, assigned_vehicle: 7
***************

current_time=8 | event_time=8 | current_event=<python.simulator.vehicle_event_process.VehicleBoarded object at 0x0000018B88EE4B80>
process_event: Vehicle Boarded process is implemented

***************
ENVIRONMENT STATUS
env.current_time=8
OptimizationStatus: OptimizationStatus.IDLE
Vehicles:
0: status: VehicleStatus.COMPLETE, start_time: 1, assigned_requests: [1]
  --previous_stops:
   --(5,5): <class 'vehicle.Stop'>: {stop_type: None, arrival_time: 1, departure_time: 2, passengers_to_board: [], boarding_passengers: [], boarded_passengers: ['1'], passengers_to_alight: [], alighted_passengers: [], location: (5,5), }
  --current_stop:
   --(4.5,8): <class 'python.simulator.vehicle.Stop'>: {stop_type: None, arrival_time: 3, departure_time: 4, passengers_to_board: [], boarding_passengers: [], boarded_passengers: [], passengers_to_alight: [], alighted_passengers: ['1'], location: (4.5,8), }
  --next_stops:
2: status: VehicleStatus.COMPLETE, start_time: 1, assigned_requests: []
  --previous_stops:
  --current_stop:
   --(5,5): <class 'vehicle.Stop'>: {stop_type: None, arrival_time: 1, departure_time: 2, passengers_to_board: [], boarding_passengers: [], boarded_passengers: [], passengers_to_alight: [], alighted_passengers: [], location: (5,5), }
  --next_stops:
6: status: VehicleStatus.COMPLETE, start_time: 4, assigned_requests: [3]
  --previous_stops:
   --(5,5): <class 'vehicle.Stop'>: {stop_type: None, arrival_time: 4, departure_time: 5, passengers_to_board: [], boarding_passengers: [], boarded_passengers: ['3'], passengers_to_alight: [], alighted_passengers: [], location: (5,5), }
  --current_stop:
   --(9,3): <class 'python.simulator.vehicle.Stop'>: {stop_type: None, arrival_time: 6, departure_time: 7, passengers_to_board: [], boarding_passengers: [], boarded_passengers: [], passengers_to_alight: [], alighted_passengers: ['3'], location: (9,3), }
  --next_stops:
5: status: VehicleStatus.COMPLETE, start_time: 3, assigned_requests: []
  --previous_stops:
  --current_stop:
   --(5,5): <class 'vehicle.Stop'>: {stop_type: None, arrival_time: 3, departure_time: 4, passengers_to_board: [], boarding_passengers: [], boarded_passengers: [], passengers_to_alight: [], alighted_passengers: [], location: (5,5), }
  --next_stops:
1: status: VehicleStatus.COMPLETE, start_time: 3, assigned_requests: []
  --previous_stops:
  --current_stop:
   --(5,5): <class 'vehicle.Stop'>: {stop_type: None, arrival_time: 3, departure_time: 4, passengers_to_board: [], boarding_passengers: [], boarded_passengers: [], passengers_to_alight: [], alighted_passengers: [], location: (5,5), }
  --next_stops:
4: status: VehicleStatus.COMPLETE, start_time: 2, assigned_requests: []
  --previous_stops:
  --current_stop:
   --(5,5): <class 'vehicle.Stop'>: {stop_type: None, arrival_time: 2, departure_time: 3, passengers_to_board: [], boarding_passengers: [], boarded_passengers: [], passengers_to_alight: [], alighted_passengers: [], location: (5,5), }
  --next_stops:
3: status: VehicleStatus.COMPLETE, start_time: 2, assigned_requests: []
  --previous_stops:
  --current_stop:
   --(5,5): <class 'vehicle.Stop'>: {stop_type: None, arrival_time: 2, departure_time: 3, passengers_to_board: [], boarding_passengers: [], boarded_passengers: [], passengers_to_alight: [], alighted_passengers: [], location: (5,5), }
  --next_stops:
7: status: VehicleStatus.BOARDING, start_time: 7, assigned_requests: [2]
  --previous_stops:
  --current_stop:
   --(5,5): <class 'vehicle.Stop'>: {stop_type: None, arrival_time: 7, departure_time: 8, passengers_to_board: [], boarding_passengers: [], boarded_passengers: ['2'], passengers_to_alight: [], alighted_passengers: [], location: (5,5), }
  --next_stops:
   --(7,5): <class 'python.simulator.vehicle.Stop'>: {stop_type: None, arrival_time: 8, departure_time: 9, passengers_to_board: [], boarding_passengers: [], boarded_passengers: [], passengers_to_alight: ['2'], alighted_passengers: [], location: (7,5), }
Requests:
PassengersStatus.COMPLETE: status: 1, OD: ((5,5),(4.5,8)), release: 1, ready: 2, due: 20, assigned_vehicle: 0
PassengersStatus.COMPLETE: status: 3, OD: ((8,10),(9,3)), release: 3, ready: 5, due: 25, assigned_vehicle: 6
PassengersStatus.ONBOARD: status: 2, OD: ((7,2),(7,5)), release: 5, ready: 3, due: 30, assigned_vehicle: 7
***************

current_time=8 | event_time=8 | current_event=<python.simulator.vehicle_event_process.VehicleDeparture object at 0x0000018B88F1B730>
process_event: Vehicle Departure process is implemented

***************
ENVIRONMENT STATUS
env.current_time=8
OptimizationStatus: OptimizationStatus.IDLE
Vehicles:
0: status: VehicleStatus.COMPLETE, start_time: 1, assigned_requests: [1]
  --previous_stops:
   --(5,5): <class 'vehicle.Stop'>: {stop_type: None, arrival_time: 1, departure_time: 2, passengers_to_board: [], boarding_passengers: [], boarded_passengers: ['1'], passengers_to_alight: [], alighted_passengers: [], location: (5,5), }
  --current_stop:
   --(4.5,8): <class 'python.simulator.vehicle.Stop'>: {stop_type: None, arrival_time: 3, departure_time: 4, passengers_to_board: [], boarding_passengers: [], boarded_passengers: [], passengers_to_alight: [], alighted_passengers: ['1'], location: (4.5,8), }
  --next_stops:
2: status: VehicleStatus.COMPLETE, start_time: 1, assigned_requests: []
  --previous_stops:
  --current_stop:
   --(5,5): <class 'vehicle.Stop'>: {stop_type: None, arrival_time: 1, departure_time: 2, passengers_to_board: [], boarding_passengers: [], boarded_passengers: [], passengers_to_alight: [], alighted_passengers: [], location: (5,5), }
  --next_stops:
6: status: VehicleStatus.COMPLETE, start_time: 4, assigned_requests: [3]
  --previous_stops:
   --(5,5): <class 'vehicle.Stop'>: {stop_type: None, arrival_time: 4, departure_time: 5, passengers_to_board: [], boarding_passengers: [], boarded_passengers: ['3'], passengers_to_alight: [], alighted_passengers: [], location: (5,5), }
  --current_stop:
   --(9,3): <class 'python.simulator.vehicle.Stop'>: {stop_type: None, arrival_time: 6, departure_time: 7, passengers_to_board: [], boarding_passengers: [], boarded_passengers: [], passengers_to_alight: [], alighted_passengers: ['3'], location: (9,3), }
  --next_stops:
5: status: VehicleStatus.COMPLETE, start_time: 3, assigned_requests: []
  --previous_stops:
  --current_stop:
   --(5,5): <class 'vehicle.Stop'>: {stop_type: None, arrival_time: 3, departure_time: 4, passengers_to_board: [], boarding_passengers: [], boarded_passengers: [], passengers_to_alight: [], alighted_passengers: [], location: (5,5), }
  --next_stops:
1: status: VehicleStatus.COMPLETE, start_time: 3, assigned_requests: []
  --previous_stops:
  --current_stop:
   --(5,5): <class 'vehicle.Stop'>: {stop_type: None, arrival_time: 3, departure_time: 4, passengers_to_board: [], boarding_passengers: [], boarded_passengers: [], passengers_to_alight: [], alighted_passengers: [], location: (5,5), }
  --next_stops:
4: status: VehicleStatus.COMPLETE, start_time: 2, assigned_requests: []
  --previous_stops:
  --current_stop:
   --(5,5): <class 'vehicle.Stop'>: {stop_type: None, arrival_time: 2, departure_time: 3, passengers_to_board: [], boarding_passengers: [], boarded_passengers: [], passengers_to_alight: [], alighted_passengers: [], location: (5,5), }
  --next_stops:
3: status: VehicleStatus.COMPLETE, start_time: 2, assigned_requests: []
  --previous_stops:
  --current_stop:
   --(5,5): <class 'vehicle.Stop'>: {stop_type: None, arrival_time: 2, departure_time: 3, passengers_to_board: [], boarding_passengers: [], boarded_passengers: [], passengers_to_alight: [], alighted_passengers: [], location: (5,5), }
  --next_stops:
7: status: VehicleStatus.ENROUTE, start_time: 7, assigned_requests: [2]
  --previous_stops:
   --(5,5): <class 'vehicle.Stop'>: {stop_type: None, arrival_time: 7, departure_time: 8, passengers_to_board: [], boarding_passengers: [], boarded_passengers: ['2'], passengers_to_alight: [], alighted_passengers: [], location: (5,5), }
  --current_stop:
   --None
  --next_stops:
   --(7,5): <class 'python.simulator.vehicle.Stop'>: {stop_type: None, arrival_time: 8, departure_time: 9, passengers_to_board: [], boarding_passengers: [], boarded_passengers: [], passengers_to_alight: ['2'], alighted_passengers: [], location: (7,5), }
Requests:
PassengersStatus.COMPLETE: status: 1, OD: ((5,5),(4.5,8)), release: 1, ready: 2, due: 20, assigned_vehicle: 0
PassengersStatus.COMPLETE: status: 3, OD: ((8,10),(9,3)), release: 3, ready: 5, due: 25, assigned_vehicle: 6
PassengersStatus.ONBOARD: status: 2, OD: ((7,2),(7,5)), release: 5, ready: 3, due: 30, assigned_vehicle: 7
***************

current_time=8 | event_time=8 | current_event=<python.simulator.vehicle_event_process.VehicleArrival object at 0x0000018B88F09130>
process_event: Vehicle Alighting process is implemented

***************
ENVIRONMENT STATUS
env.current_time=8
OptimizationStatus: OptimizationStatus.IDLE
Vehicles:
0: status: VehicleStatus.COMPLETE, start_time: 1, assigned_requests: [1]
  --previous_stops:
   --(5,5): <class 'vehicle.Stop'>: {stop_type: None, arrival_time: 1, departure_time: 2, passengers_to_board: [], boarding_passengers: [], boarded_passengers: ['1'], passengers_to_alight: [], alighted_passengers: [], location: (5,5), }
  --current_stop:
   --(4.5,8): <class 'python.simulator.vehicle.Stop'>: {stop_type: None, arrival_time: 3, departure_time: 4, passengers_to_board: [], boarding_passengers: [], boarded_passengers: [], passengers_to_alight: [], alighted_passengers: ['1'], location: (4.5,8), }
  --next_stops:
2: status: VehicleStatus.COMPLETE, start_time: 1, assigned_requests: []
  --previous_stops:
  --current_stop:
   --(5,5): <class 'vehicle.Stop'>: {stop_type: None, arrival_time: 1, departure_time: 2, passengers_to_board: [], boarding_passengers: [], boarded_passengers: [], passengers_to_alight: [], alighted_passengers: [], location: (5,5), }
  --next_stops:
6: status: VehicleStatus.COMPLETE, start_time: 4, assigned_requests: [3]
  --previous_stops:
   --(5,5): <class 'vehicle.Stop'>: {stop_type: None, arrival_time: 4, departure_time: 5, passengers_to_board: [], boarding_passengers: [], boarded_passengers: ['3'], passengers_to_alight: [], alighted_passengers: [], location: (5,5), }
  --current_stop:
   --(9,3): <class 'python.simulator.vehicle.Stop'>: {stop_type: None, arrival_time: 6, departure_time: 7, passengers_to_board: [], boarding_passengers: [], boarded_passengers: [], passengers_to_alight: [], alighted_passengers: ['3'], location: (9,3), }
  --next_stops:
5: status: VehicleStatus.COMPLETE, start_time: 3, assigned_requests: []
  --previous_stops:
  --current_stop:
   --(5,5): <class 'vehicle.Stop'>: {stop_type: None, arrival_time: 3, departure_time: 4, passengers_to_board: [], boarding_passengers: [], boarded_passengers: [], passengers_to_alight: [], alighted_passengers: [], location: (5,5), }
  --next_stops:
1: status: VehicleStatus.COMPLETE, start_time: 3, assigned_requests: []
  --previous_stops:
  --current_stop:
   --(5,5): <class 'vehicle.Stop'>: {stop_type: None, arrival_time: 3, departure_time: 4, passengers_to_board: [], boarding_passengers: [], boarded_passengers: [], passengers_to_alight: [], alighted_passengers: [], location: (5,5), }
  --next_stops:
4: status: VehicleStatus.COMPLETE, start_time: 2, assigned_requests: []
  --previous_stops:
  --current_stop:
   --(5,5): <class 'vehicle.Stop'>: {stop_type: None, arrival_time: 2, departure_time: 3, passengers_to_board: [], boarding_passengers: [], boarded_passengers: [], passengers_to_alight: [], alighted_passengers: [], location: (5,5), }
  --next_stops:
3: status: VehicleStatus.COMPLETE, start_time: 2, assigned_requests: []
  --previous_stops:
  --current_stop:
   --(5,5): <class 'vehicle.Stop'>: {stop_type: None, arrival_time: 2, departure_time: 3, passengers_to_board: [], boarding_passengers: [], boarded_passengers: [], passengers_to_alight: [], alighted_passengers: [], location: (5,5), }
  --next_stops:
7: status: VehicleStatus.ALIGHTING, start_time: 7, assigned_requests: [2]
  --previous_stops:
   --(5,5): <class 'vehicle.Stop'>: {stop_type: None, arrival_time: 7, departure_time: 8, passengers_to_board: [], boarding_passengers: [], boarded_passengers: ['2'], passengers_to_alight: [], alighted_passengers: [], location: (5,5), }
  --current_stop:
   --(7,5): <class 'python.simulator.vehicle.Stop'>: {stop_type: None, arrival_time: 8, departure_time: 9, passengers_to_board: [], boarding_passengers: [], boarded_passengers: [], passengers_to_alight: [], alighted_passengers: ['2'], location: (7,5), }
  --next_stops:
Requests:
PassengersStatus.COMPLETE: status: 1, OD: ((5,5),(4.5,8)), release: 1, ready: 2, due: 20, assigned_vehicle: 0
PassengersStatus.COMPLETE: status: 3, OD: ((8,10),(9,3)), release: 3, ready: 5, due: 25, assigned_vehicle: 6
PassengersStatus.ONBOARD: status: 2, OD: ((7,2),(7,5)), release: 5, ready: 3, due: 30, assigned_vehicle: 7
***************

current_time=8 | event_time=8 | current_event=<python.simulator.passenger_event_process.PassengerAlighting object at 0x0000018B88F1BA60>
process_event: Passenger Alighting process is implemented

***************
ENVIRONMENT STATUS
env.current_time=8
OptimizationStatus: OptimizationStatus.IDLE
Vehicles:
0: status: VehicleStatus.COMPLETE, start_time: 1, assigned_requests: [1]
  --previous_stops:
   --(5,5): <class 'vehicle.Stop'>: {stop_type: None, arrival_time: 1, departure_time: 2, passengers_to_board: [], boarding_passengers: [], boarded_passengers: ['1'], passengers_to_alight: [], alighted_passengers: [], location: (5,5), }
  --current_stop:
   --(4.5,8): <class 'python.simulator.vehicle.Stop'>: {stop_type: None, arrival_time: 3, departure_time: 4, passengers_to_board: [], boarding_passengers: [], boarded_passengers: [], passengers_to_alight: [], alighted_passengers: ['1'], location: (4.5,8), }
  --next_stops:
2: status: VehicleStatus.COMPLETE, start_time: 1, assigned_requests: []
  --previous_stops:
  --current_stop:
   --(5,5): <class 'vehicle.Stop'>: {stop_type: None, arrival_time: 1, departure_time: 2, passengers_to_board: [], boarding_passengers: [], boarded_passengers: [], passengers_to_alight: [], alighted_passengers: [], location: (5,5), }
  --next_stops:
6: status: VehicleStatus.COMPLETE, start_time: 4, assigned_requests: [3]
  --previous_stops:
   --(5,5): <class 'vehicle.Stop'>: {stop_type: None, arrival_time: 4, departure_time: 5, passengers_to_board: [], boarding_passengers: [], boarded_passengers: ['3'], passengers_to_alight: [], alighted_passengers: [], location: (5,5), }
  --current_stop:
   --(9,3): <class 'python.simulator.vehicle.Stop'>: {stop_type: None, arrival_time: 6, departure_time: 7, passengers_to_board: [], boarding_passengers: [], boarded_passengers: [], passengers_to_alight: [], alighted_passengers: ['3'], location: (9,3), }
  --next_stops:
5: status: VehicleStatus.COMPLETE, start_time: 3, assigned_requests: []
  --previous_stops:
  --current_stop:
   --(5,5): <class 'vehicle.Stop'>: {stop_type: None, arrival_time: 3, departure_time: 4, passengers_to_board: [], boarding_passengers: [], boarded_passengers: [], passengers_to_alight: [], alighted_passengers: [], location: (5,5), }
  --next_stops:
1: status: VehicleStatus.COMPLETE, start_time: 3, assigned_requests: []
  --previous_stops:
  --current_stop:
   --(5,5): <class 'vehicle.Stop'>: {stop_type: None, arrival_time: 3, departure_time: 4, passengers_to_board: [], boarding_passengers: [], boarded_passengers: [], passengers_to_alight: [], alighted_passengers: [], location: (5,5), }
  --next_stops:
4: status: VehicleStatus.COMPLETE, start_time: 2, assigned_requests: []
  --previous_stops:
  --current_stop:
   --(5,5): <class 'vehicle.Stop'>: {stop_type: None, arrival_time: 2, departure_time: 3, passengers_to_board: [], boarding_passengers: [], boarded_passengers: [], passengers_to_alight: [], alighted_passengers: [], location: (5,5), }
  --next_stops:
3: status: VehicleStatus.COMPLETE, start_time: 2, assigned_requests: []
  --previous_stops:
  --current_stop:
   --(5,5): <class 'vehicle.Stop'>: {stop_type: None, arrival_time: 2, departure_time: 3, passengers_to_board: [], boarding_passengers: [], boarded_passengers: [], passengers_to_alight: [], alighted_passengers: [], location: (5,5), }
  --next_stops:
7: status: VehicleStatus.ALIGHTING, start_time: 7, assigned_requests: [2]
  --previous_stops:
   --(5,5): <class 'vehicle.Stop'>: {stop_type: None, arrival_time: 7, departure_time: 8, passengers_to_board: [], boarding_passengers: [], boarded_passengers: ['2'], passengers_to_alight: [], alighted_passengers: [], location: (5,5), }
  --current_stop:
   --(7,5): <class 'python.simulator.vehicle.Stop'>: {stop_type: None, arrival_time: 8, departure_time: 9, passengers_to_board: [], boarding_passengers: [], boarded_passengers: [], passengers_to_alight: [], alighted_passengers: ['2'], location: (7,5), }
  --next_stops:
Requests:
PassengersStatus.COMPLETE: status: 1, OD: ((5,5),(4.5,8)), release: 1, ready: 2, due: 20, assigned_vehicle: 0
PassengersStatus.COMPLETE: status: 3, OD: ((8,10),(9,3)), release: 3, ready: 5, due: 25, assigned_vehicle: 6
PassengersStatus.COMPLETE: status: 2, OD: ((7,2),(7,5)), release: 5, ready: 3, due: 30, assigned_vehicle: 7
***************

current_time=9 | event_time=9 | current_event=<python.simulator.vehicle_event_process.VehicleBoarding object at 0x0000018B88F1B7F0>
process_event: Vehicle Boarding process is implemented

***************
END OF SIMULATION
***************

***************
ENVIRONMENT STATUS
env.current_time=9
OptimizationStatus: OptimizationStatus.IDLE
Vehicles:
0: status: VehicleStatus.COMPLETE, start_time: 1, assigned_requests: [1]
  --previous_stops:
   --(5,5): <class 'vehicle.Stop'>: {stop_type: None, arrival_time: 1, departure_time: 2, passengers_to_board: [], boarding_passengers: [], boarded_passengers: ['1'], passengers_to_alight: [], alighted_passengers: [], location: (5,5), }
  --current_stop:
   --(4.5,8): <class 'python.simulator.vehicle.Stop'>: {stop_type: None, arrival_time: 3, departure_time: 4, passengers_to_board: [], boarding_passengers: [], boarded_passengers: [], passengers_to_alight: [], alighted_passengers: ['1'], location: (4.5,8), }
  --next_stops:
2: status: VehicleStatus.COMPLETE, start_time: 1, assigned_requests: []
  --previous_stops:
  --current_stop:
   --(5,5): <class 'vehicle.Stop'>: {stop_type: None, arrival_time: 1, departure_time: 2, passengers_to_board: [], boarding_passengers: [], boarded_passengers: [], passengers_to_alight: [], alighted_passengers: [], location: (5,5), }
  --next_stops:
6: status: VehicleStatus.COMPLETE, start_time: 4, assigned_requests: [3]
  --previous_stops:
   --(5,5): <class 'vehicle.Stop'>: {stop_type: None, arrival_time: 4, departure_time: 5, passengers_to_board: [], boarding_passengers: [], boarded_passengers: ['3'], passengers_to_alight: [], alighted_passengers: [], location: (5,5), }
  --current_stop:
   --(9,3): <class 'python.simulator.vehicle.Stop'>: {stop_type: None, arrival_time: 6, departure_time: 7, passengers_to_board: [], boarding_passengers: [], boarded_passengers: [], passengers_to_alight: [], alighted_passengers: ['3'], location: (9,3), }
  --next_stops:
5: status: VehicleStatus.COMPLETE, start_time: 3, assigned_requests: []
  --previous_stops:
  --current_stop:
   --(5,5): <class 'vehicle.Stop'>: {stop_type: None, arrival_time: 3, departure_time: 4, passengers_to_board: [], boarding_passengers: [], boarded_passengers: [], passengers_to_alight: [], alighted_passengers: [], location: (5,5), }
  --next_stops:
1: status: VehicleStatus.COMPLETE, start_time: 3, assigned_requests: []
  --previous_stops:
  --current_stop:
   --(5,5): <class 'vehicle.Stop'>: {stop_type: None, arrival_time: 3, departure_time: 4, passengers_to_board: [], boarding_passengers: [], boarded_passengers: [], passengers_to_alight: [], alighted_passengers: [], location: (5,5), }
  --next_stops:
4: status: VehicleStatus.COMPLETE, start_time: 2, assigned_requests: []
  --previous_stops:
  --current_stop:
   --(5,5): <class 'vehicle.Stop'>: {stop_type: None, arrival_time: 2, departure_time: 3, passengers_to_board: [], boarding_passengers: [], boarded_passengers: [], passengers_to_alight: [], alighted_passengers: [], location: (5,5), }
  --next_stops:
3: status: VehicleStatus.COMPLETE, start_time: 2, assigned_requests: []
  --previous_stops:
  --current_stop:
   --(5,5): <class 'vehicle.Stop'>: {stop_type: None, arrival_time: 2, departure_time: 3, passengers_to_board: [], boarding_passengers: [], boarded_passengers: [], passengers_to_alight: [], alighted_passengers: [], location: (5,5), }
  --next_stops:
7: status: VehicleStatus.COMPLETE, start_time: 7, assigned_requests: [2]
  --previous_stops:
   --(5,5): <class 'vehicle.Stop'>: {stop_type: None, arrival_time: 7, departure_time: 8, passengers_to_board: [], boarding_passengers: [], boarded_passengers: ['2'], passengers_to_alight: [], alighted_passengers: [], location: (5,5), }
  --current_stop:
   --(7,5): <class 'python.simulator.vehicle.Stop'>: {stop_type: None, arrival_time: 8, departure_time: 9, passengers_to_board: [], boarding_passengers: [], boarded_passengers: [], passengers_to_alight: [], alighted_passengers: ['2'], location: (7,5), }
  --next_stops:
Requests:
PassengersStatus.COMPLETE: status: 1, OD: ((5,5),(4.5,8)), release: 1, ready: 2, due: 20, assigned_vehicle: 0
PassengersStatus.COMPLETE: status: 3, OD: ((8,10),(9,3)), release: 3, ready: 5, due: 25, assigned_vehicle: 6
PassengersStatus.COMPLETE: status: 2, OD: ((7,2),(7,5)), release: 5, ready: 3, due: 30, assigned_vehicle: 7
***************

